********
IMPORTANT: Large deviations between Connector times on different PETs
are typically indicators of load imbalance in the system. The following
Connectors in this profile may indicate a load imbalance:
	 - [MED-TO-OCN] RunPhase1
	 - [MED-TO-ICE] RunPhase1
	 - [ATM-TO-WAV] RunPhase1
	 - [ATM-TO-MED] RunPhase1
********

Region                                                                     PETs   Count    Mean (s)    Min (s)     Min PET Max (s)     Max PET
  [NEMS Grid Comp] Run 1                                                   560    1        833.3037    722.6288    529     902.7351    227    
    [EARTH grid component] RunPhase1                                       560    1        833.3037    722.6287    529     902.7351    227    
      [ATM] RunPhase1                                                      312    96       666.6770    625.6573    0       788.2867    289    
        [fv3_fcst] Run 1                                                   288    96       627.6084    577.1130    32      665.2076    162    
        [fv3_fcst] Run 2                                                   288    96       25.5310     6.6304      162     57.5434     266    
        [wrtComp_01] Run 1                                                 24     2        81.3398     79.1130     305     82.6921     289    
      [MED-TO-OCN] RunPhase1                                               408    12       135.3538    0.0146      287     460.2544    416    
      [OCN] RunPhase1                                                      120    12       316.6006    316.3140    320     318.4362    312    
      [MED] med_phases_restart_write                                       288    12       121.9173    121.5062    22      123.2804    248    
        MED:(med_phases_restart_write)                                     288    12       121.9163    121.5052    22      123.2793    250    
      [WAV] RunPhase1                                                      80     96       416.2880    406.4701    512     431.6999    487    
      [MED-TO-ICE] RunPhase1                                               336    96       71.1622     0.0370      287     514.0919    453    
      [ATM-TO-WAV] RunPhase1                                               392    96       53.8300     0.0030      291     263.7507    549    
      [ICE] RunPhase1                                                      48     96       260.2961    243.9342    453     276.9884    464    
      [WAV-TO-ATM] RunPhase1                                               392    96       30.3914     0.0031      293     41.3684     283    
      [ICE-TO-MED] RunPhase1                                               336    96       33.2562     0.1761      437     42.4856     226    
      [OCN-TO-MED] RunPhase1                                               408    12       15.5742     0.0156      318     22.7659     4      
      [ATM-TO-MED] RunPhase1                                               312    96       14.8101     0.0067      289     46.9272     30     
      [ICE-TO-WAV] RunPhase1                                               128    96       15.4990     0.0203      479     34.6132     512    
      [OCN-TO-WAV] RunPhase1                                               200    12       7.0841      0.0023      408     17.7195     536    
      [MED] med_phases_post_ice                                            288    96       4.2835      0.5145      204     5.9155      6      
        MED:(med_phases_post_ice)                                          288    96       4.2716      0.5021      204     5.9029      6      
          MED: (med_fraction_set)                                          288    96       3.8662      0.1064      204     5.5312      6      
            MED: (med_fraction_set) fbfrac(compocn)                        288    96       2.4387      0.0423      58      5.3757      36     
            MED: (med_fraction_set) fbfrac(compatm)                        288    96       1.4241      0.0273      239     3.5846      1      
          MED: (module_MED_map:med_map_field_packed)                       288    96       0.2520      0.1983      46      0.3263      265    
            MED: (module_MED_map:med_map_field_packed) map                 288    96       0.2214      0.1693      46      0.2940      265    
            MED: (module_MED_map:med_map_field_packed) copy from src       288    96       0.0191      0.0124      281     0.0263      196    
            MED: (module_MED_map:med_map_field_packed) copy to dest        288    96       0.0073      0.0046      286     0.0109      3      
          MED:(med_phases_post_ice) map_ice2ocn                            288    96       0.1527      0.0995      121     0.2378      59     
            MED: (module_MED_map:med_map_field_packed)                     288    96       0.1525      0.0993      121     0.2376      59     
              MED: (module_MED_map:med_map_field_packed) map               288    96       0.1162      0.0644      121     0.2079      59     
              MED: (module_MED_map:med_map_field_packed) copy from src     288    96       0.0213      0.0123      287     0.0294      195    
              MED: (module_MED_map:med_map_field_packed) copy to dest      288    96       0.0116      0.0079      280     0.0155      92     
      [WAV-TO-OCN] RunPhase1                                               200    12       1.5525      0.0027      532     2.6216      329    
      [MED] med_phases_prep_atm                                            288    96       0.4839      0.3900      225     0.5664      277    
        MED:(med_phases_prep_atm)                                          288    96       0.4727      0.3797      225     0.5561      277    
          MED: (module_MED_map:med_map_field_packed)                       288    192      0.4518      0.3665      225     0.5427      280    
            MED: (module_MED_map:med_map_field_packed) map                 288    192      0.4205      0.3333      225     0.5193      280    
            MED: (module_MED_map:med_map_field_packed) copy from src       288    192      0.0199      0.0129      285     0.0309      172    
            MED: (module_MED_map:med_map_field_packed) copy to dest        288    192      0.0069      0.0046      287     0.0104      3      
          MED: (module_med_merge_mod: med_merge_auto)                      288    96       0.0169      0.0085      287     0.0486      161    
      [MED] med_phases_post_atm                                            288    96       0.3671      0.2599      6       0.4412      240    
        MED:(med_phases_post_atm)                                          288    96       0.3528      0.2454      6       0.4281      240    
          MED:(med_phases_post_atm) map_atm2ocn                            288    96       0.2167      0.1515      4       0.2819      122    
            MED: (module_MED_map:med_map_field_packed)                     288    96       0.2163      0.1509      4       0.2812      122    
              MED: (module_MED_map:med_map_field_packed) map               288    96       0.1825      0.1059      4       0.2477      122    
              MED: (module_MED_map:med_map_field_packed) copy to dest      288    96       0.0154      0.0103      284     0.0202      190    
              MED: (module_MED_map:med_map_field_packed) copy from src     288    96       0.0150      0.0111      286     0.0279      0      
          MED:(med_phases_post_atm) map_atm2ice                            288    96       0.1355      0.0610      284     0.2416      241    
            MED: (module_MED_map:med_map_field_packed)                     288    96       0.1353      0.0609      284     0.2414      241    
              MED: (module_MED_map:med_map_field_packed) map               288    96       0.0981      0.0278      132     0.2111      241    
              MED: (module_MED_map:med_map_field_packed) copy from src     288    96       0.0192      0.0107      287     0.0350      2      
              MED: (module_MED_map:med_map_field_packed) copy to dest      288    96       0.0144      0.0109      280     0.0207      164    
      [MED] med_phases_post_ocn                                            288    12       0.3169      0.0141      285     1.7964      204    
        MED:(med_phases_post_ocn)                                          288    12       0.3156      0.0130      285     1.7950      204    
          MED:(med_phases_post_ocn) map_ocn2ice                            288    12       0.3155      0.0130      285     1.7950      204    
            MED: (module_MED_map:med_map_field_packed)                     288    12       0.3155      0.0129      285     1.7949      204    
              MED: (module_MED_map:med_map_field_packed) map               288    12       0.3119      0.0103      284     1.7908      204    
              MED: (module_MED_map:med_map_field_packed) copy from src     288    12       0.0021      0.0013      285     0.0029      260    
              MED: (module_MED_map:med_map_field_packed) copy to dest      288    12       0.0012      0.0009      285     0.0016      216    
      [MED-TO-ATM] RunPhase1                                               312    96       0.1641      0.0049      309     0.2465      221    
      [MED] med_phases_prep_ocn_accum                                      288    96       0.1385      0.1254      286     0.1578      12     
        MED:(med_phases_prep_ocn_accum)                                    288    96       0.1291      0.1173      286     0.1474      12     
          MED:(med_phases_prep_ocn_custom_nems)                            288    96       0.0538      0.0499      286     0.0632      12     
          MED: (module_med_merge_mod: med_merge_auto)                      288    96       0.0199      0.0149      286     0.0250      12     
      [MED] med_phases_prep_ice                                            288    96       0.0546      0.0379      285     0.0642      192    
        MED:(med_phases_prep_ice)                                          288    96       0.0448      0.0299      285     0.0537      192    
          MED: (module_med_merge_mod: med_merge_auto)                      288    96       0.0445      0.0297      285     0.0533      192    
      [MED] med_phases_prep_ocn_avg                                        288    12       0.0175      0.0137      126     0.0393      192    
        MED:(med_phases_prep_ocn_avg)                                      288    12       0.0140      0.0126      260     0.0212      192    
      [MED-TO-EARTH grid component] RunPhase1                              560    1        0.0001      0.0000      300     0.0004      227    
      [EARTH grid component-TO-MED] RunPhase1                              560    1        0.0000      0.0000      439     0.0004      283    
      [ATM-TO-EARTH grid component] RunPhase1                              560    1        0.0000      0.0000      437     0.0003      225    
      [OCN-TO-EARTH grid component] RunPhase1                              560    1        0.0000      0.0000      433     0.0003      174    
      [EARTH grid component-TO-ATM] RunPhase1                              560    1        0.0000      0.0000      437     0.0001      291    
      [EARTH grid component-TO-OCN] RunPhase1                              560    1        0.0000      0.0000      439     0.0001      247    
      [EARTH grid component-TO-ICE] RunPhase1                              560    1        0.0000      0.0000      54      0.0001      251    
      [ICE-TO-EARTH grid component] RunPhase1                              560    1        0.0000      0.0000      433     0.0003      236    
      [EARTH grid component-TO-WAV] RunPhase1                              560    1        0.0000      0.0000      114     0.0001      281    
      [WAV-TO-EARTH grid component] RunPhase1                              560    1        0.0000      0.0000      508     0.0000      10     
  [NEMS Grid Comp] Init 1                                                  560    1        494.6695    494.6596    425     494.6707    176    
    [EARTH grid component] Init 1                                          560    1        493.5379    493.4776    241     493.5888    20     
      [ATM-TO-EARTH grid component] IPDv05p1                               560    1        306.2526    306.1413    88      306.5613    528    
      [ATM] IPDv01p1                                                       312    1        48.9930     48.6287     292     49.4471     41     
        [fv3_fcst] Init 1                                                  288    1        40.0692     40.0657     262     40.0741     81     
        [wrtComp_01] Init 1                                                24     1        0.1258      0.1257      311     0.1259      293    
      [OCN] IPDv03p1                                                       120    1        61.7819     61.6003     312     61.8305     361    
      [EARTH grid component-TO-MED] IPDv05p6b                              560    1        4.6666      0.0009      366     11.2627     478    
      [MED] IPDv03p7                                                       288    2        7.9481      7.9307      8       7.9935      198    
        MED: (module_med_map: RouteHandles_init)                           288    1        5.4664      5.3684      172     5.5166      280    
        MED: (med_fraction_init)                                           288    1        1.9760      1.9605      194     2.0465      0      
          MED: (module_MED_map:med_map_routehandles_initfrom_fieldbundle)  288    2        1.9730      1.9540      197     2.0439      0      
        MED:(med_phases_post_atm)                                          288    1        0.0680      0.0022      159     0.0991      105    
          MED:(med_phases_post_atm) map_atm2ice                            288    1        0.0340      0.0005      145     0.0974      267    
            MED: (module_MED_map:med_map_field_packed)                     288    1        0.0340      0.0005      145     0.0974      267    
              MED: (module_MED_map:med_map_field_packed) map               288    1        0.0336      0.0002      126     0.0971      267    
              MED: (module_MED_map:med_map_field_packed) copy from src     288    1        0.0003      0.0001      287     0.0006      2      
              MED: (module_MED_map:med_map_field_packed) copy to dest      288    1        0.0001      0.0001      283     0.0004      188    
          MED:(med_phases_post_atm) map_atm2ocn                            288    1        0.0339      0.0014      42      0.0977      103    
            MED: (module_MED_map:med_map_field_packed)                     288    1        0.0339      0.0014      42      0.0977      103    
              MED: (module_MED_map:med_map_field_packed) map               288    1        0.0335      0.0009      197     0.0974      103    
              MED: (module_MED_map:med_map_field_packed) copy from src     288    1        0.0002      0.0001      139     0.0005      0      
              MED: (module_MED_map:med_map_field_packed) copy to dest      288    1        0.0001      0.0001      280     0.0003      164    
        MED: (module_MED_MAP:MapNorm_init)                                 288    1        0.0320      0.0267      169     0.0329      265    
        MED:(med_phases_post_ice)                                          288    1        0.0308      0.0048      281     0.1184      44     
          MED: (med_fraction_set)                                          288    1        0.0185      0.0005      71      0.0975      159    
            MED: (med_fraction_set) fbfrac(compocn)                        288    1        0.0181      0.0002      104     0.0972      159    
            MED: (med_fraction_set) fbfrac(compatm)                        288    1        0.0004      0.0001      95      0.0006      247    
          MED:(med_phases_post_ice) map_ice2ocn                            288    1        0.0097      0.0010      280     0.0192      168    
            MED: (module_MED_map:med_map_field_packed)                     288    1        0.0097      0.0010      280     0.0192      168    
              MED: (module_MED_map:med_map_field_packed) map               288    1        0.0092      0.0006      281     0.0188      83     
              MED: (module_MED_map:med_map_field_packed) copy from src     288    1        0.0003      0.0001      287     0.0005      60     
              MED: (module_MED_map:med_map_field_packed) copy to dest      288    1        0.0001      0.0001      283     0.0003      164    
          MED: (module_MED_map:med_map_field_packed)                       288    1        0.0026      0.0022      171     0.0032      266    
            MED: (module_MED_map:med_map_field_packed) map                 288    1        0.0023      0.0017      171     0.0029      260    
            MED: (module_MED_map:med_map_field_packed) copy from src       288    1        0.0003      0.0001      281     0.0004      269    
            MED: (module_MED_map:med_map_field_packed) copy to dest        288    1        0.0001      0.0000      286     0.0001      254    
        MED:(med_phases_profile)                                           288    1        0.0290      0.0001      32      0.0612      183    
        MED:(med_phases_post_ocn)                                          288    1        0.0039      0.0007      284     0.0190      243    
          MED:(med_phases_post_ocn) map_ocn2ice                            288    1        0.0039      0.0007      284     0.0190      243    
            MED: (module_MED_map:med_map_field_packed)                     288    1        0.0039      0.0007      284     0.0190      243    
              MED: (module_MED_map:med_map_field_packed) map               288    1        0.0036      0.0005      284     0.0186      243    
              MED: (module_MED_map:med_map_field_packed) copy from src     288    1        0.0003      0.0001      283     0.0004      182    
              MED: (module_MED_map:med_map_field_packed) copy to dest      288    1        0.0001      0.0001      286     0.0002      74     
        MED: (med_fraction_set)                                            288    1        0.0021      0.0009      176     0.0033      62     
          MED: (med_fraction_set) fbfrac(compocn)                          288    1        0.0012      0.0001      276     0.0028      88     
          MED: (med_fraction_set) fbfrac(compatm)                          288    1        0.0008      0.0001      90      0.0018      284    
        MED:(med_diag_zero)                                                288    1        0.0002      0.0000      77      0.0014      186    
      [WAV-TO-OCN] IPDv05p6b                                               200    1        9.4130      6.6410      504     11.2609     373    
      [WAV-TO-ATM] IPDv05p6b                                               392    1        4.6194      4.6189      175     4.6198      536    
      [WAV-TO-EARTH grid component] IPDv05p6b                              560    1        2.4023      0.0003      437     4.3391      399    
      [ATM-TO-WAV] IPDv05p6b                                               392    1        2.7355      2.6910      198     2.9081      492    
      [MED-TO-OCN] IPDv05p5                                                408    1        2.2902      2.1271      176     2.6814      343    
      [OCN-TO-MED] IPDv05p5                                                408    1        2.0887      2.0854      344     2.0896      422    
      [ICE-TO-EARTH grid component] IPDv05p6b                              560    1        1.3967      0.0003      402     2.8067      300    
      [ICE] IPDv01p3                                                       48     1        15.8786     15.8672     437     15.8810     464    
      [MED-TO-ICE] IPDv05p6b                                               336    1        2.1387      1.9724      282     3.1512      433    
      [ICE-TO-MED] IPDv05p6b                                               336    1        1.8369      1.8360      202     1.8371      230    
      [ATM-TO-EARTH grid component] IPDv05p6b                              560    1        0.9943      0.0003      84      3.1520      550    
      [OCN-TO-EARTH grid component] IPDv05p6b                              560    1        0.8730      0.0003      126     2.9088      460    
      [ICE-TO-WAV] IPDv05p6b                                               128    1        3.6490      2.5009      466     4.3379      527    
      [OCN-TO-WAV] IPDv05p6b                                               200    1        2.3306      2.0134      319     2.8063      504    
      [ATM-TO-EARTH grid component] IPDv05p5                               560    1        0.7405      0.0750      118     3.2329      489    
      [MED-TO-EARTH grid component] IPDv05p1                               560    1        0.7059      0.7041      334     0.7100      433    
      [MED-TO-OCN] IPDv05p6b                                               408    1        0.9637      0.8766      46      1.1787      419    
      [OCN-TO-MED] IPDv05p6b                                               408    1        0.7928      0.7928      129     0.7929      159    
      [MED-TO-ICE] IPDv05p5                                                336    1        0.8573      0.4739      284     3.1552      439    
      [ICE-TO-EARTH grid component] IPDv05p5                               560    1        0.4400      0.1345      523     2.2833      452    
      [OCN-TO-WAV] IPDv05p5                                                200    1        0.8905      0.0542      425     2.1454      516    
      [WAV] IPDv03p1                                                       80     1        2.1949      2.1940      558     2.1972      495    
      [MED-TO-ATM] IPDv05p5                                                312    1        0.5528      0.5497      296     0.5542      190    
      [ATM-TO-MED] IPDv05p5                                                312    1        0.5310      0.5271      301     0.5325      251    
      [MED] IPDv03p5                                                       288    1        0.5500      0.5421      239     0.5772      173    
      [OCN-TO-EARTH grid component] IPDv05p5                               560    1        0.2620      0.0756      207     0.6932      369    
      [MED] IPDv03p1                                                       288    1        0.4591      0.0656      280     0.9445      152    
      [MED-TO-ATM] IPDv05p3                                                312    1        0.3936      0.3698      143     0.4022      21     
      [OCN-TO-EARTH grid component] IPDv05p1                               560    1        0.2155      0.1305      527     0.4106      416    
      [ATM-TO-EARTH grid component] IPDv05p3                               560    1        0.2122      0.0905      280     0.7326      527    
      [WAV] IPDv03p3                                                       80     1        1.3953      1.3940      559     1.3965      507    
      [ICE-TO-EARTH grid component] IPDv05p1                               560    1        0.1990      0.1301      518     0.3032      302    
      [WAV-TO-EARTH grid component] IPDv05p5                               560    1        0.1984      0.0719      522     0.4428      335    
      [ICE-TO-MED] IPDv05p5                                                336    1        0.3055      0.3019      452     0.3081      20     
      [MED-TO-OCN] IPDv05p3                                                408    1        0.2468      0.1339      21      0.5364      347    
      [ATM-TO-EARTH grid component] IPDv05p2b                              560    1        0.1726      0.1032      202     0.3338      495    
      [WAV-TO-EARTH grid component] IPDv05p1                               560    1        0.1675      0.0771      545     0.2477      340    
      [MED-TO-ATM] IPDv05p6b                                               312    1        0.2976      0.2847      147     0.3021      285    
      [WAV-TO-EARTH grid component] IPDv05p4                               560    1        0.1608      0.0741      512     0.2753      427    
      [ATM-TO-EARTH grid component] IPDv05p4                               560    1        0.1577      0.0785      477     0.4108      528    
      [ICE-TO-EARTH grid component] IPDv05p4                               560    1        0.1563      0.1095      516     0.2565      455    
      [ICE-TO-EARTH grid component] IPDv05p6a                              560    1        0.1547      0.1039      518     0.2708      301    
      [EARTH grid component-TO-MED] IPDv05p6a                              560    1        0.1521      0.1037      558     0.2417      445    
      [EARTH grid component-TO-MED] IPDv05p5                               560    1        0.1521      0.0988      388     0.2435      465    
      [ATM-TO-EARTH grid component] IPDv05p6a                              560    1        0.1476      0.0728      240     0.3719      488    
      [ICE-TO-EARTH grid component] IPDv05p2a                              560    1        0.1472      0.1026      348     0.2246      447    
      [EARTH grid component-TO-MED] IPDv05p4                               560    1        0.1466      0.0919      526     0.2382      445    
      [ATM-TO-EARTH grid component] IPDv05p2a                              560    1        0.1458      0.0924      455     0.3146      559    
      [WAV-TO-EARTH grid component] IPDv05p6a                              560    1        0.1449      0.0696      529     0.2428      341    
      [ICE-TO-EARTH grid component] IPDv05p2b                              560    1        0.1443      0.0986      423     0.2216      450    
      [WAV-TO-EARTH grid component] IPDv05p3                               560    1        0.1407      0.0682      499     0.2416      318    
      [MED-TO-OCN] IPDv05p1                                                408    1        0.1880      0.1604      151     0.2521      347    
      [ICE-TO-EARTH grid component] IPDv05p3                               560    1        0.1369      0.0944      539     0.2239      473    
      [WAV-TO-EARTH grid component] IPDv05p2a                              560    1        0.1362      0.0710      526     0.2071      302    
      [OCN-TO-EARTH grid component] IPDv05p6a                              560    1        0.1352      0.0737      529     0.2757      394    
      [WAV-TO-EARTH grid component] IPDv05p2b                              560    1        0.1346      0.0692      516     0.2043      412    
      [OCN-TO-EARTH grid component] IPDv05p3                               560    1        0.1345      0.0677      230     0.2867      371    
      [ATM-TO-WAV] IPDv05p5                                                392    1        0.1888      0.0783      253     0.6139      492    
      [OCN-TO-EARTH grid component] IPDv05p2a                              560    1        0.1289      0.0700      210     0.2631      354    
      [OCN-TO-EARTH grid component] IPDv05p2b                              560    1        0.1283      0.0694      299     0.2613      442    
      [OCN-TO-EARTH grid component] IPDv05p4                               560    1        0.1267      0.0757      263     0.2426      351    
      [EARTH grid component-TO-MED] IPDv05p1                               560    1        0.1261      0.0716      333     0.2328      435    
      [ATM-TO-MED] IPDv05p6b                                               312    1        0.2169      0.2169      306     0.2169      29     
      [MED-TO-ICE] IPDv05p1                                                336    1        0.2001      0.1615      64      0.4148      452    
      [ATM-TO-WAV] IPDv05p1                                                392    1        0.1684      0.1384      15      0.2762      480    
      [EARTH grid component-TO-OCN] IPDv05p5                               560    1        0.1169      0.1134      452     0.1206      3      
      [EARTH grid component-TO-MED] IPDv05p2a                              560    1        0.1168      0.0687      530     0.2082      455    
      [EARTH grid component-TO-MED] IPDv05p2b                              560    1        0.1141      0.0682      414     0.1995      437    
      [EARTH grid component-TO-MED] IPDv05p3                               560    1        0.1139      0.0682      529     0.2043      442    
      [MED-TO-EARTH grid component] IPDv05p4                               560    1        0.1127      0.1040      283     0.1283      452    
      [MED] IPDv03p4                                                       288    1        0.2138      0.2103      144     0.2154      35     
      [MED-TO-EARTH grid component] IPDv05p6a                              560    1        0.1092      0.1065      527     0.1153      2      
      [EARTH grid component-TO-ICE] IPDv05p4                               560    1        0.1081      0.1046      427     0.1119      351    
      [OCN] IPDv03p3                                                       120    1        0.5042      0.0242      319     0.5453      401    
      [MED-TO-ICE] IPDv05p3                                                336    1        0.1746      0.1025      8       0.6070      442    
      [MED-TO-OCN] IPDv05p4                                                408    1        0.1414      0.1052      283     0.2328      360    
      [EARTH grid component-TO-ICE] IPDv05p5                               560    1        0.1030      0.0994      3       0.1065      102    
      [EARTH grid component-TO-ICE] IPDv05p1                               560    1        0.1023      0.0988      348     0.1061      430    
      [EARTH grid component-TO-ICE] IPDv05p6a                              560    1        0.1015      0.0978      123     0.1051      103    
      [EARTH grid component-TO-ICE] IPDv05p2a                              560    1        0.0978      0.0944      388     0.1013      488    
      [MED-TO-OCN] IPDv05p6a                                               408    1        0.1340      0.1066      148     0.1967      393    
      [MED-TO-EARTH grid component] IPDv05p3                               560    1        0.0975      0.0814      280     0.1164      494    
      [MED-TO-EARTH grid component] IPDv05p2a                              560    1        0.0962      0.0857      353     0.1004      404    
      [EARTH grid component-TO-ICE] IPDv05p2b                              560    1        0.0958      0.0924      358     0.0992      552    
      [MED-TO-EARTH grid component] IPDv05p2b                              560    1        0.0953      0.0919      427     0.0989      489    
      [EARTH grid component-TO-ICE] IPDv05p3                               560    1        0.0935      0.0899      303     0.0971      69     
      [EARTH grid component-TO-OCN] IPDv05p6a                              560    1        0.0907      0.0873      489     0.0943      550    
      [MED-TO-EARTH grid component] IPDv05p5                               560    1        0.0890      0.0871      558     0.0922      106    
      [EARTH grid component-TO-OCN] IPDv05p4                               560    1        0.0883      0.0849      255     0.0919      285    
      [ATM-TO-WAV] IPDv05p6a                                               392    1        0.1211      0.1000      230     0.1983      480    
      [ATM] IPDv01p3                                                       312    1        0.1494      0.0000      300     0.3673      183    
      [MED-TO-ICE] IPDv05p4                                                336    1        0.1379      0.1089      282     0.3258      435    
      [ATM-TO-WAV] IPDv05p3                                                392    1        0.1165      0.0903      79      0.2154      488    
      [ATM-TO-WAV] IPDv05p2a                                               392    1        0.1121      0.0902      132     0.1898      480    
      [EARTH grid component-TO-WAV] IPDv05p1                               560    1        0.0784      0.0746      430     0.0818      273    
      [EARTH grid component-TO-OCN] IPDv05p1                               560    1        0.0782      0.0743      473     0.0817      348    
      [OCN-TO-MED] IPDv05p6a                                               408    1        0.1064      0.1022      207     0.1096      370    
      [ATM-TO-WAV] IPDv05p2b                                               392    1        0.1108      0.0886      148     0.1875      556    
      [ICE-TO-MED] IPDv05p4                                                336    1        0.1287      0.1253      85      0.1318      20     
      [MED-TO-ICE] IPDv05p6a                                               336    1        0.1272      0.0961      68      0.2938      438    
      [EARTH grid component-TO-WAV] IPDv05p4                               560    1        0.0744      0.0707      85      0.0780      15     
      [EARTH grid component-TO-OCN] IPDv05p3                               560    1        0.0744      0.0708      507     0.0779      198    
      [EARTH grid component-TO-OCN] IPDv05p2b                              560    1        0.0741      0.0707      145     0.0776      412    
      [ATM-TO-MED] IPDv05p1                                                312    1        0.1329      0.1291      309     0.1360      62     
      [EARTH grid component-TO-OCN] IPDv05p2a                              560    1        0.0740      0.0704      104     0.0775      499    
      [EARTH grid component-TO-WAV] IPDv05p6a                              560    1        0.0724      0.0687      434     0.0761      530    
      [MED-TO-OCN] IPDv05p2a                                               408    1        0.0975      0.0672      138     0.1617      335    
      [EARTH grid component-TO-WAV] IPDv05p2a                              560    1        0.0706      0.0674      499     0.0740      408    
      [EARTH grid component-TO-WAV] IPDv05p5                               560    1        0.0698      0.0661      90      0.0732      318    
      [EARTH grid component-TO-ATM] IPDv05p6a                              560    1        0.0697      0.0658      440     0.0734      131    
      [ICE-TO-MED] IPDv05p3                                                336    1        0.1149      0.1114      106     0.1155      443    
      [EARTH grid component-TO-ATM] IPDv05p1                               560    1        0.0677      0.0640      528     0.0718      336    
      [EARTH grid component-TO-ATM] IPDv05p3                               560    1        0.0675      0.0634      347     0.0712      556    
      [ATM-TO-MED] IPDv05p3                                                312    1        0.1209      0.1178      180     0.1216      280    
      [MED-TO-OCN] IPDv05p2b                                               408    1        0.0924      0.0691      148     0.1448      335    
      [EARTH grid component-TO-ATM] IPDv05p4                               560    1        0.0673      0.0637      423     0.0710      255    
      [EARTH grid component-TO-WAV] IPDv05p3                               560    1        0.0672      0.0637      381     0.0705      374    
      [EARTH grid component-TO-ATM] IPDv05p2a                              560    1        0.0672      0.0635      455     0.0710      501    
      [EARTH grid component-TO-WAV] IPDv05p2b                              560    1        0.0670      0.0636      139     0.0703      348    
      [EARTH grid component-TO-ATM] IPDv05p2b                              560    1        0.0670      0.0629      412     0.0705      51     
      [ATM-TO-WAV] IPDv05p4                                                392    1        0.0954      0.0772      279     0.1635      480    
      [EARTH grid component-TO-ATM] IPDv05p5                               560    1        0.0666      0.0626      309     0.0702      364    
      [OCN-TO-MED] IPDv05p4                                                408    1        0.0897      0.0867      68      0.0904      431    
      [ICE-TO-MED] IPDv05p6a                                               336    1        0.1086      0.1053      15      0.1112      189    
      [EARTH grid component-TO-MED] RunPhase1                              560    1        0.0616      0.0000      351     0.0720      200    
      [WAV-TO-ATM] IPDv05p1                                                392    1        0.0851      0.0814      300     0.0942      43     
      [EARTH grid component] IPDv04p2                                      560    1        0.0586      0.0536      538     0.0714      281    
      [OCN-TO-MED] IPDv05p1                                                408    1        0.0799      0.0755      267     0.0835      348    
      [MED-TO-ATM] IPDv05p4                                                312    1        0.1040      0.0865      145     0.1121      307    
      [ICE-TO-WAV] IPDv05p5                                                128    1        0.2527      0.0605      477     0.3677      541    
      [OCN-TO-MED] IPDv05p3                                                408    1        0.0761      0.0728      160     0.0768      17     
      [ATM-TO-MED] IPDv05p2a                                               312    1        0.0944      0.0907      296     0.0967      285    
      [ATM-TO-MED] IPDv05p6a                                               312    1        0.0939      0.0908      57      0.0963      102    
      [ATM-TO-MED] IPDv05p2b                                               312    1        0.0938      0.0902      51      0.0965      203    
      [MED-TO-ICE] IPDv05p2a                                               336    1        0.0871      0.0633      70      0.2132      455    
      [MED-TO-ICE] IPDv05p2b                                               336    1        0.0868      0.0634      7       0.2104      455    
      [WAV-TO-ATM] IPDv05p3                                                392    1        0.0718      0.0679      559     0.0750      162    
      [WAV-TO-ATM] IPDv05p2a                                               392    1        0.0717      0.0672      301     0.0747      5      
      [WAV-TO-ATM] IPDv05p6a                                               392    1        0.0692      0.0660      205     0.0723      138    
      [WAV-TO-ATM] IPDv05p2b                                               392    1        0.0689      0.0653      176     0.0719      122    
      [OCN-TO-MED] IPDv05p2a                                               408    1        0.0662      0.0649      205     0.0693      365    
      [MED-TO-ATM] IPDv05p1                                                312    1        0.0860      0.0835      49      0.0888      13     
      [WAV-TO-ATM] IPDv05p5                                                392    1        0.0684      0.0642      255     0.0713      132    
      [WAV-TO-ATM] IPDv05p4                                                392    1        0.0684      0.0645      198     0.0713      35     
      [OCN-TO-MED] IPDv05p2b                                               408    1        0.0654      0.0640      267     0.0685      95     
      [MED-TO-ATM] IPDv05p6a                                               312    1        0.0845      0.0809      301     0.0870      153    
      [ATM-TO-MED] IPDv05p4                                                312    1        0.0827      0.0794      304     0.0832      20     
      [ICE-TO-MED] IPDv05p1                                                336    1        0.0753      0.0712      274     0.0780      54     
      [WAV-TO-OCN] IPDv05p1                                                200    1        0.1233      0.0698      541     0.1585      408    
      [ICE-TO-MED] IPDv05p2a                                               336    1        0.0727      0.0688      33      0.0757      120    
      [OCN-TO-WAV] IPDv05p1                                                200    1        0.1200      0.0849      365     0.1700      526    
      [ICE-TO-MED] IPDv05p2b                                               336    1        0.0713      0.0678      276     0.0739      156    
      [WAV-TO-OCN] IPDv05p4                                                200    1        0.1145      0.0710      553     0.1435      317    
      [WAV] IPDv03p7                                                       80     2        0.2856      0.2672      504     0.3025      533    
      [MED-TO-ATM] IPDv05p2a                                               312    1        0.0730      0.0710      272     0.0764      130    
      [ICE-TO-MED] RunPhase1                                               336    1        0.0673      0.0020      4       0.0761      239    
      [WAV-TO-OCN] IPDv05p5                                                200    1        0.1118      0.0693      550     0.1408      370    
      [ICE] IPDv01p1                                                       48     1        0.4514      0.1333      439     0.5156      441    
      [MED-TO-ATM] IPDv05p2b                                               312    1        0.0692      0.0654      301     0.0719      211    
      [WAV-TO-OCN] IPDv05p2a                                               200    1        0.1062      0.0605      541     0.1362      377    
      [WAV-TO-OCN] IPDv05p6a                                               200    1        0.1048      0.0605      545     0.1340      388    
      [WAV-TO-OCN] IPDv05p2b                                               200    1        0.1019      0.0581      504     0.1309      370    
      [WAV-TO-OCN] IPDv05p3                                                200    1        0.1015      0.0575      543     0.1319      328    
      [OCN-TO-WAV] IPDv05p6a                                               200    1        0.0977      0.0520      370     0.1635      528    
      [ICE-TO-WAV] IPDv05p4                                                128    1        0.1490      0.0668      477     0.1985      556    
      [OCN-TO-WAV] IPDv05p4                                                200    1        0.0883      0.0517      379     0.1440      516    
      [ICE-TO-WAV] IPDv05p1                                                128    1        0.1375      0.0880      445     0.1672      545    
      [MED-TO-EARTH grid component] IPDv05p6b                              560    1        0.0304      0.0205      304     0.0437      513    
      [ICE-TO-WAV] IPDv05p6a                                               128    1        0.1279      0.0576      452     0.1697      529    
      [OCN-TO-WAV] IPDv05p2b                                               200    1        0.0816      0.0534      380     0.1227      529    
      [OCN-TO-WAV] IPDv05p2a                                               200    1        0.0805      0.0511      354     0.1219      526    
      [ICE-TO-WAV] IPDv05p3                                                128    1        0.1257      0.0538      457     0.1702      558    
      [OCN-TO-WAV] IPDv05p3                                                200    1        0.0792      0.0482      316     0.1263      539    
      [EARTH grid component] IPDv05p3                                      560    1        0.0249      0.0131      281     0.0294      542    
      [ICE-TO-WAV] IPDv05p2a                                               128    1        0.1043      0.0564      458     0.1327      518    
      [ICE-TO-WAV] IPDv05p2b                                               128    1        0.1041      0.0578      445     0.1321      545    
      [EARTH grid component] IPDv05p1                                      560    1        0.0201      0.0192      197     0.0227      480    
      [ATM-TO-WAV] RunPhase1                                               392    1        0.0278      0.0001      300     0.1516      498    
      [EARTH grid component] IPDv05p8                                      560    1        0.0148      0.0000      406     0.0195      48     
      [EARTH grid component] IPDv05p4                                      560    1        0.0145      0.0004      436     0.0166      480    
      [ATM] IPDv01p5                                                       312    1        0.0216      0.0159      280     0.0565      193    
      [EARTH grid component] IPDv05p2                                      560    1        0.0074      0.0068      106     0.0080      373    
      [ATM] IPDv01p4                                                       312    1        0.0106      0.0001      59      0.0813      171    
      [OCN-TO-MED] RunPhase1                                               408    1        0.0076      0.0004      264     0.0374      421    
      [MED] IPDv03p3                                                       288    1        0.0097      0.0058      282     0.0228      40     
      [EARTH grid component-TO-MED] Init 0                                 560    1        0.0043      0.0024      197     0.0076      551    
      [OCN] IPDv03p7                                                       120    1        0.0163      0.0017      416     0.0206      321    
      [EARTH grid component] IPDv05p6                                      560    1        0.0028      0.0000      164     0.0079      33     
      [ATM-TO-MED] RunPhase1                                               312    1        0.0039      0.0012      297     0.0044      157    
      [MED] Init 0                                                         288    1        0.0029      0.0023      16      0.0035      0      
      [ATM] Init 0                                                         312    1        0.0022      0.0017      24      0.0027      281    
      [EARTH grid component-TO-ATM] IPDv05p6b                              560    1        0.0012      0.0006      456     0.0013      415    
      [OCN] Init 0                                                         120    1        0.0031      0.0025      318     0.0039      404    
      [EARTH grid component-TO-OCN] IPDv05p6b                              560    1        0.0005      0.0005      455     0.0006      204    
      [EARTH grid component-TO-ICE] IPDv05p6b                              560    1        0.0005      0.0004      190     0.0005      68     
      [MED] IPDv03p6                                                       288    1        0.0006      0.0005      287     0.0009      2      
      [OCN-TO-WAV] RunPhase1                                               200    1        0.0007      0.0001      413     0.0044      551    
      [EARTH grid component-TO-WAV] IPDv05p6b                              560    1        0.0002      0.0002      40      0.0003      82     
      [EARTH grid component-TO-ATM] Init 0                                 560    1        0.0002      0.0002      558     0.0003      401    
      [EARTH grid component-TO-OCN] Init 0                                 560    1        0.0002      0.0002      478     0.0003      401    
      [WAV-TO-EARTH grid component] Init 0                                 560    1        0.0002      0.0002      552     0.0003      411    
      [EARTH grid component-TO-ICE] Init 0                                 560    1        0.0002      0.0002      496     0.0003      401    
      [OCN-TO-EARTH grid component] Init 0                                 560    1        0.0002      0.0002      552     0.0003      403    
      [ICE-TO-EARTH grid component] Init 0                                 560    1        0.0002      0.0002      526     0.0003      411    
      [MED-TO-EARTH grid component] Init 0                                 560    1        0.0002      0.0002      539     0.0003      401    
      [EARTH grid component-TO-WAV] Init 0                                 560    1        0.0002      0.0002      300     0.0003      401    
      [ATM-TO-EARTH grid component] Init 0                                 560    1        0.0002      0.0002      496     0.0003      401    
      [WAV] Init 0                                                         80     1        0.0014      0.0003      559     0.0015      486    
      [OCN] IPDv03p6                                                       120    1        0.0008      0.0002      414     0.0018      365    
      [ICE] Init 0                                                         48     1        0.0019      0.0005      438     0.0022      448    
      [OCN-TO-MED] Init 0                                                  408    1        0.0002      0.0002      312     0.0003      40     
      [ATM-TO-WAV] Init 0                                                  392    1        0.0002      0.0002      9       0.0003      301    
      [MED-TO-OCN] Init 0                                                  408    1        0.0002      0.0002      52      0.0003      375    
      [WAV-TO-ATM] Init 0                                                  392    1        0.0002      0.0002      501     0.0003      40     
      [ICE-TO-MED] Init 0                                                  336    1        0.0002      0.0002      207     0.0003      40     
      [MED-TO-ICE] Init 0                                                  336    1        0.0002      0.0002      433     0.0003      0      
      [ATM-TO-MED] Init 0                                                  312    1        0.0002      0.0002      289     0.0002      285    
      [MED-TO-ATM] Init 0                                                  312    1        0.0002      0.0002      184     0.0003      100    
      [OCN-TO-WAV] Init 0                                                  200    1        0.0002      0.0002      539     0.0002      316    
      [WAV-TO-OCN] Init 0                                                  200    1        0.0002      0.0002      538     0.0003      370    
      [ICE-TO-WAV] RunPhase1                                               128    1        0.0003      0.0002      544     0.0006      432    
      [ICE] IPDv01p5                                                       48     1        0.0006      0.0006      471     0.0007      443    
      [ICE-TO-WAV] Init 0                                                  128    1        0.0002      0.0002      508     0.0002      532    
      [WAV] IPDv03p6                                                       80     1        0.0003      0.0001      517     0.0006      522    
      [EARTH grid component-TO-WAV] RunPhase1                              560    1        0.0000      0.0000      528     0.0002      39     
      [ICE] IPDv01p4                                                       48     1        0.0003      0.0002      472     0.0004      435    
  [NEMS Grid Comp] Final 1                                                 560    1        58.8461     0.0311      435     107.2625    195    
    [EARTH grid component] FinalizePhase1                                  560    1        58.8461     0.0311      435     107.2624    195    
      [ATM] FinalizePhase1                                                 312    1        98.8624     0.0142      294     107.1581    283    
        [fv3_fcst] Final 1                                                 288    1        107.0900    107.0467    60      107.1529    287    
        [wrtComp_01] Final 1                                               24     1        0.0122      0.0115      288     0.0127      300    
      [OCN] FinalizePhase1                                                 120    1        17.1211     15.3032     312     17.3805     325    
      [EARTH grid component-TO-MED] FinalizePhase1                         560    1        0.0167      0.0001      347     0.0824      120    
      [WAV] FinalizePhase1                                                 80     1        0.0275      0.0121      554     0.0430      483    
      [MED-TO-OCN] FinalizePhase1                                          408    1        0.0002      0.0001      125     0.0003      390    
      [MED-TO-ATM] FinalizePhase1                                          312    1        0.0003      0.0002      87      0.0004      1      
      [ATM-TO-WAV] FinalizePhase1                                          392    1        0.0002      0.0001      87      0.0004      508    
      [MED-TO-ICE] FinalizePhase1                                          336    1        0.0002      0.0001      236     0.0003      479    
      [ATM-TO-MED] FinalizePhase1                                          312    1        0.0002      0.0001      125     0.0003      288    
      [WAV-TO-ATM] FinalizePhase1                                          392    1        0.0001      0.0001      267     0.0002      116    
      [OCN-TO-MED] FinalizePhase1                                          408    1        0.0001      0.0001      125     0.0002      219    
      [MED-TO-EARTH grid component] FinalizePhase1                         560    1        0.0001      0.0001      435     0.0002      520    
      [ICE-TO-MED] FinalizePhase1                                          336    1        0.0001      0.0001      125     0.0002      53     
      [EARTH grid component-TO-ATM] FinalizePhase1                         560    1        0.0001      0.0001      271     0.0002      292    
      [OCN-TO-WAV] FinalizePhase1                                          200    1        0.0002      0.0001      403     0.0003      554    
      [WAV-TO-OCN] FinalizePhase1                                          200    1        0.0002      0.0001      396     0.0005      345    
      [EARTH grid component-TO-OCN] FinalizePhase1                         560    1        0.0001      0.0001      430     0.0002      310    
      [OCN-TO-EARTH grid component] FinalizePhase1                         560    1        0.0001      0.0000      23      0.0001      181    
      [ATM-TO-EARTH grid component] FinalizePhase1                         560    1        0.0001      0.0000      136     0.0001      288    
      [EARTH grid component-TO-ICE] FinalizePhase1                         560    1        0.0001      0.0001      236     0.0001      481    
      [ICE-TO-EARTH grid component] FinalizePhase1                         560    1        0.0001      0.0000      59      0.0001      288    
      [EARTH grid component-TO-WAV] FinalizePhase1                         560    1        0.0001      0.0001      236     0.0001      300    
      [WAV-TO-EARTH grid component] FinalizePhase1                         560    1        0.0001      0.0000      59      0.0001      205    
      [ICE-TO-WAV] FinalizePhase1                                          128    1        0.0002      0.0001      435     0.0002      459    
      [MED] FinalizePhase1                                                 288    1        0.0001      0.0000      11      0.0002      142    
      [ICE] FinalizePhase1                                                 48     1        0.0000      0.0000      439     0.0001      458    
