********
IMPORTANT: Large deviations between Connector times on different PETs
are typically indicators of load imbalance in the system. The following
Connectors in this profile may indicate a load imbalance:
	 - [MED-TO-OCN] RunPhase1
	 - [MED-TO-ICE] RunPhase1
	 - [ATM-TO-WAV] RunPhase1
	 - [ATM-TO-MED] RunPhase1
********

Region                                                                     PETs   Count    Mean (s)    Min (s)     Min PET Max (s)     Max PET
  [NEMS Grid Comp] Run 1                                                   560    1        617.3496    597.8693    322     629.2704    166    
    [EARTH grid component] RunPhase1                                       560    1        617.3495    597.8693    322     629.2704    166    
      [ATM] RunPhase1                                                      312    96       568.6724    532.5340    24      627.5397    291    
        [fv3_fcst] Run 1                                                   288    96       537.9887    508.4820    38      570.9282    162    
        [fv3_fcst] Run 2                                                   288    96       25.6089     7.1126      162     58.3362     266    
        [wrtComp_01] Run 1                                                 24     2        36.6672     33.8533     305     37.8245     290    
      [MED-TO-OCN] RunPhase1                                               408    12       134.4921    0.0118      222     457.2930    424    
      [WAV] RunPhase1                                                      80     96       343.7280    337.2072    501     357.5486    487    
      [MED-TO-ICE] RunPhase1                                               336    96       61.4921     0.0367      281     443.3121    447    
      [ATM-TO-WAV] RunPhase1                                               392    96       45.0813     0.0030      300     220.8897    548    
      [OCN] RunPhase1                                                      120    12       137.3102    137.0354    328     138.6445    312    
      [ICE] RunPhase1                                                      48     96       180.8657    167.6134    447     196.7228    439    
      [WAV-TO-ATM] RunPhase1                                               392    96       15.1528     0.0031      300     20.6240     281    
      [MED] med_phases_restart_write                                       288    12       18.0356     18.0296     287     18.0372     180    
        MED:(med_phases_restart_write)                                     288    12       18.0345     18.0287     286     18.0361     180    
      [ATM-TO-MED] RunPhase1                                               312    96       16.5113     0.0070      291     49.1249     24     
      [ICE-TO-MED] RunPhase1                                               336    96       5.6880      0.1692      436     6.9684      101    
      [ICE-TO-WAV] RunPhase1                                               128    96       12.7735     0.0199      479     26.9401     501    
      [OCN-TO-WAV] RunPhase1                                               200    12       7.4937      0.0026      429     18.7385     536    
      [WAV-TO-OCN] RunPhase1                                               200    12       2.1231      0.0025      531     3.5735      333    
      [MED] med_phases_post_ice                                            288    96       0.9198      0.4964      88      2.3850      6      
        MED:(med_phases_post_ice)                                          288    96       0.9079      0.4840      88      2.3726      6      
          MED: (med_fraction_set)                                          288    96       0.5167      0.0997      52      2.0144      6      
            MED: (med_fraction_set) fbfrac(compocn)                        288    96       0.4519      0.0429      52      1.9301      6      
            MED: (med_fraction_set) fbfrac(compatm)                        288    96       0.0614      0.0351      95      0.0934      1      
          MED: (module_MED_map:med_map_field_packed)                       288    96       0.2407      0.2024      287     0.3122      121    
            MED: (module_MED_map:med_map_field_packed) map                 288    96       0.2103      0.1763      93      0.2801      266    
            MED: (module_MED_map:med_map_field_packed) copy from src       288    96       0.0190      0.0122      281     0.0242      0      
            MED: (module_MED_map:med_map_field_packed) copy to dest        288    96       0.0073      0.0048      286     0.0108      2      
          MED:(med_phases_post_ice) map_ice2ocn                            288    96       0.1498      0.1010      280     0.2256      47     
            MED: (module_MED_map:med_map_field_packed)                     288    96       0.1496      0.1009      280     0.2254      47     
              MED: (module_MED_map:med_map_field_packed) map               288    96       0.1131      0.0657      265     0.1920      47     
              MED: (module_MED_map:med_map_field_packed) copy from src     288    96       0.0215      0.0120      287     0.0267      122    
              MED: (module_MED_map:med_map_field_packed) copy to dest      288    96       0.0116      0.0082      287     0.0149      88     
      [MED] med_phases_prep_atm                                            288    96       0.4629      0.3671      227     0.5433      281    
        MED:(med_phases_prep_atm)                                          288    96       0.4519      0.3570      227     0.5340      281    
          MED: (module_MED_map:med_map_field_packed)                       288    192      0.4367      0.3434      227     0.5226      281    
            MED: (module_MED_map:med_map_field_packed) map                 288    192      0.4057      0.3113      227     0.5005      281    
            MED: (module_MED_map:med_map_field_packed) copy from src       288    192      0.0196      0.0130      281     0.0261      124    
            MED: (module_MED_map:med_map_field_packed) copy to dest        288    192      0.0069      0.0048      287     0.0107      0      
          MED: (module_med_merge_mod: med_merge_auto)                      288    96       0.0128      0.0087      287     0.0190      0      
      [MED] med_phases_post_atm                                            288    96       0.3604      0.2540      146     0.4351      65     
        MED:(med_phases_post_atm)                                          288    96       0.3464      0.2388      146     0.4222      65     
          MED:(med_phases_post_atm) map_atm2ocn                            288    96       0.2138      0.1400      4       0.2717      122    
            MED: (module_MED_map:med_map_field_packed)                     288    96       0.2133      0.1398      4       0.2714      122    
              MED: (module_MED_map:med_map_field_packed) map               288    96       0.1798      0.0956      4       0.2401      122    
              MED: (module_MED_map:med_map_field_packed) copy from src     288    96       0.0151      0.0109      286     0.0393      2      
              MED: (module_MED_map:med_map_field_packed) copy to dest      288    96       0.0151      0.0105      287     0.0190      192    
          MED:(med_phases_post_atm) map_atm2ice                            288    96       0.1321      0.0606      285     0.2446      4      
            MED: (module_MED_map:med_map_field_packed)                     288    96       0.1319      0.0605      285     0.2444      4      
              MED: (module_MED_map:med_map_field_packed) map               288    96       0.0951      0.0276      131     0.1992      4      
              MED: (module_MED_map:med_map_field_packed) copy from src     288    96       0.0191      0.0106      287     0.0347      2      
              MED: (module_MED_map:med_map_field_packed) copy to dest      288    96       0.0141      0.0114      193     0.0186      114    
      [MED-TO-ATM] RunPhase1                                               312    96       0.1461      0.0050      289     0.2259      227    
      [MED] med_phases_prep_ocn_accum                                      288    96       0.1389      0.1243      287     0.1524      2      
        MED:(med_phases_prep_ocn_accum)                                    288    96       0.1294      0.1166      287     0.1419      2      
          MED:(med_phases_prep_ocn_custom_nems)                            288    96       0.0540      0.0500      287     0.0591      132    
          MED: (module_med_merge_mod: med_merge_auto)                      288    96       0.0197      0.0144      287     0.0244      12     
      [MED] med_phases_prep_ice                                            288    96       0.0533      0.0383      284     0.0611      58     
        MED:(med_phases_prep_ice)                                          288    96       0.0434      0.0297      281     0.0513      40     
          MED: (module_med_merge_mod: med_merge_auto)                      288    96       0.0431      0.0295      281     0.0510      40     
      [MED] med_phases_post_ocn                                            288    12       0.0191      0.0153      285     0.0267      170    
        MED:(med_phases_post_ocn)                                          288    12       0.0179      0.0141      237     0.0256      170    
          MED:(med_phases_post_ocn) map_ocn2ice                            288    12       0.0178      0.0140      237     0.0255      170    
            MED: (module_MED_map:med_map_field_packed)                     288    12       0.0178      0.0140      237     0.0255      170    
              MED: (module_MED_map:med_map_field_packed) map               288    12       0.0143      0.0111      286     0.0225      170    
              MED: (module_MED_map:med_map_field_packed) copy from src     288    12       0.0021      0.0013      283     0.0037      280    
              MED: (module_MED_map:med_map_field_packed) copy to dest      288    12       0.0011      0.0009      283     0.0016      2      
      [OCN-TO-MED] RunPhase1                                               408    12       0.0115      0.0048      247     0.0205      322    
      [MED] med_phases_prep_ocn_avg                                        288    12       0.0149      0.0132      287     0.0180      164    
        MED:(med_phases_prep_ocn_avg)                                      288    12       0.0133      0.0122      287     0.0149      83     
      [MED-TO-EARTH grid component] RunPhase1                              560    1        0.0001      0.0000      537     0.0005      218    
      [ATM-TO-EARTH grid component] RunPhase1                              560    1        0.0000      0.0000      344     0.0005      146    
      [OCN-TO-EARTH grid component] RunPhase1                              560    1        0.0000      0.0000      340     0.0003      241    
      [EARTH grid component-TO-MED] RunPhase1                              560    1        0.0000      0.0000      466     0.0001      120    
      [ICE-TO-EARTH grid component] RunPhase1                              560    1        0.0000      0.0000      334     0.0002      277    
      [WAV-TO-EARTH grid component] RunPhase1                              560    1        0.0000      0.0000      333     0.0002      147    
      [EARTH grid component-TO-ATM] RunPhase1                              560    1        0.0000      0.0000      478     0.0001      146    
      [EARTH grid component-TO-OCN] RunPhase1                              560    1        0.0000      0.0000      477     0.0001      128    
      [EARTH grid component-TO-ICE] RunPhase1                              560    1        0.0000      0.0000      464     0.0000      80     
      [EARTH grid component-TO-WAV] RunPhase1                              560    1        0.0000      0.0000      198     0.0000      230    
  [NEMS Grid Comp] Init 1                                                  560    1        204.2457    204.2132    401     204.2740    474    
    [EARTH grid component] Init 1                                          560    1        203.2859    203.2419    365     203.3286    4      
      [ATM] IPDv01p1                                                       312    1        58.9288     58.8596     310     58.9487     14     
        [fv3_fcst] Init 1                                                  288    1        50.3181     50.1882     174     50.3606     201    
        [wrtComp_01] Init 1                                                24     1        0.1561      0.1560      303     0.1562      291    
      [OCN] IPDv03p1                                                       120    1        57.9653     57.8580     316     58.0064     377    
      [ATM-TO-EARTH grid component] IPDv05p1                               560    1        10.3101     10.1778     465     10.7427     490    
      [MED] IPDv03p7                                                       288    2        10.4779     10.4400     70      10.6122     83     
        MED: (module_med_map: RouteHandles_init)                           288    1        6.9504      6.0718      196     7.9737      285    
        MED: (med_fraction_init)                                           288    1        2.0152      2.0080      90      2.0363      280    
          MED: (module_MED_map:med_map_routehandles_initfrom_fieldbundle)  288    2        2.0117      2.0029      166     2.0338      5      
        MED:(med_phases_post_atm)                                          288    1        0.0759      0.0019      145     0.1064      52     
          MED:(med_phases_post_atm) map_atm2ocn                            288    1        0.0673      0.0012      156     0.1046      214    
            MED: (module_MED_map:med_map_field_packed)                     288    1        0.0673      0.0012      156     0.1046      214    
              MED: (module_MED_map:med_map_field_packed) map               288    1        0.0628      0.0010      163     0.1042      217    
              MED: (module_MED_map:med_map_field_packed) copy from src     288    1        0.0002      0.0001      243     0.0007      2      
              MED: (module_MED_map:med_map_field_packed) copy to dest      288    1        0.0001      0.0001      36      0.0003      52     
          MED:(med_phases_post_atm) map_atm2ice                            288    1        0.0085      0.0005      145     0.1039      155    
            MED: (module_MED_map:med_map_field_packed)                     288    1        0.0085      0.0005      145     0.1039      155    
              MED: (module_MED_map:med_map_field_packed) map               288    1        0.0081      0.0002      146     0.1035      155    
              MED: (module_MED_map:med_map_field_packed) copy from src     288    1        0.0003      0.0001      287     0.0006      2      
              MED: (module_MED_map:med_map_field_packed) copy to dest      288    1        0.0001      0.0001      287     0.0004      52     
        MED:(med_phases_post_ice)                                          288    1        0.0187      0.0051      241     0.1210      159    
          MED:(med_phases_post_ice) map_ice2ocn                            288    1        0.0090      0.0009      282     0.0152      227    
            MED: (module_MED_map:med_map_field_packed)                     288    1        0.0090      0.0009      282     0.0152      227    
              MED: (module_MED_map:med_map_field_packed) map               288    1        0.0086      0.0006      285     0.0147      227    
              MED: (module_MED_map:med_map_field_packed) copy from src     288    1        0.0003      0.0001      284     0.0004      257    
              MED: (module_MED_map:med_map_field_packed) copy to dest      288    1        0.0001      0.0001      280     0.0003      46     
          MED: (med_fraction_set)                                          288    1        0.0069      0.0005      52      0.1050      145    
            MED: (med_fraction_set) fbfrac(compocn)                        288    1        0.0064      0.0002      64      0.1045      159    
            MED: (med_fraction_set) fbfrac(compatm)                        288    1        0.0005      0.0002      132     0.0010      27     
          MED: (module_MED_map:med_map_field_packed)                       288    1        0.0029      0.0022      183     0.0035      264    
            MED: (module_MED_map:med_map_field_packed) map                 288    1        0.0025      0.0017      172     0.0032      264    
            MED: (module_MED_map:med_map_field_packed) copy from src       288    1        0.0003      0.0001      283     0.0004      3      
            MED: (module_MED_map:med_map_field_packed) copy to dest        288    1        0.0001      0.0000      287     0.0002      0      
        MED:(med_phases_profile)                                           288    1        0.0161      0.0057      227     0.0358      98     
        MED: (module_MED_MAP:MapNorm_init)                                 288    1        0.0146      0.0108      86      0.0168      280    
        MED:(med_diag_zero)                                                288    1        0.0047      0.0000      205     0.0171      114    
        MED:(med_phases_post_ocn)                                          288    1        0.0028      0.0007      227     0.0139      253    
          MED:(med_phases_post_ocn) map_ocn2ice                            288    1        0.0028      0.0007      227     0.0139      253    
            MED: (module_MED_map:med_map_field_packed)                     288    1        0.0028      0.0007      227     0.0139      253    
              MED: (module_MED_map:med_map_field_packed) map               288    1        0.0025      0.0005      227     0.0135      253    
              MED: (module_MED_map:med_map_field_packed) copy from src     288    1        0.0003      0.0001      159     0.0004      260    
              MED: (module_MED_map:med_map_field_packed) copy to dest      288    1        0.0001      0.0001      156     0.0002      60     
        MED: (med_fraction_set)                                            288    1        0.0020      0.0013      262     0.0030      62     
          MED: (med_fraction_set) fbfrac(compocn)                          288    1        0.0012      0.0001      101     0.0024      95     
          MED: (med_fraction_set) fbfrac(compatm)                          288    1        0.0008      0.0002      94      0.0013      271    
      [EARTH grid component-TO-MED] IPDv05p6b                              560    1        4.4451      0.0006      542     9.7711      439    
      [WAV-TO-OCN] IPDv05p6b                                               200    1        8.4519      6.4740      514     9.7704      394    
      [WAV-TO-ATM] IPDv05p6b                                               392    1        3.2963      3.2961      161     3.2963      520    
      [WAV-TO-EARTH grid component] IPDv05p6b                              560    1        2.2546      0.0003      558     4.1449      424    
      [ATM-TO-WAV] IPDv05p6b                                               392    1        2.8258      2.7814      202     2.9990      546    
      [MED-TO-OCN] IPDv05p5                                                408    1        2.3812      2.1540      141     2.9261      389    
      [ICE-TO-EARTH grid component] IPDv05p6b                              560    1        1.7205      0.0005      532     3.3089      302    
      [OCN-TO-MED] IPDv05p5                                                408    1        1.9931      1.9899      206     1.9937      411    
      [MED-TO-ICE] IPDv05p6b                                               336    1        2.0916      1.8897      145     3.3011      447    
      [ICE] IPDv01p3                                                       48     1        14.0872     14.0586     468     14.2296     433    
      [ICE-TO-MED] IPDv05p6b                                               336    1        1.8334      1.8333      227     1.8335      454    
      [OCN-TO-WAV] IPDv05p6b                                               200    1        2.8333      2.5171      431     3.3077      526    
      [ATM-TO-EARTH grid component] IPDv05p6b                              560    1        0.9980      0.0004      447     3.3023      493    
      [MED-TO-EARTH grid component] IPDv05p1                               560    1        0.9034      0.8700      181     0.9950      134    
      [OCN-TO-EARTH grid component] IPDv05p6b                              560    1        0.9004      0.0005      548     3.0006      438    
      [ICE-TO-WAV] IPDv05p6b                                               128    1        3.4567      2.3108      474     4.1443      552    
      [ATM-TO-EARTH grid component] IPDv05p5                               560    1        0.7889      0.0719      215     3.5108      518    
      [MED-TO-OCN] IPDv05p6b                                               408    1        1.0683      0.9265      276     1.4108      403    
      [OCN-TO-MED] IPDv05p6b                                               408    1        0.7905      0.7899      428     0.7905      108    
      [MED-TO-ICE] IPDv05p5                                                336    1        0.9278      0.5116      280     3.4379      432    
      [ICE-TO-EARTH grid component] IPDv05p5                               560    1        0.4240      0.1320      399     2.1802      309    
      [MED-TO-ATM] IPDv05p5                                                312    1        0.7389      0.5212      124     0.7721      190    
      [WAV] IPDv03p1                                                       80     1        2.8559      2.8552      558     2.8567      481    
      [OCN-TO-WAV] IPDv05p5                                                200    1        0.8509      0.0530      411     2.0479      540    
      [ATM-TO-MED] IPDv05p5                                                312    1        0.5082      0.5074      300     0.5089      147    
      [MED-TO-ATM] IPDv05p6b                                               312    1        0.4796      0.4754      235     0.4839      175    
      [ICE-TO-EARTH grid component] IPDv05p4                               560    1        0.2616      0.2162      499     0.3569      293    
      [MED] IPDv03p5                                                       288    1        0.5025      0.4989      143     0.5076      32     
      [OCN-TO-EARTH grid component] IPDv05p5                               560    1        0.2495      0.0715      193     0.6619      440    
      [MED-TO-EARTH grid component] IPDv05p3                               560    1        0.2235      0.0653      435     0.2986      529    
      [MED-TO-EARTH grid component] IPDv05p2b                              560    1        0.1980      0.1876      35      0.2057      271    
      [ATM-TO-EARTH grid component] IPDv05p4                               560    1        0.1973      0.0957      257     0.5004      556    
      [ICE-TO-EARTH grid component] IPDv05p1                               560    1        0.1972      0.1290      387     0.2963      439    
      [OCN-TO-EARTH grid component] IPDv05p1                               560    1        0.1950      0.1243      507     0.3574      365    
      [WAV-TO-EARTH grid component] IPDv05p5                               560    1        0.1892      0.0679      545     0.4234      346    
      [ICE-TO-MED] IPDv05p5                                                336    1        0.2932      0.2922      441     0.2940      257    
      [MED-TO-OCN] IPDv05p1                                                408    1        0.2369      0.1798      128     0.3948      314    
      [WAV-TO-EARTH grid component] IPDv05p1                               560    1        0.1653      0.0764      546     0.2435      374    
      [ATM-TO-EARTH grid component] IPDv05p3                               560    1        0.1615      0.0914      450     0.3846      482    
      [MED] IPDv03p4                                                       288    1        0.3070      0.3037      102     0.3087      13     
      [MED-TO-OCN] IPDv05p4                                                408    1        0.2079      0.1828      24      0.2820      327    
      [ICE-TO-EARTH grid component] IPDv05p6a                              560    1        0.1500      0.1012      399     0.2586      459    
      [WAV-TO-EARTH grid component] IPDv05p4                               560    1        0.1498      0.0703      447     0.2577      294    
      [EARTH grid component-TO-MED] IPDv05p6a                              560    1        0.1466      0.0991      542     0.2305      440    
      [EARTH grid component-TO-MED] IPDv05p5                               560    1        0.1464      0.0960      346     0.2338      440    
      [ICE-TO-EARTH grid component] IPDv05p2a                              560    1        0.1422      0.0990      387     0.2181      440    
      [EARTH grid component-TO-MED] IPDv05p4                               560    1        0.1421      0.0890      526     0.2280      444    
      [ICE-TO-EARTH grid component] IPDv05p2b                              560    1        0.1416      0.0970      319     0.2168      310    
      [ATM-TO-EARTH grid component] IPDv05p2b                              560    1        0.1400      0.0876      267     0.3040      490    
      [ATM-TO-EARTH grid component] IPDv05p6a                              560    1        0.1400      0.0697      440     0.3497      505    
      [ATM-TO-EARTH grid component] IPDv05p2a                              560    1        0.1391      0.0847      462     0.3065      505    
      [WAV-TO-EARTH grid component] IPDv05p3                               560    1        0.1386      0.0676      493     0.2368      378    
      [WAV-TO-EARTH grid component] IPDv05p6a                              560    1        0.1373      0.0668      474     0.2273      337    
      [OCN] IPDv03p3                                                       120    1        0.6289      0.0240      318     1.4511      322    
      [WAV-TO-EARTH grid component] IPDv05p2b                              560    1        0.1343      0.0687      486     0.2032      382    
      [ICE-TO-EARTH grid component] IPDv05p3                               560    1        0.1341      0.0924      323     0.2158      456    
      [WAV-TO-EARTH grid component] IPDv05p2a                              560    1        0.1329      0.0685      519     0.1991      352    
      [MED-TO-ICE] IPDv05p1                                                336    1        0.2204      0.1623      212     0.5606      465    
      [OCN-TO-EARTH grid component] IPDv05p3                               560    1        0.1305      0.0660      29      0.2783      323    
      [ATM-TO-WAV] IPDv05p5                                                392    1        0.1802      0.0748      136     0.5870      504    
      [OCN-TO-EARTH grid component] IPDv05p2b                              560    1        0.1222      0.0662      294     0.2510      320    
      [OCN-TO-EARTH grid component] IPDv05p2a                              560    1        0.1222      0.0669      294     0.2452      333    
      [EARTH grid component-TO-MED] IPDv05p1                               560    1        0.1217      0.0679      507     0.2118      458    
      [OCN-TO-EARTH grid component] IPDv05p4                               560    1        0.1215      0.0732      94      0.2306      349    
      [ATM-TO-MED] IPDv05p6b                                               312    1        0.2176      0.2175      278     0.2176      87     
      [OCN-TO-EARTH grid component] IPDv05p6a                              560    1        0.1209      0.0701      154     0.2374      440    
      [WAV] IPDv03p3                                                       80     1        0.8207      0.8202      544     0.8213      506    
      [EARTH grid component-TO-MED] IPDv05p3                               560    1        0.1124      0.0669      332     0.2042      478    
      [EARTH grid component-TO-MED] IPDv05p2b                              560    1        0.1119      0.0676      413     0.1962      447    
      [EARTH grid component-TO-MED] IPDv05p2a                              560    1        0.1105      0.0675      555     0.1970      447    
      [MED-TO-ICE] IPDv05p4                                                336    1        0.1827      0.1455      33      0.4031      467    
      [MED] IPDv03p1                                                       288    1        0.2122      0.0730      213     0.3141      177    
      [MED-TO-EARTH grid component] IPDv05p5                               560    1        0.1047      0.0855      555     0.3368      124    
      [EARTH grid component-TO-ICE] IPDv05p4                               560    1        0.1028      0.0993      374     0.1063      526    
      [ATM-TO-WAV] IPDv05p1                                                392    1        0.1453      0.1229      123     0.2297      507    
      [EARTH grid component-TO-ICE] IPDv05p5                               560    1        0.1002      0.0970      541     0.1035      546    
      [EARTH grid component-TO-ICE] IPDv05p1                               560    1        0.0996      0.0961      440     0.1029      331    
      [MED-TO-EARTH grid component] IPDv05p6a                              560    1        0.0981      0.0951      140     0.1035      481    
      [EARTH grid component-TO-ICE] IPDv05p6a                              560    1        0.0966      0.0933      80      0.0998      418    
      [MED-TO-ATM] IPDv05p1                                                312    1        0.1718      0.0861      150     0.2115      189    
      [EARTH grid component-TO-ICE] IPDv05p2a                              560    1        0.0954      0.0923      447     0.0987      320    
      [MED-TO-OCN] IPDv05p3                                                408    1        0.1299      0.1028      57      0.2013      319    
      [EARTH grid component-TO-ICE] IPDv05p2b                              560    1        0.0942      0.0910      67      0.0973      343    
      [MED-TO-OCN] IPDv05p6a                                               408    1        0.1276      0.1016      35      0.1848      362    
      [EARTH grid component-TO-ICE] IPDv05p3                               560    1        0.0904      0.0873      515     0.0937      189    
      [EARTH grid component-TO-OCN] IPDv05p5                               560    1        0.0872      0.0840      260     0.0903      281    
      [EARTH grid component-TO-OCN] IPDv05p6a                              560    1        0.0857      0.0826      230     0.0889      22     
      [EARTH grid component-TO-OCN] IPDv05p4                               560    1        0.0828      0.0823      14      0.0862      384    
      [MED-TO-EARTH grid component] IPDv05p2a                              560    1        0.0812      0.0705      175     0.0953      491    
      [MED-TO-EARTH grid component] IPDv05p4                               560    1        0.0801      0.0782      282     0.0859      480    
      [ATM-TO-WAV] IPDv05p3                                                392    1        0.1129      0.0876      291     0.2071      493    
      [EARTH grid component-TO-WAV] IPDv05p1                               560    1        0.0776      0.0743      405     0.0812      136    
      [EARTH grid component-TO-OCN] IPDv05p1                               560    1        0.0758      0.0723      474     0.0790      294    
      [ATM-TO-WAV] IPDv05p2b                                               392    1        0.1073      0.0867      137     0.1814      544    
      [OCN-TO-MED] IPDv05p6a                                               408    1        0.1025      0.1013      148     0.1054      331    
      [ICE-TO-MED] IPDv05p4                                                336    1        0.1223      0.1192      440     0.1234      19     
      [ATM-TO-WAV] IPDv05p2a                                               392    1        0.1043      0.0845      210     0.1777      535    
      [EARTH grid component-TO-OCN] IPDv05p2a                              560    1        0.0729      0.0696      103     0.0760      399    
      [MED-TO-ICE] IPDv05p3                                                336    1        0.1202      0.0914      216     0.2928      435    
      [MED-TO-ICE] IPDv05p6a                                               336    1        0.1195      0.0904      256     0.2797      440    
      [EARTH grid component-TO-OCN] IPDv05p2b                              560    1        0.0717      0.0699      152     0.0750      373    
      [EARTH grid component-TO-OCN] IPDv05p3                               560    1        0.0714      0.0700      153     0.0745      314    
      [MED-TO-OCN] IPDv05p2a                                               408    1        0.0965      0.0643      119     0.1489      326    
      [EARTH grid component-TO-WAV] IPDv05p4                               560    1        0.0690      0.0656      8       0.0721      331    
      [EARTH grid component-TO-WAV] IPDv05p2a                              560    1        0.0690      0.0656      230     0.0721      335    
      [EARTH grid component-TO-WAV] IPDv05p6a                              560    1        0.0679      0.0647      418     0.0711      399    
      [ICE-TO-MED] IPDv05p3                                                336    1        0.1119      0.1089      155     0.1123      167    
      [EARTH grid component-TO-WAV] IPDv05p5                               560    1        0.0662      0.0630      130     0.0696      497    
      [EARTH grid component-TO-ATM] IPDv05p2a                              560    1        0.0660      0.0620      370     0.0690      460    
      [EARTH grid component-TO-WAV] IPDv05p3                               560    1        0.0658      0.0626      421     0.0691      151    
      [EARTH grid component-TO-ATM] IPDv05p3                               560    1        0.0657      0.0619      364     0.0693      515    
      [EARTH grid component-TO-WAV] IPDv05p2b                              560    1        0.0656      0.0623      187     0.0689      490    
      [ATM-TO-MED] IPDv05p3                                                312    1        0.1177      0.1146      266     0.1181      151    
      [EARTH grid component-TO-ATM] IPDv05p1                               560    1        0.0655      0.0621      531     0.0686      507    
      [EARTH grid component-TO-ATM] IPDv05p6a                              560    1        0.0653      0.0619      440     0.0690      230    
      [EARTH grid component-TO-ATM] IPDv05p2b                              560    1        0.0651      0.0613      447     0.0686      266    
      [EARTH grid component-TO-ATM] IPDv05p5                               560    1        0.0648      0.0613      314     0.0685      367    
      [OCN-TO-MED] IPDv05p4                                                408    1        0.0880      0.0849      349     0.0884      92     
      [EARTH grid component-TO-ATM] IPDv05p4                               560    1        0.0641      0.0607      344     0.0650      470    
      [ATM-TO-WAV] IPDv05p6a                                               392    1        0.0916      0.0722      131     0.1623      530    
      [MED-TO-OCN] IPDv05p2b                                               408    1        0.0867      0.0642      136     0.1477      319    
      [ATM-TO-WAV] IPDv05p4                                                392    1        0.0894      0.0725      274     0.1530      544    
      [ICE-TO-MED] IPDv05p6a                                               336    1        0.0993      0.0981      209     0.1018      187    
      [EARTH grid component] IPDv05p3                                      560    1        0.0582      0.0007      558     0.2170      366    
      [ATM-TO-MED] IPDv05p1                                                312    1        0.1033      0.0995      280     0.1046      192    
      [OCN-TO-MED] IPDv05p1                                                408    1        0.0768      0.0749      139     0.0802      358    
      [MED-TO-EARTH grid component] IPDv05p6b                              560    1        0.0555      0.0494      314     0.0613      275    
      [ICE-TO-WAV] IPDv05p5                                                128    1        0.2424      0.0592      434     0.3525      504    
      [OCN-TO-MED] IPDv05p3                                                408    1        0.0735      0.0704      217     0.0741      149    
      [MED-TO-ICE] IPDv05p2a                                               336    1        0.0892      0.0643      79      0.2212      462    
      [MED-TO-ICE] IPDv05p2b                                               336    1        0.0870      0.0631      213     0.2150      469    
      [WAV-TO-ATM] IPDv05p3                                                392    1        0.0731      0.0696      124     0.0759      191    
      [ATM-TO-MED] IPDv05p2b                                               312    1        0.0907      0.0897      304     0.0930      137    
      [MED-TO-ATM] IPDv05p3                                                312    1        0.0891      0.0806      204     0.0985      181    
      [ATM-TO-MED] IPDv05p2a                                               312    1        0.0890      0.0860      230     0.0912      210    
      [ATM-TO-MED] IPDv05p6a                                               312    1        0.0885      0.0877      50      0.0900      180    
      [WAV-TO-ATM] IPDv05p1                                                392    1        0.0692      0.0679      265     0.0719      22     
      [WAV-TO-ATM] IPDv05p2a                                               392    1        0.0685      0.0674      268     0.0712      247    
      [WAV-TO-ATM] IPDv05p6a                                               392    1        0.0669      0.0641      26      0.0697      151    
      [OCN-TO-MED] IPDv05p2b                                               408    1        0.0632      0.0617      278     0.0660      389    
      [WAV-TO-ATM] IPDv05p5                                                392    1        0.0655      0.0623      159     0.0683      516    
      [WAV-TO-ATM] IPDv05p2b                                               392    1        0.0654      0.0628      491     0.0667      155    
      [WAV-TO-ATM] IPDv05p4                                                392    1        0.0654      0.0625      155     0.0677      266    
      [OCN-TO-MED] IPDv05p2a                                               408    1        0.0620      0.0611      228     0.0645      379    
      [MED-TO-ATM] IPDv05p6a                                               312    1        0.0802      0.0777      194     0.0820      35     
      [ICE-TO-MED] IPDv05p1                                                336    1        0.0733      0.0703      146     0.0761      445    
      [ATM-TO-MED] IPDv05p4                                                312    1        0.0778      0.0749      235     0.0781      151    
      [OCN-TO-WAV] IPDv05p1                                                200    1        0.1188      0.0852      358     0.1668      497    
      [ICE-TO-MED] IPDv05p2a                                               336    1        0.0703      0.0685      258     0.0728      69     
      [ICE-TO-MED] IPDv05p2b                                               336    1        0.0700      0.0686      438     0.0718      166    
      [MED-TO-ATM] IPDv05p2b                                               312    1        0.0740      0.0682      256     0.0821      39     
      [WAV-TO-OCN] IPDv05p1                                                200    1        0.1148      0.0708      533     0.1440      326    
      [MED-TO-ATM] IPDv05p4                                                312    1        0.0731      0.0680      193     0.0751      21     
      [ATM] IPDv01p3                                                       312    1        0.0727      0.0115      308     0.0813      208    
      [WAV-TO-OCN] IPDv05p4                                                200    1        0.1114      0.0707      515     0.1390      387    
      [WAV-TO-OCN] IPDv05p5                                                200    1        0.1064      0.0644      516     0.1340      405    
      [MED-TO-ATM] IPDv05p2a                                               312    1        0.0669      0.0603      23      0.0775      117    
      [WAV-TO-OCN] IPDv05p3                                                200    1        0.1032      0.0585      521     0.1330      333    
      [WAV-TO-OCN] IPDv05p6a                                               200    1        0.1028      0.0598      519     0.1308      419    
      [WAV-TO-OCN] IPDv05p2a                                               200    1        0.0978      0.0560      521     0.1266      370    
      [WAV-TO-OCN] IPDv05p2b                                               200    1        0.0976      0.0577      531     0.1250      314    
      [OCN-TO-WAV] IPDv05p6a                                               200    1        0.0940      0.0504      331     0.1559      496    
      [ICE-TO-WAV] IPDv05p4                                                128    1        0.1381      0.0613      460     0.1843      486    
      [EARTH grid component] IPDv04p2                                      560    1        0.0314      0.0128      520     0.0370      118    
      [ICE-TO-WAV] IPDv05p1                                                128    1        0.1356      0.0872      477     0.1642      485    
      [OCN-TO-WAV] IPDv05p4                                                200    1        0.0863      0.0506      313     0.1404      499    
      [OCN-TO-WAV] IPDv05p2b                                               200    1        0.0807      0.0526      320     0.1198      542    
      [ICE-TO-WAV] IPDv05p3                                                128    1        0.1238      0.0536      432     0.1661      487    
      [OCN-TO-WAV] IPDv05p3                                                200    1        0.0776      0.0476      313     0.1231      506    
      [OCN-TO-WAV] IPDv05p2a                                               200    1        0.0771      0.0498      379     0.1157      553    
      [ICE-TO-WAV] IPDv05p6a                                               128    1        0.1199      0.0571      459     0.1574      552    
      [OCN] IPDv03p7                                                       120    1        0.1276      0.1118      316     0.1328      323    
      [ATM] Init 0                                                         312    1        0.0491      0.0467      266     0.0513      38     
      [WAV] IPDv03p7                                                       80     2        0.1904      0.1863      546     0.1912      538    
      [ICE-TO-WAV] IPDv05p2b                                               128    1        0.1046      0.0585      440     0.1316      486    
      [ICE-TO-WAV] IPDv05p2a                                               128    1        0.1033      0.0568      440     0.1303      519    
      [ICE] IPDv01p1                                                       48     1        0.2688      0.2577      452     0.3229      439    
      [ATM] IPDv01p4                                                       312    1        0.0311      0.0001      308     0.1284      176    
      [EARTH grid component-TO-MED] Init 0                                 560    1        0.0147      0.0130      164     0.0160      118    
      [EARTH grid component] IPDv05p1                                      560    1        0.0135      0.0000      488     0.0186      4      
      [ATM] IPDv01p5                                                       312    1        0.0231      0.0022      240     0.0893      114    
      [MED] IPDv03p3                                                       288    1        0.0240      0.0058      287     0.0353      121    
      [MED] Init 0                                                         288    1        0.0220      0.0208      281     0.0620      0      
      [OCN] Init 0                                                         120    1        0.0528      0.0516      315     0.0532      363    
      [ICE-TO-MED] RunPhase1                                               336    1        0.0165      0.0012      280     0.0220      93     
      [EARTH grid component] IPDv05p2                                      560    1        0.0094      0.0000      524     0.0126      371    
      [EARTH grid component] IPDv05p8                                      560    1        0.0090      0.0000      496     0.0126      288    
      [OCN] IPDv03p6                                                       120    1        0.0343      0.0002      422     0.1023      331    
      [ATM-TO-MED] RunPhase1                                               312    1        0.0065      0.0001      288     0.0082      148    
      [EARTH grid component-TO-MED] RunPhase1                              560    1        0.0030      0.0000      557     0.0051      97     
      [EARTH grid component] IPDv05p4                                      560    1        0.0017      0.0004      501     0.0024      43     
      [EARTH grid component-TO-ATM] IPDv05p6b                              560    1        0.0014      0.0007      300     0.0014      431    
      [OCN-TO-MED] RunPhase1                                               408    1        0.0010      0.0004      7       0.0036      345    
      [EARTH grid component] IPDv05p6                                      560    1        0.0007      0.0000      33      0.0053      0      
      [EARTH grid component-TO-OCN] IPDv05p6b                              560    1        0.0006      0.0006      184     0.0006      100    
      [ICE] Init 0                                                         48     1        0.0058      0.0056      439     0.0059      467    
      [EARTH grid component-TO-ICE] IPDv05p6b                              560    1        0.0004      0.0004      80      0.0005      215    
      [ICE] IPDv01p5                                                       48     1        0.0048      0.0001      469     0.0282      432    
      [ATM-TO-WAV] RunPhase1                                               392    1        0.0005      0.0001      304     0.0022      546    
      [MED] IPDv03p6                                                       288    1        0.0006      0.0005      32      0.0008      206    
      [OCN-TO-WAV] RunPhase1                                               200    1        0.0006      0.0001      429     0.0055      521    
      [EARTH grid component-TO-ATM] Init 0                                 560    1        0.0002      0.0002      554     0.0003      7      
      [EARTH grid component-TO-WAV] IPDv05p6b                              560    1        0.0002      0.0002      265     0.0002      283    
      [EARTH grid component-TO-OCN] Init 0                                 560    1        0.0002      0.0002      547     0.0003      206    
      [EARTH grid component-TO-WAV] Init 0                                 560    1        0.0002      0.0002      533     0.0003      316    
      [ATM-TO-EARTH grid component] Init 0                                 560    1        0.0002      0.0002      551     0.0003      238    
      [ICE-TO-EARTH grid component] Init 0                                 560    1        0.0002      0.0002      522     0.0003      160    
      [EARTH grid component-TO-ICE] Init 0                                 560    1        0.0002      0.0002      533     0.0003      8      
      [MED-TO-EARTH grid component] Init 0                                 560    1        0.0002      0.0002      536     0.0003      8      
      [OCN-TO-EARTH grid component] Init 0                                 560    1        0.0002      0.0002      554     0.0003      8      
      [WAV-TO-EARTH grid component] Init 0                                 560    1        0.0002      0.0002      547     0.0003      8      
      [OCN-TO-MED] Init 0                                                  408    1        0.0002      0.0002      331     0.0003      404    
      [MED-TO-OCN] Init 0                                                  408    1        0.0002      0.0002      125     0.0003      398    
      [ATM-TO-WAV] Init 0                                                  392    1        0.0002      0.0002      39      0.0003      131    
      [WAV-TO-ATM] Init 0                                                  392    1        0.0002      0.0002      538     0.0003      80     
      [WAV] Init 0                                                         80     1        0.0010      0.0008      538     0.0011      480    
      [ICE-TO-MED] Init 0                                                  336    1        0.0002      0.0002      40      0.0003      41     
      [MED-TO-ICE] Init 0                                                  336    1        0.0002      0.0002      227     0.0003      453    
      [ATM-TO-MED] Init 0                                                  312    1        0.0002      0.0002      282     0.0003      205    
      [MED-TO-ATM] Init 0                                                  312    1        0.0002      0.0002      245     0.0003      103    
      [OCN-TO-WAV] Init 0                                                  200    1        0.0002      0.0002      533     0.0003      344    
      [WAV-TO-OCN] Init 0                                                  200    1        0.0002      0.0002      488     0.0003      370    
      [ICE-TO-WAV] RunPhase1                                               128    1        0.0002      0.0001      499     0.0004      454    
      [ICE-TO-WAV] Init 0                                                  128    1        0.0002      0.0002      543     0.0002      433    
      [EARTH grid component-TO-WAV] RunPhase1                              560    1        0.0000      0.0000      516     0.0002      122    
      [WAV] IPDv03p6                                                       80     1        0.0002      0.0001      517     0.0003      525    
      [ICE] IPDv01p4                                                       48     1        0.0003      0.0002      472     0.0005      442    
  [NEMS Grid Comp] Final 1                                                 560    1        17.9690     0.0112      453     32.1378     78     
    [EARTH grid component] FinalizePhase1                                  560    1        17.9689     0.0112      453     32.1378     78     
      [ATM] FinalizePhase1                                                 312    1        29.5627     0.0013      299     32.0532     286    
        [fv3_fcst] Final 1                                                 288    1        32.0250     32.0237     122     32.0523     285    
        [wrtComp_01] Final 1                                               24     1        0.0000      0.0000      311     0.0000      293    
      [OCN] FinalizePhase1                                                 120    1        6.7376      5.4066      312     6.9737      331    
      [WAV] FinalizePhase1                                                 80     1        0.0516      0.0372      546     0.0659      507    
      [EARTH grid component-TO-MED] FinalizePhase1                         560    1        0.0011      0.0001      331     0.0062      321    
      [MED-TO-OCN] FinalizePhase1                                          408    1        0.0006      0.0001      87      0.0176      324    
      [ATM-TO-WAV] FinalizePhase1                                          392    1        0.0002      0.0001      222     0.0004      542    
      [MED-TO-ATM] FinalizePhase1                                          312    1        0.0002      0.0001      146     0.0004      44     
      [MED-TO-ICE] FinalizePhase1                                          336    1        0.0002      0.0001      146     0.0003      479    
      [ATM-TO-MED] FinalizePhase1                                          312    1        0.0002      0.0001      170     0.0003      308    
      [WAV-TO-ATM] FinalizePhase1                                          392    1        0.0001      0.0001      16      0.0002      542    
      [OCN-TO-MED] FinalizePhase1                                          408    1        0.0001      0.0001      16      0.0001      388    
      [ICE-TO-MED] FinalizePhase1                                          336    1        0.0001      0.0001      222     0.0002      449    
      [OCN-TO-WAV] FinalizePhase1                                          200    1        0.0002      0.0001      409     0.0003      546    
      [MED-TO-EARTH grid component] FinalizePhase1                         560    1        0.0001      0.0000      146     0.0001      520    
      [WAV-TO-OCN] FinalizePhase1                                          200    1        0.0002      0.0001      312     0.0004      342    
      [EARTH grid component-TO-ATM] FinalizePhase1                         560    1        0.0001      0.0000      195     0.0001      247    
      [EARTH grid component-TO-OCN] FinalizePhase1                         560    1        0.0001      0.0000      139     0.0001      80     
      [OCN-TO-EARTH grid component] FinalizePhase1                         560    1        0.0001      0.0000      146     0.0001      68     
      [ICE-TO-EARTH grid component] FinalizePhase1                         560    1        0.0001      0.0000      170     0.0001      440    
      [ATM-TO-EARTH grid component] FinalizePhase1                         560    1        0.0001      0.0000      222     0.0001      520    
      [EARTH grid component-TO-ICE] FinalizePhase1                         560    1        0.0001      0.0000      87      0.0001      482    
      [EARTH grid component-TO-WAV] FinalizePhase1                         560    1        0.0001      0.0000      222     0.0001      308    
      [WAV-TO-EARTH grid component] FinalizePhase1                         560    1        0.0000      0.0000      146     0.0001      543    
      [ICE-TO-WAV] FinalizePhase1                                          128    1        0.0002      0.0001      434     0.0002      520    
      [MED] FinalizePhase1                                                 288    1        0.0001      0.0000      287     0.0002      130    
      [ICE] FinalizePhase1                                                 48     1        0.0000      0.0000      469     0.0000      432    
