********
IMPORTANT: Large deviations between Connector times on different PETs
are typically indicators of load imbalance in the system. The following
Connectors in this profile may indicate a load imbalance:
	 - [WAV-TO-ATM] RunPhase1
	 - [MED-TO-OCN] RunPhase1
	 - [MED-TO-ICE] RunPhase1
********

Region                                                                   PETs   Count    Mean (s)    Min (s)     Min PET Max (s)     Max PET
  [EARTH Grid Comp] RunPhase1                                            212    1        358.7970    352.8219    189     360.1271    0      
    [WAV-TO-ATM] RunPhase1                                               170    60       234.1922    0.0026      149     276.4821    138    
    [ATM] RunPhase1                                                      150    60       87.0982     71.0208     94      357.6728    148    
      [fv3_fcst] Run 1                                                   144    60       70.0806     65.1225     47      75.2259     11     
      [fv3_fcst] Run 2                                                   144    60       5.6926      1.5613      1       11.4592     62     
      [wrtComp_01] Run 1                                                 6      3        8.2564      8.1091      144     8.5530      148    
        [Component1005] Run 1                                            1      3        5.9678      5.9678      149     5.9678      149    
        [Component927] Run 1                                             1      3        5.8429      5.8429      148     5.8429      148    
        [Component693] Run 1                                             1      3        5.7837      5.7837      145     5.7837      145    
        [Component849] Run 1                                             1      3        5.7743      5.7743      147     5.7743      147    
        [Component771] Run 1                                             1      3        5.7554      5.7554      146     5.7554      146    
        [Component615] Run 1                                             1      3        5.6749      5.6749      144     5.6749      144    
        [Component3546] Run 1                                            1      3        1.1794      1.1794      145     1.1794      145    
        [Component5606] Run 1                                            1      3        1.1764      1.1764      147     1.1764      147    
        [Component4576] Run 1                                            1      3        1.1709      1.1709      146     1.1709      146    
        [Component2516] Run 1                                            1      3        1.1611      1.1611      144     1.1611      144    
        [Component6636] Run 1                                            1      3        1.1567      1.1567      148     1.1567      148    
        [Component7666] Run 1                                            1      3        1.1388      1.1388      149     1.1388      149    
        [Component365] Run 1                                             1      6        0.0461      0.0461      144     0.0461      144    
        [Component395] Run 1                                             1      6        0.0441      0.0441      146     0.0441      146    
        [Component410] Run 1                                             1      6        0.0441      0.0441      147     0.0441      147    
        [Component380] Run 1                                             1      6        0.0417      0.0417      145     0.0417      145    
        [Component425] Run 1                                             1      6        0.0414      0.0414      148     0.0414      148    
        [Component440] Run 1                                             1      6        0.0404      0.0404      149     0.0404      149    
    [MED-TO-OCN] RunPhase1                                               174    12       53.7217     0.0024      93      311.5756    153    
    [WAV] RunPhase1                                                      20     60       355.7370    355.7158    211     355.7563    192    
    [MED-TO-ICE] RunPhase1                                               156    60       25.3963     0.0108      93      330.5838    180    
    [OCN] RunPhase1                                                      30     12       43.7744     43.6296     153     47.6198     150    
    [MED] med_phases_restart_write                                       144    12       4.4472      0.8885      92      4.8743      7      
      MED:(med_phases_restart_write)                                     144    12       4.4463      0.8876      92      4.8735      7      
    [ATM-TO-MED] RunPhase1                                               150    60       1.8973      0.0054      145     6.7772      94     
    [ICE] RunPhase1                                                      12     60       22.6888     22.1156     180     22.8828     190    
    [OCN-TO-MED] RunPhase1                                               174    12       0.6221      0.0040      160     4.4781      4      
    [ATM-TO-WAV] RunPhase1                                               170    60       0.2857      0.0026      149     2.3845      196    
    [MED] med_phases_post_ocn                                            144    12       0.1723      0.0023      140     3.9910      6      
      MED:(med_phases_post_ocn)                                          144    12       0.1714      0.0015      140     3.9901      6      
        MED:(med_phases_post_ocn) map_ocn2ice                            144    12       0.1713      0.0014      140     3.9901      6      
          MED: (module_MED_map:med_map_field_packed)                     144    12       0.1713      0.0014      140     3.9901      6      
            MED: (module_MED_map:med_map_field_packed) map               144    12       0.1705      0.0007      140     3.9892      6      
            MED: (module_MED_map:med_map_field_packed) copy from src     144    12       0.0004      0.0003      131     0.0005      133    
            MED: (module_MED_map:med_map_field_packed) copy to dest      144    12       0.0002      0.0002      143     0.0003      10     
    [MED] med_phases_post_ice                                            144    60       0.1007      0.0886      66      0.1327      0      
      MED:(med_phases_post_ice)                                          144    60       0.0952      0.0826      66      0.1271      0      
        MED: (med_fraction_set)                                          144    60       0.0500      0.0371      86      0.0860      0      
          MED: (med_fraction_set) fbfrac(compatm)                        144    60       0.0353      0.0216      49      0.0833      0      
          MED: (med_fraction_set) fbfrac(compocn)                        144    60       0.0137      0.0015      140     0.0299      76     
        MED: (module_MED_map:med_map_field_packed)                       144    60       0.0331      0.0286      102     0.0383      109    
          MED: (module_MED_map:med_map_field_packed) map                 144    60       0.0274      0.0225      102     0.0329      108    
          MED: (module_MED_map:med_map_field_packed) copy from src       144    60       0.0028      0.0024      142     0.0031      7      
          MED: (module_MED_map:med_map_field_packed) copy to dest        144    60       0.0013      0.0011      121     0.0020      0      
        MED:(med_phases_post_ice) map_ice2ocn                            144    60       0.0119      0.0071      143     0.0198      84     
          MED: (module_MED_map:med_map_field_packed)                     144    60       0.0118      0.0071      143     0.0197      84     
            MED: (module_MED_map:med_map_field_packed) map               144    60       0.0072      0.0028      140     0.0151      84     
            MED: (module_MED_map:med_map_field_packed) copy from src     144    60       0.0020      0.0017      143     0.0022      4      
            MED: (module_MED_map:med_map_field_packed) copy to dest      144    60       0.0014      0.0012      35      0.0016      133    
    [MED] med_phases_prep_atm                                            144    60       0.0769      0.0683      115     0.0850      140    
      MED:(med_phases_prep_atm)                                          144    60       0.0719      0.0632      72      0.0801      140    
        MED: (module_MED_map:med_map_field_packed)                       144    120      0.0662      0.0574      72      0.0745      140    
          MED: (module_MED_map:med_map_field_packed) map                 144    120      0.0606      0.0517      72      0.0690      140    
          MED: (module_MED_map:med_map_field_packed) copy from src       144    120      0.0027      0.0024      142     0.0029      4      
          MED: (module_MED_map:med_map_field_packed) copy to dest        144    120      0.0012      0.0010      142     0.0018      0      
        MED: (module_med_merge_mod: med_merge_auto)                      144    60       0.0049      0.0045      11      0.0060      4      
    [MED] med_phases_post_atm                                            144    60       0.0700      0.0377      0       0.0806      124    
      MED:(med_phases_post_atm)                                          144    60       0.0632      0.0310      0       0.0739      124    
        MED:(med_phases_post_atm) map_atm2ocn                            144    60       0.0454      0.0114      24      0.0539      81     
          MED: (module_MED_map:med_map_field_packed)                     144    60       0.0452      0.0111      24      0.0537      81     
            MED: (module_MED_map:med_map_field_packed) map               144    120      0.0401      0.0059      24      0.0488      81     
            MED: (module_MED_map:med_map_field_packed) copy from src     144    120      0.0017      0.0014      74      0.0028      1      
            MED: (module_MED_map:med_map_field_packed) copy to dest      144    120      0.0017      0.0015      142     0.0020      24     
        MED:(med_phases_post_atm) map_atm2ice                            144    60       0.0175      0.0072      77      0.0489      88     
          MED: (module_MED_map:med_map_field_packed)                     144    60       0.0175      0.0071      77      0.0487      88     
            MED: (module_MED_map:med_map_field_packed) map               144    60       0.0129      0.0027      79      0.0443      88     
            MED: (module_MED_map:med_map_field_packed) copy to dest      144    60       0.0019      0.0016      143     0.0022      133    
            MED: (module_MED_map:med_map_field_packed) copy from src     144    60       0.0016      0.0012      73      0.0026      1      
    [MED] med_phases_prep_ocn_accum                                      144    60       0.0626      0.0601      29      0.0681      117    
      MED:(med_phases_prep_ocn_accum)                                    144    60       0.0581      0.0558      69      0.0632      133    
        MED:(med_phases_prep_ocn_custom_nems)                            144    60       0.0245      0.0233      69      0.0272      115    
        MED: (module_med_merge_mod: med_merge_auto)                      144    60       0.0058      0.0053      93      0.0066      133    
    [MED-TO-ATM] RunPhase1                                               150    60       0.0491      0.0042      149     0.0564      83     
    [ICE-TO-MED] RunPhase1                                               156    60       0.0217      0.0164      93      0.0764      181    
    [MED] med_phases_prep_ice                                            144    60       0.0137      0.0126      142     0.0147      1      
      MED:(med_phases_prep_ice)                                          144    60       0.0092      0.0083      143     0.0101      4      
        MED: (module_med_merge_mod: med_merge_auto)                      144    60       0.0091      0.0082      143     0.0100      4      
    [MED] med_phases_prep_ocn_avg                                        144    12       0.0118      0.0115      45      0.0127      72     
      MED:(med_phases_prep_ocn_avg)                                      144    12       0.0109      0.0106      29      0.0118      139    
    [ICE-TO-WAV] RunPhase1                                               32     60       0.0417      0.0123      188     0.0819      210    
    [OCN-TO-WAV] RunPhase1                                               50     12       0.0049      0.0024      179     0.0069      194    
    [WAV-TO-OCN] RunPhase1                                               50     12       0.0003      0.0003      179     0.0004      176    
  [EARTH Grid Comp] Init 1                                               212    1        42.1272     42.1238     172     42.1291     2      
    [ATM] IPDvXp01                                                       150    1        26.6772     26.6005     148     26.6839     143    
      [fv3_fcst] Init 1                                                  144    1        25.0356     25.0347     127     25.0384     143    
      [wrtComp_01] Init 1                                                6      1        0.1388      0.1387      148     0.1389      147    
    [ATM-TO-WAV] IPDv05p1                                                170    1        1.5892      1.3548      131     3.3383      194    
    [ATM-TO-MED] IPDv05p1                                                150    1        1.6793      1.6685      25      1.9110      147    
    [OCN-TO-MED] IPDv05p1                                                174    1        0.6404      0.0962      77      3.2514      170    
    [MED] IPDv03p7                                                       144    2        0.6181      0.6144      59      0.6215      38     
      MED: (module_med_map: RouteHandles_init)                           144    1        0.3648      0.3609      105     0.3663      75     
      MED: (med_fraction_init)                                           144    1        0.1687      0.1650      35      0.1718      38     
        MED: (module_MED_map:med_map_routehandles_initfrom_fieldbundle)  144    2        0.1671      0.1633      35      0.1702      27     
      MED: (module_MED_MAP:MapNorm_init)                                 144    1        0.0015      0.0012      56      0.0019      17     
      MED:(med_phases_post_ice)                                          144    1        0.0009      0.0007      66      0.0010      1      
        MED: (module_MED_map:med_map_field_packed)                       144    1        0.0004      0.0003      13      0.0005      40     
          MED: (module_MED_map:med_map_field_packed) map                 144    1        0.0003      0.0002      13      0.0004      142    
          MED: (module_MED_map:med_map_field_packed) copy from src       144    1        0.0001      0.0000      142     0.0001      43     
          MED: (module_MED_map:med_map_field_packed) copy to dest        144    1        0.0000      0.0000      142     0.0000      0      
        MED: (med_fraction_set)                                          144    1        0.0002      0.0001      31      0.0004      1      
          MED: (med_fraction_set) fbfrac(compatm)                        144    1        0.0002      0.0001      44      0.0003      1      
          MED: (med_fraction_set) fbfrac(compocn)                        144    1        0.0001      0.0000      143     0.0002      19     
        MED:(med_phases_post_ice) map_ice2ocn                            144    1        0.0002      0.0001      142     0.0003      68     
          MED: (module_MED_map:med_map_field_packed)                     144    1        0.0002      0.0001      142     0.0003      68     
            MED: (module_MED_map:med_map_field_packed) map               144    1        0.0001      0.0000      142     0.0002      68     
            MED: (module_MED_map:med_map_field_packed) copy from src     144    1        0.0000      0.0000      142     0.0000      96     
            MED: (module_MED_map:med_map_field_packed) copy to dest      144    1        0.0000      0.0000      142     0.0000      64     
      MED:(med_phases_post_atm)                                          144    1        0.0006      0.0004      1       0.0009      53     
        MED:(med_phases_post_atm) map_atm2ocn                            144    1        0.0004      0.0002      24      0.0006      142    
          MED: (module_MED_map:med_map_field_packed)                     144    1        0.0004      0.0002      24      0.0006      142    
            MED: (module_MED_map:med_map_field_packed) map               144    2        0.0004      0.0001      24      0.0006      142    
            MED: (module_MED_map:med_map_field_packed) copy from src     144    2        0.0000      0.0000      143     0.0000      0      
            MED: (module_MED_map:med_map_field_packed) copy to dest      144    2        0.0000      0.0000      143     0.0000      77     
        MED:(med_phases_post_atm) map_atm2ice                            144    1        0.0002      0.0001      81      0.0006      25     
          MED: (module_MED_map:med_map_field_packed)                     144    1        0.0002      0.0001      81      0.0006      25     
            MED: (module_MED_map:med_map_field_packed) map               144    1        0.0001      0.0000      81      0.0006      25     
            MED: (module_MED_map:med_map_field_packed) copy from src     144    1        0.0000      0.0000      21      0.0001      0      
            MED: (module_MED_map:med_map_field_packed) copy to dest      144    1        0.0000      0.0000      143     0.0000      58     
      MED: (med_fraction_set)                                            144    1        0.0003      0.0001      90      0.0004      102    
        MED: (med_fraction_set) fbfrac(compatm)                          144    1        0.0001      0.0000      90      0.0003      142    
        MED: (med_fraction_set) fbfrac(compocn)                          144    1        0.0001      0.0000      142     0.0003      97     
      MED:(med_phases_post_ocn)                                          144    1        0.0002      0.0001      142     0.0004      55     
        MED:(med_phases_post_ocn) map_ocn2ice                            144    1        0.0002      0.0001      142     0.0003      116    
          MED: (module_MED_map:med_map_field_packed)                     144    1        0.0002      0.0001      142     0.0003      116    
            MED: (module_MED_map:med_map_field_packed) map               144    1        0.0001      0.0000      142     0.0002      116    
            MED: (module_MED_map:med_map_field_packed) copy from src     144    1        0.0000      0.0000      142     0.0000      75     
            MED: (module_MED_map:med_map_field_packed) copy to dest      144    1        0.0000      0.0000      143     0.0000      69     
      MED:(med_phases_profile)                                           144    1        0.0001      0.0001      41      0.0003      52     
    [WAV-TO-ATM] IPDv05p6b                                               170    1        0.4049      0.0933      195     0.7861      149    
    [OCN] IPDv03p1                                                       30     1        2.0340      2.0337      179     2.0343      151    
    [OCN-TO-MED] IPDv05p5                                                174    1        0.3140      0.2117      111     0.8003      166    
    [MED-TO-ICE] IPDv05p5                                                156    1        0.3416      0.3072      76      0.7109      187    
    [ICE-TO-MED] IPDv05p1                                                156    1        0.3332      0.0923      31      3.2157      187    
    [MED-TO-OCN] IPDv05p5                                                174    1        0.2878      0.2636      95      0.4020      164    
    [ICE-TO-MED] IPDv05p6b                                               156    1        0.3067      0.2840      87      0.5791      191    
    [MED-TO-ICE] IPDv05p6b                                               156    1        0.2890      0.2780      0       0.4209      182    
    [ATM-TO-WAV] IPDv05p6b                                               170    1        0.2428      0.1963      103     0.5884      205    
    [ATM-TO-MED] IPDv05p5                                                150    1        0.2563      0.1363      75      0.8082      149    
    [ICE-TO-MED] IPDv05p5                                                156    1        0.2412      0.2030      120     0.6949      180    
    [OCN-TO-MED] IPDv05p6b                                               174    1        0.1565      0.0696      81      0.5731      179    
    [ATM-TO-WAV] IPDv05p5                                                170    1        0.1545      0.0426      135     0.9894      196    
    [ICE] IPDv01p1                                                       12     1        2.1128      2.1122      184     2.1132      180    
    [MED-TO-ICE] IPDv05p1                                                156    1        0.1426      0.1271      122     0.3132      187    
    [OCN-TO-MED] IPDv05p4                                                174    1        0.1273      0.0860      88      0.3204      179    
    [MED-TO-OCN] IPDv05p1                                                174    1        0.1251      0.1114      132     0.1855      150    
    [MED-TO-ICE] IPDv05p4                                                156    1        0.1385      0.1254      47      0.2841      180    
    [ICE-TO-MED] IPDv05p4                                                156    1        0.1359      0.1205      22      0.3164      185    
    [OCN-TO-MED] IPDv05p3                                                174    1        0.1192      0.0742      88      0.3295      178    
    [MED-TO-ATM] IPDv05p5                                                150    1        0.1381      0.1377      149     0.1385      145    
    [ICE-TO-MED] IPDv05p3                                                156    1        0.1305      0.1124      135     0.3471      188    
    [OCN-TO-MED] IPDv05p6a                                               174    1        0.1129      0.0781      35      0.2759      176    
    [OCN-TO-WAV] IPDv05p6b                                               50     1        0.3914      0.3636      176     0.4333      202    
    [MED-TO-OCN] IPDv05p4                                                174    1        0.1114      0.1011      68      0.1574      157    
    [OCN-TO-MED] IPDv05p2b                                               174    1        0.1082      0.0719      75      0.2772      176    
    [OCN-TO-MED] IPDv05p2a                                               174    1        0.1055      0.0676      75      0.2832      170    
    [MED-TO-ICE] IPDv05p3                                                156    1        0.1103      0.0947      88      0.2953      190    
    [MED-TO-OCN] IPDv05p3                                                174    1        0.0986      0.0918      76      0.1301      179    
    [ATM-TO-WAV] IPDv05p3                                                170    1        0.0984      0.0596      105     0.3867      206    
    [ATM-TO-MED] IPDv05p3                                                150    1        0.1066      0.0991      76      0.2862      144    
    [ICE-TO-MED] IPDv05p6a                                               156    1        0.1020      0.0858      55      0.2801      191    
    [ICE-TO-MED] IPDv05p2a                                               156    1        0.1019      0.0852      121     0.2864      188    
    [MED-TO-OCN] IPDv05p6a                                               174    1        0.0897      0.0782      37      0.1432      160    
    [ATM-TO-WAV] IPDv05p4                                                170    1        0.0881      0.0470      40      0.3905      192    
    [ATM-TO-WAV] IPDv05p2b                                               170    1        0.0877      0.0584      104     0.2969      202    
    [ATM-TO-WAV] IPDv05p2a                                               170    1        0.0876      0.0572      135     0.3028      196    
    [ICE-TO-MED] IPDv05p2b                                               156    1        0.0949      0.0776      56      0.2844      181    
    [MED-TO-ICE] IPDv05p2a                                               156    1        0.0944      0.0806      80      0.2472      187    
    [MED-TO-ICE] IPDv05p6a                                               156    1        0.0938      0.0815      142     0.2267      182    
    [MED-TO-OCN] IPDv05p6b                                               174    1        0.0808      0.0799      0       0.0850      179    
    [MED-TO-OCN] IPDv05p2b                                               174    1        0.0782      0.0740      17      0.0937      170    
    [MED-TO-OCN] IPDv05p2a                                               174    1        0.0768      0.0729      142     0.0906      173    
    [MED-TO-ICE] IPDv05p2b                                               156    1        0.0854      0.0722      124     0.2382      185    
    [ATM-TO-WAV] IPDv05p6a                                               170    1        0.0776      0.0421      37      0.3405      194    
    [MED] IPDv03p5                                                       144    1        0.0870      0.0859      135     0.0904      1      
    [WAV-TO-ATM] IPDv05p4                                                170    1        0.0721      0.0420      195     0.2769      145    
    [WAV-TO-ATM] IPDv05p5                                                170    1        0.0705      0.0338      198     0.4761      146    
    [ATM-TO-MED] IPDv05p2a                                               150    1        0.0785      0.0711      142     0.2280      147    
    [ATM-TO-MED] IPDv05p6a                                               150    1        0.0774      0.0701      41      0.2325      146    
    [ATM-TO-MED] IPDv05p2b                                               150    1        0.0771      0.0708      26      0.2189      144    
    [MED] IPDv03p1                                                       144    1        0.0761      0.0691      8       0.0908      108    
    [MED-TO-ATM] IPDv05p1                                                150    1        0.0726      0.0720      147     0.0737      16     
    [WAV-TO-OCN] IPDv05p6b                                               50     1        0.2119      0.0003      194     0.3531      178    
    [WAV-TO-ATM] IPDv05p1                                                170    1        0.0616      0.0399      206     0.2465      145    
    [WAV-TO-ATM] IPDv05p2b                                               170    1        0.0601      0.0397      206     0.2091      147    
    [WAV-TO-ATM] IPDv05p2a                                               170    1        0.0601      0.0407      206     0.2129      145    
    [WAV-TO-ATM] IPDv05p3                                                170    1        0.0600      0.0398      204     0.2430      147    
    [ATM-TO-MED] IPDv05p4                                                150    1        0.0679      0.0573      99      0.2877      147    
    [WAV-TO-ATM] IPDv05p6a                                               170    1        0.0593      0.0330      194     0.2224      146    
    [MED-TO-ATM] IPDv05p6a                                               150    1        0.0646      0.0642      142     0.0657      0      
    [MED-TO-ATM] IPDv05p3                                                150    1        0.0636      0.0623      51      0.0692      149    
    [ICE-TO-WAV] IPDv05p6b                                               32     1        0.2891      0.2593      197     0.3389      184    
    [WAV-TO-OCN] IPDv05p5                                                50     1        0.1696      0.0259      203     0.2651      152    
    [MED] IPDv03p4                                                       144    1        0.0585      0.0573      124     0.0587      111    
    [MED-TO-ATM] IPDv05p4                                                150    1        0.0556      0.0551      147     0.0564      4      
    [MED-TO-ATM] IPDv05p2a                                               150    1        0.0499      0.0497      29      0.0510      92     
    [MED-TO-ATM] IPDv05p2b                                               150    1        0.0491      0.0487      47      0.0502      17     
    [WAV-TO-OCN] IPDv05p4                                                50     1        0.1255      0.0277      201     0.1908      156    
    [ATM-TO-MED] IPDv05p6b                                               150    1        0.0418      0.0273      99      0.3855      149    
    [WAV-TO-OCN] IPDv05p3                                                50     1        0.1160      0.0268      203     0.1751      170    
    [OCN-TO-WAV] IPDv05p5                                                50     1        0.1097      0.0244      166     0.2380      207    
    [WAV] IPDv03p1                                                       20     1        0.2528      0.2527      207     0.2531      197    
    [WAV-TO-OCN] IPDv05p2a                                               50     1        0.0987      0.0302      194     0.1445      167    
    [WAV-TO-OCN] IPDv05p2b                                               50     1        0.0983      0.0307      201     0.1430      168    
    [WAV-TO-OCN] IPDv05p1                                                50     1        0.0982      0.0336      199     0.1411      173    
    [WAV-TO-OCN] IPDv05p6a                                               50     1        0.0966      0.0245      209     0.1446      150    
    [MED-TO-ATM] IPDv05p6b                                               150    1        0.0296      0.0286      135     0.0298      110    
    [ICE-TO-WAV] IPDv05p5                                                32     1        0.1363      0.0239      180     0.2035      211    
    [OCN-TO-WAV] IPDv05p1                                                50     1        0.0821      0.0424      170     0.1405      210    
    [OCN] IPDv03p3                                                       30     1        0.1098      0.1096      173     0.1104      174    
    [OCN-TO-WAV] IPDv05p4                                                50     1        0.0609      0.0258      157     0.1138      207    
    [OCN-TO-WAV] IPDv05p2a                                               50     1        0.0576      0.0290      170     0.0994      210    
    [OCN-TO-WAV] IPDv05p6a                                               50     1        0.0552      0.0233      164     0.1032      206    
    [OCN-TO-WAV] IPDv05p2b                                               50     1        0.0547      0.0251      160     0.0991      206    
    [ICE-TO-WAV] IPDv05p4                                                32     1        0.0849      0.0238      185     0.1206      201    
    [OCN-TO-WAV] IPDv05p3                                                50     1        0.0512      0.0210      151     0.0969      211    
    [ICE-TO-WAV] IPDv05p3                                                32     1        0.0722      0.0150      187     0.1066      204    
    [ICE-TO-WAV] IPDv05p6a                                               32     1        0.0627      0.0228      180     0.0866      196    
    [ICE-TO-WAV] IPDv05p2a                                               32     1        0.0506      0.0152      188     0.0720      194    
    [ICE-TO-WAV] IPDv05p2b                                               32     1        0.0502      0.0154      181     0.0707      202    
    [ICE-TO-WAV] IPDv05p1                                                32     1        0.0476      0.0159      189     0.0664      202    
    [WAV] IPDv03p3                                                       20     1        0.0733      0.0732      208     0.0735      204    
    [EARTH Grid Comp] IPDv04p2                                           212    1        0.0062      0.0008      211     0.0084      36     
    [ATM] IPDvXp04                                                       150    1        0.0066      0.0000      146     0.0073      143    
    [MED] IPDv03p3                                                       144    1        0.0059      0.0057      142     0.0062      0      
    [ICE] IPDv01p3                                                       12     1        0.0453      0.0447      186     0.0459      181    
    [WAV] IPDv03p7                                                       20     2        0.0266      0.0242      207     0.0270      193    
    [OCN-TO-MED] RunPhase1                                               174    1        0.0024      0.0001      76      0.0076      35     
    [ATM] Init 0                                                         150    1        0.0026      0.0005      113     0.0086      73     
    [ICE-TO-MED] RunPhase1                                               156    1        0.0020      0.0003      104     0.0075      59     
    [EARTH Grid Comp] IPDv05p3                                           212    1        0.0007      0.0002      196     0.0009      143    
    [MED-TO-ATM] Init 0                                                  150    1        0.0008      0.0002      149     0.0012      127    
    [ATM-TO-MED] RunPhase1                                               150    1        0.0008      0.0001      146     0.0011      1      
    [MED] Init 0                                                         144    1        0.0009      0.0003      35      0.0018      0      
    [MED] IPDv03p6                                                       144    1        0.0006      0.0005      139     0.0010      105    
    [ATM-TO-WAV] RunPhase1                                               170    1        0.0003      0.0001      147     0.0008      194    
    [MED-TO-OCN] Init 0                                                  174    1        0.0002      0.0002      90      0.0003      91     
    [OCN-TO-MED] Init 0                                                  174    1        0.0002      0.0002      128     0.0003      0      
    [ATM-TO-WAV] Init 0                                                  170    1        0.0002      0.0002      208     0.0003      65     
    [WAV-TO-ATM] Init 0                                                  170    1        0.0002      0.0002      132     0.0003      117    
    [OCN] IPDv03p7                                                       30     1        0.0012      0.0008      155     0.0019      179    
    [ICE-TO-MED] Init 0                                                  156    1        0.0002      0.0002      62      0.0003      74     
    [MED-TO-ICE] Init 0                                                  156    1        0.0002      0.0002      133     0.0003      187    
    [ATM-TO-MED] Init 0                                                  150    1        0.0002      0.0002      139     0.0003      73     
    [ICE] IPDv01p4                                                       12     1        0.0026      0.0026      182     0.0026      185    
    [ATM] IPDvXp07                                                       150    1        0.0002      0.0002      142     0.0003      105    
    [OCN] Init 0                                                         30     1        0.0009      0.0008      179     0.0009      159    
    [OCN-TO-WAV] RunPhase1                                               50     1        0.0005      0.0001      179     0.0028      211    
    [ATM] IPDvXp08                                                       150    1        0.0001      0.0001      71      0.0002      40     
    [ICE] IPDv01p5                                                       12     1        0.0015      0.0014      191     0.0015      181    
    [ICE-TO-WAV] Init 0                                                  32     1        0.0005      0.0002      189     0.0008      197    
    [EARTH Grid Comp] IPDv05p1                                           212    1        0.0001      0.0000      199     0.0003      117    
    [ICE] Init 0                                                         12     1        0.0010      0.0010      187     0.0011      180    
    [OCN-TO-WAV] Init 0                                                  50     1        0.0002      0.0002      166     0.0003      200    
    [WAV-TO-OCN] Init 0                                                  50     1        0.0002      0.0002      164     0.0003      205    
    [EARTH Grid Comp] IPDv05p4                                           212    1        0.0001      0.0000      202     0.0002      113    
    [EARTH Grid Comp] IPDv05p8                                           212    1        0.0000      0.0000      196     0.0002      60     
    [EARTH Grid Comp] IPDv05p6                                           212    1        0.0000      0.0000      16      0.0001      108    
    [EARTH Grid Comp] IPDv05p2                                           212    1        0.0000      0.0000      145     0.0001      185    
    [OCN] IPDv03p6                                                       30     1        0.0002      0.0002      174     0.0004      178    
    [ICE-TO-WAV] RunPhase1                                               32     1        0.0002      0.0001      193     0.0003      187    
    [WAV] Init 0                                                         20     1        0.0002      0.0002      209     0.0003      205    
    [WAV] IPDv03p6                                                       20     1        0.0001      0.0001      193     0.0002      204    
  [EARTH Grid Comp] FinalizePhase1                                       212    1        1.5446      0.0029      210     4.4409      151    
    [ATM] FinalizePhase1                                                 150    1        1.1612      0.0030      145     1.2102      57     
      [fv3_fcst] Final 1                                                 144    1        1.2089      1.2077      1       1.2091      60     
      [wrtComp_01] Final 1                                               6      1        0.0001      0.0000      144     0.0001      149    
    [OCN] FinalizePhase1                                                 30     1        4.2929      0.4465      150     4.4367      151    
    [ICE] FinalizePhase1                                                 12     1        0.0177      0.0175      181     0.0178      189    
    [MED-TO-ATM] FinalizePhase1                                          150    1        0.0003      0.0002      90      0.0005      1      
    [MED-TO-OCN] FinalizePhase1                                          174    1        0.0001      0.0001      15      0.0003      153    
    [ATM-TO-WAV] FinalizePhase1                                          170    1        0.0001      0.0001      11      0.0004      204    
    [ATM-TO-MED] FinalizePhase1                                          150    1        0.0001      0.0001      11      0.0003      149    
    [MED-TO-ICE] FinalizePhase1                                          156    1        0.0001      0.0001      11      0.0003      183    
    [WAV-TO-ATM] FinalizePhase1                                          170    1        0.0001      0.0001      207     0.0002      1      
    [ICE-TO-MED] FinalizePhase1                                          156    1        0.0001      0.0001      11      0.0002      1      
    [OCN-TO-MED] FinalizePhase1                                          174    1        0.0001      0.0001      69      0.0002      1      
    [WAV] FinalizePhase1                                                 20     1        0.0007      0.0006      207     0.0009      209    
    [OCN-TO-WAV] FinalizePhase1                                          50     1        0.0001      0.0001      160     0.0002      207    
    [MED] FinalizePhase1                                                 144    1        0.0000      0.0000      76      0.0001      0      
    [ICE-TO-WAV] FinalizePhase1                                          32     1        0.0001      0.0001      194     0.0001      202    
    [WAV-TO-OCN] FinalizePhase1                                          50     1        0.0000      0.0000      198     0.0001      178    
