********
IMPORTANT: Large deviations between Connector times on different PETs
are typically indicators of load imbalance in the system. The following
Connectors in this profile may indicate a load imbalance:
	 - [MED-TO-OCN] RunPhase1
	 - [OCN-TO-MED] RunPhase1
	 - [MED-TO-ICE] RunPhase1
********

Region                                                                   PETs   Count    Mean (s)    Min (s)     Min PET Max (s)     Max PET
  [EARTH Grid Comp] RunPhase1                                            192    1        170.4284    157.4132    191     172.5204    134    
    [ATM] RunPhase1                                                      150    120      151.9285    148.5604    40      159.6330    145    
      [fv3_fcst] Run 1                                                   144    120      140.3700    133.8538    37      144.6350    131    
      [fv3_fcst] Run 2                                                   144    120      11.1434     5.3529      10      17.5854     21     
      [wrtComp_01] Run 1                                                 6      5        13.8688     13.6428     144     14.1151     149    
        [Component771] Run 1                                             1      5        10.1326     10.1326     146     10.1326     146    
        [Component927] Run 1                                             1      5        9.9314      9.9314      148     9.9314      148    
        [Component849] Run 1                                             1      5        9.7159      9.7159      147     9.7159      147    
        [Component693] Run 1                                             1      5        9.6773      9.6773      145     9.6773      145    
        [Component615] Run 1                                             1      5        9.6115      9.6115      144     9.6115      144    
        [Component1005] Run 1                                            1      5        9.4112      9.4112      149     9.4112      149    
        [Component7666] Run 1                                            1      5        2.2525      2.2525      149     2.2525      149    
        [Component6636] Run 1                                            1      5        2.2508      2.2508      148     2.2508      148    
        [Component5606] Run 1                                            1      5        2.2340      2.2340      147     2.2340      147    
        [Component4576] Run 1                                            1      5        2.2334      2.2334      146     2.2334      146    
        [Component2516] Run 1                                            1      5        2.1882      2.1882      144     2.1882      144    
        [Component3546] Run 1                                            1      5        2.1870      2.1870      145     2.1870      145    
        [Component380] Run 1                                             1      10       0.2244      0.2244      145     0.2244      145    
        [Component395] Run 1                                             1      10       0.2044      0.2044      146     0.2044      146    
        [Component410] Run 1                                             1      10       0.2020      0.2020      147     0.2020      147    
        [Component365] Run 1                                             1      10       0.1887      0.1887      144     0.1887      144    
        [Component440] Run 1                                             1      10       0.1877      0.1877      149     0.1877      149    
        [Component425] Run 1                                             1      10       0.1852      0.1852      148     0.1852      148    
    [MED-TO-OCN] RunPhase1                                               174    24       16.2822     0.0037      135     94.4382     172    
    [OCN] RunPhase1                                                      30     24       73.2455     73.0924     168     77.0665     150    
    [OCN-TO-MED] RunPhase1                                               174    24       8.6418      0.0064      150     14.1303     3      
    [MED-TO-ICE] RunPhase1                                               156    120      7.3701      0.0204      119     108.7754    183    
    [ICE] RunPhase1                                                      12     120      61.6701     48.4430     183     65.7597     189    
    [MED] med_phases_restart_write                                       144    24       4.5174      0.9790      3       4.9462      99     
      MED:(med_phases_restart_write)                                     144    24       4.5158      0.9774      3       4.9445      99     
    [ATM-TO-MED] RunPhase1                                               150    120      4.1688      0.0104      145     7.3916      40     
    [ICE-TO-MED] RunPhase1                                               156    120      0.5443      0.1084      186     0.5828      99     
    [MED] med_phases_post_ocn                                            144    24       0.1730      0.0041      0       3.9513      6      
      MED:(med_phases_post_ocn)                                          144    24       0.1712      0.0024      0       3.9496      6      
        MED:(med_phases_post_ocn) map_ocn2ice                            144    24       0.1712      0.0023      0       3.9496      6      
          MED: (module_MED_map:med_map_field_packed)                     144    24       0.1711      0.0023      0       3.9495      6      
            MED: (module_MED_map:med_map_field_packed) map               144    24       0.1698      0.0010      0       3.9482      6      
            MED: (module_MED_map:med_map_field_packed) copy from src     144    24       0.0006      0.0006      46      0.0007      109    
            MED: (module_MED_map:med_map_field_packed) copy to dest      144    24       0.0004      0.0004      135     0.0006      124    
    [MED] med_phases_post_ice                                            144    120      0.1726      0.1529      66      0.2236      0      
      MED:(med_phases_post_ice)                                          144    120      0.1614      0.1419      66      0.2131      0      
        MED: (med_fraction_set)                                          144    120      0.0834      0.0573      97      0.1427      0      
          MED: (med_fraction_set) fbfrac(compatm)                        144    120      0.0613      0.0365      67      0.1386      0      
          MED: (med_fraction_set) fbfrac(compocn)                        144    120      0.0204      0.0025      0       0.0463      77     
        MED: (module_MED_map:med_map_field_packed)                       144    120      0.0570      0.0477      105     0.0662      86     
          MED: (module_MED_map:med_map_field_packed) map                 144    120      0.0465      0.0369      105     0.0560      86     
          MED: (module_MED_map:med_map_field_packed) copy from src       144    120      0.0055      0.0052      49      0.0060      3      
          MED: (module_MED_map:med_map_field_packed) copy to dest        144    120      0.0025      0.0021      72      0.0036      1      
        MED:(med_phases_post_ice) map_ice2ocn                            144    120      0.0206      0.0140      140     0.0326      84     
          MED: (module_MED_map:med_map_field_packed)                     144    120      0.0204      0.0139      140     0.0325      84     
            MED: (module_MED_map:med_map_field_packed) map               144    120      0.0117      0.0053      140     0.0239      84     
            MED: (module_MED_map:med_map_field_packed) copy from src     144    120      0.0040      0.0037      36      0.0044      61     
            MED: (module_MED_map:med_map_field_packed) copy to dest      144    120      0.0027      0.0025      59      0.0030      95     
    [MED] med_phases_prep_atm                                            144    120      0.1717      0.1428      57      0.1887      0      
      MED:(med_phases_prep_atm)                                          144    120      0.1614      0.1322      57      0.1788      0      
        MED: (module_MED_map:med_map_field_packed)                       144    240      0.1376      0.0993      78      0.1674      0      
          MED: (module_MED_map:med_map_field_packed) map                 144    240      0.1265      0.0880      78      0.1553      0      
          MED: (module_MED_map:med_map_field_packed) copy from src       144    240      0.0055      0.0052      122     0.0058      59     
          MED: (module_MED_map:med_map_field_packed) copy to dest        144    240      0.0024      0.0021      97      0.0036      1      
        MED: (module_med_merge_mod: med_merge_auto)                      144    120      0.0102      0.0089      23      0.0114      100    
    [MED] med_phases_prep_ocn_accum                                      144    120      0.1257      0.1188      47      0.1359      108    
      MED:(med_phases_prep_ocn_accum)                                    144    120      0.1166      0.1101      47      0.1260      108    
        MED:(med_phases_prep_ocn_custom_nems)                            144    120      0.0497      0.0464      67      0.0544      132    
        MED: (module_med_merge_mod: med_merge_auto)                      144    120      0.0112      0.0104      35      0.0122      83     
    [MED] med_phases_post_atm                                            144    120      0.1138      0.0631      0       0.1307      66     
      MED:(med_phases_post_atm)                                          144    120      0.1004      0.0500      0       0.1175      66     
        MED:(med_phases_post_atm) map_atm2ocn                            144    120      0.0651      0.0190      24      0.0810      81     
          MED: (module_MED_map:med_map_field_packed)                     144    120      0.0649      0.0188      24      0.0808      81     
            MED: (module_MED_map:med_map_field_packed) map               144    240      0.0558      0.0098      24      0.0714      105    
            MED: (module_MED_map:med_map_field_packed) copy from src     144    240      0.0032      0.0027      122     0.0051      0      
            MED: (module_MED_map:med_map_field_packed) copy to dest      144    240      0.0032      0.0030      122     0.0035      25     
        MED:(med_phases_post_atm) map_atm2ice                            144    120      0.0350      0.0138      79      0.0783      88     
          MED: (module_MED_map:med_map_field_packed)                     144    120      0.0349      0.0137      79      0.0782      88     
            MED: (module_MED_map:med_map_field_packed) map               144    120      0.0265      0.0053      79      0.0700      88     
            MED: (module_MED_map:med_map_field_packed) copy to dest      144    120      0.0035      0.0032      117     0.0038      99     
            MED: (module_MED_map:med_map_field_packed) copy from src     144    120      0.0031      0.0024      24      0.0049      1      
    [MED-TO-ATM] RunPhase1                                               150    120      0.0971      0.0085      149     0.1186      119    
    [MED] med_phases_prep_ice                                            144    120      0.0268      0.0256      119     0.0283      100    
      MED:(med_phases_prep_ice)                                          144    120      0.0179      0.0169      122     0.0190      28     
        MED: (module_med_merge_mod: med_merge_auto)                      144    120      0.0177      0.0167      122     0.0188      28     
    [MED] med_phases_prep_ocn_avg                                        144    24       0.0252      0.0228      12      0.0288      103    
      MED:(med_phases_prep_ocn_avg)                                      144    24       0.0222      0.0211      12      0.0243      103    
  [EARTH Grid Comp] Init 1                                               192    1        124.5775    124.5773    142     124.5776    114    
    [ATM] IPDvXp01                                                       150    1        106.3745    106.2972    149     106.3928    30     
      [fv3_fcst] Init 1                                                  144    1        103.9183    103.8868    3       103.9300    48     
      [wrtComp_01] Init 1                                                6      1        0.2199      0.2199      146     0.2200      147    
    [ATM-TO-MED] IPDv05p1                                                150    1        1.5007      1.4878      138     1.7829      149    
    [MED] IPDv03p7                                                       144    2        1.1499      1.1137      124     1.1714      104    
      MED: (module_med_map: RouteHandles_init)                           144    1        0.6066      0.4176      54      0.7424      120    
      MED: (med_fraction_init)                                           144    1        0.2127      0.2034      124     0.2173      66     
        MED: (module_MED_map:med_map_routehandles_initfrom_fieldbundle)  144    2        0.1854      0.1653      99      0.2118      32     
      MED: (module_MED_MAP:MapNorm_init)                                 144    1        0.0133      0.0089      95      0.0172      28     
      MED:(med_phases_profile)                                           144    1        0.0111      0.0006      120     0.0203      52     
      MED:(med_phases_post_atm)                                          144    1        0.0104      0.0004      0       0.0243      131    
        MED:(med_phases_post_atm) map_atm2ocn                            144    1        0.0098      0.0002      24      0.0241      131    
          MED: (module_MED_map:med_map_field_packed)                     144    1        0.0098      0.0002      24      0.0241      131    
            MED: (module_MED_map:med_map_field_packed) map               144    2        0.0094      0.0001      24      0.0240      131    
            MED: (module_MED_map:med_map_field_packed) copy from src     144    2        0.0000      0.0000      96      0.0001      73     
            MED: (module_MED_map:med_map_field_packed) copy to dest      144    2        0.0000      0.0000      112     0.0000      89     
        MED:(med_phases_post_atm) map_atm2ice                            144    1        0.0004      0.0001      77      0.0176      25     
          MED: (module_MED_map:med_map_field_packed)                     144    1        0.0004      0.0001      77      0.0176      25     
            MED: (module_MED_map:med_map_field_packed) map               144    1        0.0004      0.0000      77      0.0175      25     
            MED: (module_MED_map:med_map_field_packed) copy to dest      144    1        0.0000      0.0000      0       0.0001      32     
            MED: (module_MED_map:med_map_field_packed) copy from src     144    1        0.0000      0.0000      46      0.0001      3      
      MED: (med_fraction_set)                                            144    1        0.0042      0.0001      71      0.0086      122    
        MED: (med_fraction_set) fbfrac(compocn)                          144    1        0.0028      0.0000      141     0.0084      119    
        MED: (med_fraction_set) fbfrac(compatm)                          144    1        0.0013      0.0000      49      0.0086      140    
      MED:(med_phases_post_ice)                                          144    1        0.0025      0.0021      123     0.0194      0      
        MED: (med_fraction_set)                                          144    1        0.0019      0.0014      65      0.0189      0      
          MED: (med_fraction_set) fbfrac(compatm)                        144    1        0.0008      0.0001      64      0.0183      0      
          MED: (med_fraction_set) fbfrac(compocn)                        144    1        0.0001      0.0000      0       0.0003      78     
        MED: (module_MED_map:med_map_field_packed)                       144    1        0.0004      0.0004      67      0.0005      65     
          MED: (module_MED_map:med_map_field_packed) map                 144    1        0.0003      0.0002      67      0.0004      65     
          MED: (module_MED_map:med_map_field_packed) copy from src       144    1        0.0001      0.0000      83      0.0001      73     
          MED: (module_MED_map:med_map_field_packed) copy to dest        144    1        0.0000      0.0000      97      0.0000      102    
        MED:(med_phases_post_ice) map_ice2ocn                            144    1        0.0002      0.0001      0       0.0003      37     
          MED: (module_MED_map:med_map_field_packed)                     144    1        0.0002      0.0001      0       0.0003      37     
            MED: (module_MED_map:med_map_field_packed) map               144    1        0.0001      0.0000      142     0.0003      37     
            MED: (module_MED_map:med_map_field_packed) copy from src     144    1        0.0000      0.0000      119     0.0001      73     
            MED: (module_MED_map:med_map_field_packed) copy to dest      144    1        0.0000      0.0000      6       0.0001      102    
      MED:(med_phases_post_ocn)                                          144    1        0.0003      0.0001      140     0.0006      95     
        MED:(med_phases_post_ocn) map_ocn2ice                            144    1        0.0003      0.0001      140     0.0006      95     
          MED: (module_MED_map:med_map_field_packed)                     144    1        0.0002      0.0001      140     0.0003      6      
            MED: (module_MED_map:med_map_field_packed) map               144    1        0.0001      0.0000      140     0.0002      6      
            MED: (module_MED_map:med_map_field_packed) copy from src     144    1        0.0000      0.0000      119     0.0001      73     
            MED: (module_MED_map:med_map_field_packed) copy to dest      144    1        0.0000      0.0000      18      0.0000      102    
    [OCN] IPDv03p1                                                       30     1        5.0062      5.0031      150     5.0072      155    
    [OCN-TO-MED] IPDv05p1                                                174    1        0.3642      0.0829      139     1.7102      150    
    [MED-TO-OCN] IPDv05p5                                                174    1        0.3477      0.3247      131     0.4562      151    
    [MED-TO-ICE] IPDv05p5                                                156    1        0.3579      0.3223      106     0.7788      185    
    [OCN-TO-MED] IPDv05p5                                                174    1        0.3097      0.2295      3       0.6924      179    
    [MED] IPDv03p1                                                       144    1        0.3446      0.3283      38      0.3669      79     
    [ICE-TO-MED] IPDv05p6b                                               156    1        0.2883      0.2811      120     0.3749      184    
    [MED-TO-ICE] IPDv05p6b                                               156    1        0.2877      0.2779      116     0.4053      183    
    [ICE] IPDv01p1                                                       12     1        2.9574      2.9572      183     2.9578      184    
    [ICE-TO-MED] IPDv05p5                                                156    1        0.2248      0.1958      84      0.5658      191    
    [ICE-TO-MED] IPDv05p1                                                156    1        0.2145      0.0919      90      1.6681      182    
    [MED-TO-OCN] IPDv05p1                                                174    1        0.1776      0.1546      80      0.2758      157    
    [MED-TO-OCN] IPDv05p3                                                174    1        0.1704      0.1428      124     0.3049      150    
    [ATM-TO-MED] IPDv05p5                                                150    1        0.1651      0.1348      86      0.7875      146    
    [MED-TO-ICE] IPDv05p1                                                156    1        0.1565      0.1342      77      0.4099      185    
    [MED] IPDv03p5                                                       144    1        0.1585      0.1526      27      0.1646      99     
    [ICE-TO-MED] IPDv05p4                                                156    1        0.1347      0.1229      28      0.2731      186    
    [OCN-TO-MED] IPDv05p6b                                               174    1        0.1207      0.0683      132     0.3717      153    
    [MED-TO-OCN] IPDv05p2a                                               174    1        0.1166      0.0779      109     0.2643      178    
    [MED-TO-OCN] IPDv05p4                                                174    1        0.1160      0.1035      87      0.1675      150    
    [OCN-TO-MED] IPDv05p6a                                               174    1        0.1153      0.0830      139     0.2646      173    
    [ICE-TO-MED] IPDv05p3                                                156    1        0.1279      0.1140      101     0.2936      186    
    [OCN-TO-MED] IPDv05p4                                                174    1        0.1139      0.0827      137     0.2574      152    
    [MED-TO-ATM] IPDv05p5                                                150    1        0.1310      0.1306      105     0.1312      1      
    [OCN-TO-MED] IPDv05p3                                                174    1        0.1090      0.0742      100     0.2759      154    
    [MED-TO-ICE] IPDv05p4                                                156    1        0.1214      0.1065      104     0.2763      180    
    [MED-TO-OCN] IPDv05p6b                                               174    1        0.1056      0.0816      21      0.2218      160    
    [MED-TO-ICE] IPDv05p6a                                               156    1        0.1166      0.1031      126     0.2610      184    
    [MED-TO-ATM] IPDv05p1                                                150    1        0.1202      0.1165      49      0.1308      13     
    [OCN-TO-MED] IPDv05p2a                                               174    1        0.1030      0.0722      123     0.2398      152    
    [MED-TO-ICE] IPDv05p3                                                156    1        0.1138      0.0964      121     0.3242      186    
    [MED-TO-OCN] IPDv05p2b                                               174    1        0.1008      0.0750      109     0.2151      154    
    [MED-TO-OCN] IPDv05p6a                                               174    1        0.1004      0.0877      108     0.1568      168    
    [ATM-TO-MED] IPDv05p3                                                150    1        0.1149      0.1053      11      0.3446      145    
    [OCN-TO-MED] IPDv05p2b                                               174    1        0.0978      0.0697      136     0.2278      153    
    [ICE-TO-MED] IPDv05p6a                                               156    1        0.1064      0.0929      127     0.2540      182    
    [MED-TO-ICE] IPDv05p2a                                               156    1        0.0988      0.0844      84      0.2565      187    
    [MED] IPDv03p4                                                       144    1        0.1053      0.1027      53      0.1058      28     
    [ICE-TO-MED] IPDv05p2a                                               156    1        0.0952      0.0817      87      0.2384      180    
    [OCN] IPDv03p3                                                       30     1        0.4832      0.4824      179     0.4883      150    
    [MED-TO-ICE] IPDv05p2b                                               156    1        0.0866      0.0751      0       0.2080      185    
    [ICE-TO-MED] IPDv05p2b                                               156    1        0.0865      0.0735      89      0.2260      191    
    [MED-TO-ATM] IPDv05p2a                                               150    1        0.0897      0.0766      6       0.2650      146    
    [ATM-TO-MED] IPDv05p2a                                               150    1        0.0856      0.0774      135     0.2460      145    
    [ATM-TO-MED] IPDv05p2b                                               150    1        0.0847      0.0773      101     0.2340      149    
    [MED-TO-ATM] IPDv05p3                                                150    1        0.0841      0.0771      127     0.2209      144    
    [ATM-TO-MED] IPDv05p6a                                               150    1        0.0819      0.0729      140     0.2687      147    
    [ATM-TO-MED] IPDv05p4                                                150    1        0.0722      0.0623      134     0.2782      147    
    [MED-TO-ATM] IPDv05p6a                                               150    1        0.0692      0.0664      135     0.0710      81     
    [MED-TO-ATM] IPDv05p4                                                150    1        0.0684      0.0615      147     0.0795      30     
    [MED-TO-ATM] IPDv05p2b                                               150    1        0.0591      0.0510      133     0.2121      147    
    [MED-TO-ATM] IPDv05p6b                                               150    1        0.0525      0.0444      98      0.2243      146    
    [ATM-TO-MED] IPDv05p6b                                               150    1        0.0398      0.0254      25      0.3850      148    
    [ICE] IPDv01p3                                                       12     1        0.3360      0.3358      180     0.3364      191    
    [OCN] IPDv03p7                                                       30     1        0.0907      0.0907      168     0.0908      159    
    [MED] Init 0                                                         144    1        0.0183      0.0021      47      0.0251      16     
    [ATM] IPDvXp04                                                       150    1        0.0154      0.0000      147     0.0256      85     
    [MED] IPDv03p3                                                       144    1        0.0121      0.0058      23      0.0208      79     
    [EARTH Grid Comp] IPDv04p2                                           192    1        0.0068      0.0019      173     0.0121      145    
    [OCN] Init 0                                                         30     1        0.0266      0.0262      150     0.0267      155    
    [ATM-TO-MED] RunPhase1                                               150    1        0.0044      0.0005      149     0.0054      86     
    [OCN-TO-MED] RunPhase1                                               174    1        0.0037      0.0001      75      0.0127      155    
    [ATM] Init 0                                                         150    1        0.0036      0.0016      74      0.0047      96     
    [ICE-TO-MED] RunPhase1                                               156    1        0.0021      0.0003      39      0.0131      191    
    [EARTH Grid Comp] IPDv05p3                                           192    1        0.0016      0.0003      150     0.0025      30     
    [MED] IPDv03p6                                                       144    1        0.0019      0.0005      141     0.0035      80     
    [EARTH Grid Comp] IPDv05p4                                           192    1        0.0013      0.0006      143     0.0016      7      
    [MED-TO-OCN] Init 0                                                  174    1        0.0014      0.0003      7       0.0027      156    
    [MED-TO-ATM] Init 0                                                  150    1        0.0014      0.0002      147     0.0329      80     
    [EARTH Grid Comp] IPDv05p8                                           192    1        0.0007      0.0005      147     0.0009      167    
    [EARTH Grid Comp] IPDv05p1                                           192    1        0.0007      0.0000      145     0.0012      0      
    [EARTH Grid Comp] IPDv05p2                                           192    1        0.0005      0.0000      142     0.0015      145    
    [EARTH Grid Comp] IPDv05p6                                           192    1        0.0005      0.0000      114     0.0010      163    
    [ATM] IPDvXp08                                                       150    1        0.0004      0.0001      32      0.0010      90     
    [OCN-TO-MED] Init 0                                                  174    1        0.0002      0.0002      103     0.0004      60     
    [MED-TO-ICE] Init 0                                                  156    1        0.0002      0.0002      21      0.0005      3      
    [ICE-TO-MED] Init 0                                                  156    1        0.0002      0.0002      141     0.0005      43     
    [ATM-TO-MED] Init 0                                                  150    1        0.0002      0.0002      66      0.0007      19     
    [ATM] IPDvXp07                                                       150    1        0.0002      0.0002      133     0.0002      136    
    [ICE] Init 0                                                         12     1        0.0012      0.0002      191     0.0013      183    
    [OCN] IPDv03p6                                                       30     1        0.0002      0.0002      152     0.0002      167    
    [ICE] IPDv01p5                                                       12     1        0.0005      0.0005      181     0.0006      189    
    [ICE] IPDv01p4                                                       12     1        0.0003      0.0003      187     0.0003      191    
  [EARTH Grid Comp] FinalizePhase1                                       192    1        1.6578      0.0409      145     4.3535      151    
    [ATM] FinalizePhase1                                                 150    1        1.1628      0.0029      144     1.2497      127    
      [fv3_fcst] Final 1                                                 144    1        1.2106      1.1672      3       1.2492      125    
      [wrtComp_01] Final 1                                               6      1        0.0000      0.0000      144     0.0000      146    
    [OCN] FinalizePhase1                                                 30     1        4.2064      0.3986      150     4.3497      151    
    [MED-TO-ATM] FinalizePhase1                                          150    1        0.0098      0.0002      130     0.0376      111    
    [MED-TO-ICE] FinalizePhase1                                          156    1        0.0009      0.0001      132     0.0103      182    
    [MED-TO-OCN] FinalizePhase1                                          174    1        0.0001      0.0001      125     0.0002      166    
    [OCN-TO-MED] FinalizePhase1                                          174    1        0.0001      0.0001      153     0.0001      134    
    [ICE-TO-MED] FinalizePhase1                                          156    1        0.0001      0.0001      181     0.0001      117    
    [ATM-TO-MED] FinalizePhase1                                          150    1        0.0001      0.0001      132     0.0002      149    
    [MED] FinalizePhase1                                                 144    1        0.0000      0.0000      126     0.0001      15     
    [ICE] FinalizePhase1                                                 12     1        0.0000      0.0000      181     0.0001      180    
