********
IMPORTANT: Large deviations between Connector times on different PETs
are typically indicators of load imbalance in the system. The following
Connectors in this profile may indicate a load imbalance:
	 - [MED-TO-OCN] RunPhase1
	 - [MED-TO-ICE] RunPhase1
	 - [ATM-TO-WAV] RunPhase1
	 - [ATM-TO-MED] RunPhase1
	 - [ICE-TO-WAV] RunPhase1
********

Region                                                                     PETs   Count    Mean (s)    Min (s)     Min PET Max (s)     Max PET
  [NEMS Grid Comp] Run 1                                                   560    1        622.5137    607.9296    320     640.8406    289    
    [EARTH grid component] RunPhase1                                       560    1        622.5137    607.9296    320     640.8406    289    
      [ATM] RunPhase1                                                      312    96       571.0800    535.0480    0       640.7526    305    
        [fv3_fcst] Run 1                                                   288    96       540.3362    510.0935    276     571.3547    162    
        [fv3_fcst] Run 2                                                   288    96       24.7733     7.0887      162     58.5897     266    
        [wrtComp_01] Run 1                                                 24     2        44.1825     42.8713     289     44.7081     307    
      [MED-TO-OCN] RunPhase1                                               408    12       134.6431    0.0069      215     457.7872    382    
      [WAV] RunPhase1                                                      80     96       394.7730    379.6572    544     406.8926    487    
      [MED-TO-ICE] RunPhase1                                               336    96       60.3805     0.0412      285     436.6508    475    
      [OCN] RunPhase1                                                      120    12       147.4023    147.0721    320     149.1035    312    
      [ATM-TO-WAV] RunPhase1                                               392    96       39.1843     0.0035      293     192.0151    532    
      [ICE] RunPhase1                                                      48     96       193.0750    178.7628    475     208.4241    439    
      [WAV-TO-ATM] RunPhase1                                               392    96       19.9162     0.0036      307     27.1309     247    
      [ATM-TO-MED] RunPhase1                                               312    96       14.2342     0.0080      293     45.6421     0      
      [MED] med_phases_restart_write                                       288    12       11.5072     11.4917     263     11.5093     144    
        MED:(med_phases_restart_write)                                     288    12       11.5062     11.4907     263     11.5084     144    
      [ICE-TO-WAV] RunPhase1                                               128    96       13.7337     0.0228      479     37.0621     544    
      [ICE-TO-MED] RunPhase1                                               336    96       4.7256      0.2014      432     5.8472      246    
      [OCN-TO-WAV] RunPhase1                                               200    12       6.5878      0.0026      419     16.4685     510    
      [WAV-TO-OCN] RunPhase1                                               200    12       1.8013      0.0036      532     3.0281      328    
      [MED] med_phases_post_ice                                            288    96       0.9372      0.4724      71      2.8096      24     
        MED:(med_phases_post_ice)                                          288    96       0.9248      0.4601      71      2.7967      24     
          MED: (med_fraction_set)                                          288    96       0.5401      0.1252      71      2.3877      24     
            MED: (med_fraction_set) fbfrac(compocn)                        288    96       0.4079      0.0151      59      2.2424      24     
            MED: (med_fraction_set) fbfrac(compatm)                        288    96       0.1271      0.0342      230     1.8869      0      
          MED: (module_MED_map:med_map_field_packed)                       288    96       0.2515      0.2027      50      0.3433      265    
            MED: (module_MED_map:med_map_field_packed) map                 288    96       0.2207      0.1724      52      0.3089      265    
            MED: (module_MED_map:med_map_field_packed) copy from src       288    96       0.0197      0.0134      281     0.0251      120    
            MED: (module_MED_map:med_map_field_packed) copy to dest        288    96       0.0072      0.0050      93      0.0104      1      
          MED:(med_phases_post_ice) map_ice2ocn                            288    96       0.1325      0.0766      287     0.2233      50     
            MED: (module_MED_map:med_map_field_packed)                     288    96       0.1323      0.0765      287     0.2231      50     
              MED: (module_MED_map:med_map_field_packed) map               288    96       0.0955      0.0495      287     0.1879      50     
              MED: (module_MED_map:med_map_field_packed) copy from src     288    96       0.0217      0.0134      285     0.0270      214    
              MED: (module_MED_map:med_map_field_packed) copy to dest      288    96       0.0117      0.0092      44      0.0151      242    
      [MED] med_phases_post_atm                                            288    96       0.5596      0.1633      24      0.6629      205    
        MED:(med_phases_post_atm)                                          288    96       0.5442      0.1489      24      0.6502      205    
          MED:(med_phases_post_atm) map_atm2ocn                            288    96       0.3200      0.0699      188     0.5189      252    
            MED: (module_MED_map:med_map_field_packed)                     288    96       0.3184      0.0697      188     0.5187      252    
              MED: (module_MED_map:med_map_field_packed) map               288    192      0.2857      0.0410      188     0.4863      252    
              MED: (module_MED_map:med_map_field_packed) copy from src     288    192      0.0148      0.0108      287     0.0269      0      
              MED: (module_MED_map:med_map_field_packed) copy to dest      288    192      0.0140      0.0108      283     0.0184      38     
          MED:(med_phases_post_atm) map_atm2ice                            288    96       0.2236      0.0574      214     0.5746      205    
            MED: (module_MED_map:med_map_field_packed)                     288    96       0.2234      0.0572      214     0.5744      205    
              MED: (module_MED_map:med_map_field_packed) map               288    96       0.1889      0.0229      132     0.5427      205    
              MED: (module_MED_map:med_map_field_packed) copy from src     288    96       0.0173      0.0116      287     0.0324      1      
              MED: (module_MED_map:med_map_field_packed) copy to dest      288    96       0.0145      0.0117      283     0.0171      190    
      [MED] med_phases_prep_atm                                            288    96       0.4171      0.3103      81      0.4901      287    
        MED:(med_phases_prep_atm)                                          288    96       0.4062      0.2984      81      0.4806      287    
          MED: (module_MED_map:med_map_field_packed)                       288    192      0.3921      0.2848      81      0.4698      287    
            MED: (module_MED_map:med_map_field_packed) map                 288    192      0.3599      0.2502      81      0.4471      287    
            MED: (module_MED_map:med_map_field_packed) copy from src       288    192      0.0208      0.0140      287     0.0264      77     
            MED: (module_MED_map:med_map_field_packed) copy to dest        288    192      0.0070      0.0053      287     0.0111      0      
          MED: (module_med_merge_mod: med_merge_auto)                      288    96       0.0118      0.0091      287     0.0166      0      
      [MED-TO-ATM] RunPhase1                                               312    96       0.1676      0.0057      299     0.2489      72     
      [MED] med_phases_prep_ocn_accum                                      288    96       0.1392      0.1298      197     0.1644      286    
        MED:(med_phases_prep_ocn_accum)                                    288    96       0.1297      0.1209      197     0.1550      286    
          MED:(med_phases_prep_ocn_custom_nems)                            288    96       0.0542      0.0512      266     0.0636      96     
          MED: (module_med_merge_mod: med_merge_auto)                      288    96       0.0197      0.0164      197     0.0401      286    
      [MED] med_phases_prep_ice                                            288    96       0.0536      0.0432      120     0.0624      149    
        MED:(med_phases_prep_ice)                                          288    96       0.0433      0.0320      281     0.0521      149    
          MED: (module_med_merge_mod: med_merge_auto)                      288    96       0.0429      0.0317      281     0.0517      149    
      [MED] med_phases_post_ocn                                            288    12       0.0176      0.0123      281     0.0341      251    
        MED:(med_phases_post_ocn)                                          288    12       0.0163      0.0111      225     0.0328      251    
          MED:(med_phases_post_ocn) map_ocn2ice                            288    12       0.0162      0.0110      225     0.0327      251    
            MED: (module_MED_map:med_map_field_packed)                     288    12       0.0162      0.0110      225     0.0327      251    
              MED: (module_MED_map:med_map_field_packed) map               288    12       0.0127      0.0076      281     0.0289      251    
              MED: (module_MED_map:med_map_field_packed) copy from src     288    12       0.0019      0.0013      144     0.0028      134    
              MED: (module_MED_map:med_map_field_packed) copy to dest      288    12       0.0012      0.0010      266     0.0017      15     
      [MED] med_phases_prep_ocn_avg                                        288    12       0.0144      0.0136      203     0.0160      7      
        MED:(med_phases_prep_ocn_avg)                                      288    12       0.0133      0.0126      203     0.0149      7      
      [OCN-TO-MED] RunPhase1                                               408    12       0.0091      0.0059      244     0.0124      350    
      [MED-TO-EARTH grid component] RunPhase1                              560    1        0.0001      0.0000      291     0.0004      216    
      [ATM-TO-EARTH grid component] RunPhase1                              560    1        0.0000      0.0000      420     0.0003      206    
      [OCN-TO-EARTH grid component] RunPhase1                              560    1        0.0000      0.0000      433     0.0003      200    
      [EARTH grid component-TO-MED] RunPhase1                              560    1        0.0000      0.0000      85      0.0000      240    
      [ICE-TO-EARTH grid component] RunPhase1                              560    1        0.0000      0.0000      293     0.0001      165    
      [WAV-TO-EARTH grid component] RunPhase1                              560    1        0.0000      0.0000      293     0.0002      244    
      [EARTH grid component-TO-ATM] RunPhase1                              560    1        0.0000      0.0000      219     0.0000      279    
      [EARTH grid component-TO-OCN] RunPhase1                              560    1        0.0000      0.0000      82      0.0000      275    
      [EARTH grid component-TO-ICE] RunPhase1                              560    1        0.0000      0.0000      269     0.0000      136    
      [EARTH grid component-TO-WAV] RunPhase1                              560    1        0.0000      0.0000      215     0.0000      324    
  [NEMS Grid Comp] Init 1                                                  560    1        100.3422    100.3341    544     100.3493    243    
    [EARTH grid component] Init 1                                          560    1        100.2765    100.2688    547     100.2832    14     
      [ATM] IPDv01p1                                                       312    1        32.0877     32.0018     294     32.1005     251    
        [fv3_fcst] Init 1                                                  288    1        26.7913     26.7826     286     26.8004     40     
        [wrtComp_01] Init 1                                                24     1        0.0416      0.0409      299     0.0424      310    
      [EARTH grid component-TO-MED] IPDv05p6b                              560    1        6.1160      0.0009      494     11.4915     434    
      [WAV-TO-OCN] IPDv05p6b                                               200    1        10.5770     9.2073      494     11.4902     368    
      [OCN] IPDv03p1                                                       120    1        14.0916     14.0900     421     14.0956     354    
      [MED] IPDv03p7                                                       288    2        5.0873      5.0821      276     5.1072      28     
        MED: (module_med_map: RouteHandles_init)                           288    1        3.3877      3.3802      1       3.3916      264    
        MED: (med_fraction_init)                                           288    1        1.5832      1.5786      159     1.6024      1      
          MED: (module_MED_map:med_map_routehandles_initfrom_fieldbundle)  288    2        1.5809      1.5757      285     1.5995      1      
        MED:(med_phases_post_ice)                                          288    1        0.0057      0.0042      47      0.0088      24     
          MED: (module_MED_map:med_map_field_packed)                       288    1        0.0025      0.0019      46      0.0036      267    
            MED: (module_MED_map:med_map_field_packed) map                 288    1        0.0022      0.0014      47      0.0031      267    
            MED: (module_MED_map:med_map_field_packed) copy from src       288    1        0.0003      0.0002      280     0.0005      108    
            MED: (module_MED_map:med_map_field_packed) copy to dest        288    1        0.0001      0.0000      286     0.0002      0      
          MED: (med_fraction_set)                                          288    1        0.0017      0.0005      64      0.0042      24     
            MED: (med_fraction_set) fbfrac(compatm)                        288    1        0.0009      0.0001      78      0.0023      0      
            MED: (med_fraction_set) fbfrac(compocn)                        288    1        0.0008      0.0001      64      0.0036      24     
          MED:(med_phases_post_ice) map_ice2ocn                            288    1        0.0015      0.0009      36      0.0025      77     
            MED: (module_MED_map:med_map_field_packed)                     288    1        0.0015      0.0009      36      0.0025      77     
              MED: (module_MED_map:med_map_field_packed) map               288    1        0.0010      0.0005      36      0.0022      77     
              MED: (module_MED_map:med_map_field_packed) copy from src     288    1        0.0003      0.0002      12      0.0005      28     
              MED: (module_MED_map:med_map_field_packed) copy to dest      288    1        0.0001      0.0001      283     0.0003      170    
        MED:(med_phases_post_atm)                                          288    1        0.0042      0.0018      24      0.0056      64     
          MED:(med_phases_post_atm) map_atm2ocn                            288    1        0.0025      0.0007      233     0.0037      106    
            MED: (module_MED_map:med_map_field_packed)                     288    1        0.0025      0.0007      233     0.0037      106    
              MED: (module_MED_map:med_map_field_packed) map               288    2        0.0022      0.0004      233     0.0034      106    
              MED: (module_MED_map:med_map_field_packed) copy from src     288    2        0.0002      0.0001      244     0.0005      2      
              MED: (module_MED_map:med_map_field_packed) copy to dest      288    2        0.0002      0.0001      174     0.0003      225    
          MED:(med_phases_post_atm) map_atm2ice                            288    1        0.0017      0.0006      214     0.0038      243    
            MED: (module_MED_map:med_map_field_packed)                     288    1        0.0017      0.0006      214     0.0038      243    
              MED: (module_MED_map:med_map_field_packed) map               288    1        0.0012      0.0002      132     0.0033      243    
              MED: (module_MED_map:med_map_field_packed) copy from src     288    1        0.0002      0.0001      242     0.0005      1      
              MED: (module_MED_map:med_map_field_packed) copy to dest      288    1        0.0002      0.0001      278     0.0003      275    
        MED: (module_MED_MAP:MapNorm_init)                                 288    1        0.0035      0.0030      147     0.0040      258    
        MED: (med_fraction_set)                                            288    1        0.0021      0.0005      1       0.0025      48     
          MED: (med_fraction_set) fbfrac(compatm)                          288    1        0.0013      0.0001      30      0.0021      168    
          MED: (med_fraction_set) fbfrac(compocn)                          288    1        0.0008      0.0001      0       0.0021      57     
        MED:(med_phases_post_ocn)                                          288    1        0.0013      0.0007      265     0.0027      179    
          MED:(med_phases_post_ocn) map_ocn2ice                            288    1        0.0013      0.0007      265     0.0027      179    
            MED: (module_MED_map:med_map_field_packed)                     288    1        0.0013      0.0007      265     0.0027      179    
              MED: (module_MED_map:med_map_field_packed) map               288    1        0.0009      0.0004      265     0.0022      179    
              MED: (module_MED_map:med_map_field_packed) copy from src     288    1        0.0003      0.0001      286     0.0004      136    
              MED: (module_MED_map:med_map_field_packed) copy to dest      288    1        0.0001      0.0001      195     0.0002      241    
        MED:(med_phases_profile)                                           288    1        0.0002      0.0001      0       0.0003      245    
      [WAV-TO-EARTH grid component] IPDv05p6b                              560    1        2.1087      0.0002      553     3.9976      340    
      [WAV-TO-ATM] IPDv05p6b                                               392    1        2.2827      2.2818      161     2.2828      518    
      [ICE-TO-EARTH grid component] IPDv05p6b                              560    1        1.5384      0.0004      484     2.6261      301    
      [MED-TO-ICE] IPDv05p6b                                               336    1        2.0286      1.9517      202     2.4891      465    
      [ICE-TO-MED] IPDv05p6b                                               336    1        1.8962      1.8956      142     1.8962      450    
      [ATM-TO-WAV] IPDv05p6b                                               392    1        1.3481      1.3010      200     1.5315      529    
      [OCN-TO-WAV] IPDv05p6b                                               200    1        2.4506      2.3339      314     2.6255      524    
      [ATM-TO-EARTH grid component] IPDv05p6b                              560    1        0.8715      0.0004      208     2.4906      548    
      [ICE] IPDv01p3                                                       48     1        9.4580      9.4552      436     9.4597      475    
      [ICE-TO-WAV] IPDv05p6b                                               128    1        3.2862      2.1010      453     3.9973      492    
      [OCN-TO-EARTH grid component] IPDv05p6b                              560    1        0.4600      0.0004      187     1.5321      476    
      [ATM-TO-EARTH grid component] IPDv05p1                               560    1        0.3446      0.2009      243     0.7290      515    
      [ATM-TO-EARTH grid component] IPDv05p5                               560    1        0.3324      0.0825      244     1.1867      529    
      [ATM-TO-MED] IPDv05p5                                                312    1        0.5653      0.5644      310     0.5665      244    
      [MED-TO-ATM] IPDv05p5                                                312    1        0.5477      0.5468      241     0.5493      270    
      [MED-TO-OCN] IPDv05p5                                                408    1        0.4016      0.2393      270     0.7890      406    
      [MED-TO-OCN] IPDv05p6b                                               408    1        0.3791      0.3132      228     0.5372      347    
      [ATM-TO-EARTH grid component] IPDv05p2a                              560    1        0.2719      0.1917      59      0.5408      485    
      [OCN-TO-EARTH grid component] IPDv05p5                               560    1        0.2573      0.0640      46      0.7067      318    
      [MED-TO-ICE] IPDv05p5                                                336    1        0.4269      0.3137      92      1.1030      463    
      [ATM-TO-EARTH grid component] IPDv05p2b                              560    1        0.2290      0.1735      162     0.4047      511    
      [OCN-TO-EARTH grid component] IPDv05p1                               560    1        0.2195      0.0970      224     0.4827      333    
      [OCN-TO-MED] IPDv05p6b                                               408    1        0.2916      0.2915      316     0.2916      186    
      [ICE-TO-MED] IPDv05p5                                                336    1        0.3372      0.3355      120     0.3395      16     
      [ICE-TO-EARTH grid component] IPDv05p2a                              560    1        0.1941      0.1213      324     0.3487      444    
      [WAV-TO-EARTH grid component] IPDv05p5                               560    1        0.1868      0.0662      436     0.4475      388    
      [EARTH grid component-TO-MED] IPDv05p1                               560    1        0.1812      0.1355      400     0.3012      440    
      [WAV-TO-EARTH grid component] IPDv05p1                               560    1        0.1806      0.1015      533     0.2999      322    
      [ATM-TO-EARTH grid component] IPDv05p3                               560    1        0.1773      0.1074      264     0.3915      496    
      [OCN-TO-EARTH grid component] IPDv05p2a                              560    1        0.1719      0.0988      181     0.3703      320    
      [MED] IPDv03p4                                                       288    1        0.3307      0.3294      120     0.3324      8      
      [MED-TO-EARTH grid component] IPDv05p2a                              560    1        0.1700      0.1555      242     0.1963      281    
      [ATM-TO-EARTH grid component] IPDv05p4                               560    1        0.1682      0.0881      16      0.3882      493    
      [OCN-TO-MED] IPDv05p5                                                408    1        0.2216      0.2202      121     0.2227      264    
      [ATM-TO-EARTH grid component] IPDv05p6a                              560    1        0.1593      0.0796      221     0.3986      481    
      [OCN-TO-EARTH grid component] IPDv05p3                               560    1        0.1589      0.0547      244     0.4001      450    
      [MED-TO-EARTH grid component] IPDv05p1                               560    1        0.1572      0.1557      437     0.1944      243    
      [MED-TO-OCN] IPDv05p1                                                408    1        0.2153      0.1605      71      0.3440      328    
      [EARTH grid component-TO-MED] IPDv05p6a                              560    1        0.1502      0.1131      410     0.2270      445    
      [EARTH grid component-TO-MED] IPDv05p4                               560    1        0.1500      0.1071      410     0.2309      457    
      [ATM-TO-WAV] IPDv05p1                                                392    1        0.2124      0.1585      274     0.3759      488    
      [OCN-TO-EARTH grid component] IPDv05p2b                              560    1        0.1435      0.0710      84      0.3237      327    
      [ICE-TO-EARTH grid component] IPDv05p5                               560    1        0.1429      0.0893      343     0.3485      472    
      [EARTH grid component-TO-MED] IPDv05p5                               560    1        0.1425      0.1047      410     0.2200      473    
      [EARTH grid component-TO-MED] IPDv05p2a                              560    1        0.1416      0.1042      410     0.2179      454    
      [EARTH grid component-TO-ATM] IPDv05p1                               560    1        0.1414      0.1100      322     0.1721      336    
      [ICE-TO-EARTH grid component] IPDv05p1                               560    1        0.1403      0.1001      365     0.2626      436    
      [EARTH grid component-TO-OCN] IPDv05p1                               560    1        0.1352      0.1054      434     0.1641      418    
      [ATM-TO-WAV] IPDv05p5                                                392    1        0.1912      0.0746      202     0.6416      527    
      [ATM-TO-MED] IPDv05p3                                                312    1        0.2393      0.2384      120     0.2403      264    
      [WAV-TO-EARTH grid component] IPDv05p4                               560    1        0.1332      0.0652      436     0.2451      397    
      [EARTH grid component-TO-ICE] IPDv05p1                               560    1        0.1287      0.0995      418     0.1590      428    
      [ATM-TO-MED] IPDv05p6b                                               312    1        0.2302      0.2291      260     0.2303      234    
      [WAV-TO-EARTH grid component] IPDv05p6a                              560    1        0.1282      0.0647      436     0.2292      412    
      [ICE-TO-EARTH grid component] IPDv05p2b                              560    1        0.1276      0.0857      379     0.2261      303    
      [EARTH grid component-TO-MED] IPDv05p2b                              560    1        0.1267      0.0930      430     0.1991      452    
      [MED] IPDv03p5                                                       288    1        0.2461      0.2430      63      0.2542      287    
      [ICE-TO-EARTH grid component] IPDv05p6a                              560    1        0.1259      0.0885      533     0.2370      475    
      [ICE-TO-EARTH grid component] IPDv05p4                               560    1        0.1258      0.0898      393     0.2180      308    
      [MED-TO-OCN] IPDv05p2a                                               408    1        0.1721      0.1361      254     0.2573      395    
      [MED-TO-ICE] IPDv05p1                                                336    1        0.2087      0.1489      125     0.5035      436    
      [MED-TO-ATM] IPDv05p6b                                               312    1        0.2237      0.2236      293     0.2238      145    
      [OCN] IPDv03p3                                                       120    1        0.5689      0.5679      410     0.5703      318    
      [OCN-TO-EARTH grid component] IPDv05p6a                              560    1        0.1202      0.0638      27      0.2489      398    
      [WAV-TO-EARTH grid component] IPDv05p2a                              560    1        0.1191      0.0793      438     0.1786      338    
      [EARTH grid component-TO-WAV] IPDv05p1                               560    1        0.1189      0.0864      336     0.1480      332    
      [EARTH grid component-TO-ATM] IPDv05p2a                              560    1        0.1167      0.1044      420     0.1282      433    
      [OCN-TO-EARTH grid component] IPDv05p4                               560    1        0.1147      0.0646      188     0.2298      384    
      [ATM-TO-MED] IPDv05p1                                                312    1        0.2046      0.1918      309     0.2057      278    
      [MED-TO-EARTH grid component] IPDv05p6a                              560    1        0.1106      0.1090      414     0.1152      0      
      [WAV-TO-EARTH grid component] IPDv05p2b                              560    1        0.1100      0.0700      434     0.1796      365    
      [WAV-TO-EARTH grid component] IPDv05p3                               560    1        0.1093      0.0574      436     0.2050      298    
      [ATM-TO-WAV] IPDv05p3                                                392    1        0.1536      0.1033      264     0.3447      527    
      [OCN-TO-MED] IPDv05p2a                                               408    1        0.1457      0.1150      320     0.1660      324    
      [EARTH grid component-TO-ICE] IPDv05p2a                              560    1        0.1058      0.0918      433     0.1192      409    
      [MED-TO-EARTH grid component] IPDv05p2b                              560    1        0.1043      0.0910      409     0.1310      320    
      [MED-TO-OCN] IPDv05p6a                                               408    1        0.1430      0.1152      81      0.2075      405    
      [EARTH grid component-TO-OCN] IPDv05p2a                              560    1        0.1041      0.1010      400     0.1067      433    
      [EARTH grid component-TO-MED] IPDv05p3                               560    1        0.1034      0.0736      400     0.1758      475    
      [ATM-TO-WAV] IPDv05p2b                                               392    1        0.1467      0.1226      90      0.2369      527    
      [MED-TO-ATM] IPDv05p1                                                312    1        0.1807      0.1650      243     0.1848      200    
      [MED-TO-EARTH grid component] IPDv05p5                               560    1        0.0989      0.0974      438     0.1008      4      
      [EARTH grid component-TO-ATM] IPDv05p2b                              560    1        0.0974      0.0817      385     0.1033      365    
      [MED-TO-OCN] IPDv05p3                                                408    1        0.1321      0.1079      32      0.1911      406    
      [ICE-TO-EARTH grid component] IPDv05p3                               560    1        0.0933      0.0665      416     0.1677      432    
      [MED-TO-OCN] IPDv05p4                                                408    1        0.1262      0.1048      242     0.1769      387    
      [MED-TO-ICE] IPDv05p4                                                336    1        0.1478      0.1211      143     0.2994      449    
      [EARTH grid component-TO-WAV] IPDv05p2a                              560    1        0.0884      0.0665      370     0.0995      365    
      [EARTH grid component-TO-ICE] IPDv05p5                               560    1        0.0850      0.0817      190     0.0874      518    
      [ATM-TO-WAV] IPDv05p2a                                               392    1        0.1209      0.0891      147     0.2404      488    
      [MED-TO-ICE] IPDv05p6a                                               336    1        0.1405      0.1090      36      0.3181      436    
      [EARTH grid component-TO-ICE] IPDv05p4                               560    1        0.0841      0.0829      167     0.0848      444    
      [ATM-TO-MED] IPDv05p2a                                               312    1        0.1495      0.1425      281     0.1504      56     
      [EARTH grid component-TO-OCN] IPDv05p6a                              560    1        0.0827      0.0788      400     0.0838      502    
      [EARTH grid component-TO-ICE] IPDv05p6a                              560    1        0.0824      0.0818      338     0.0863      379    
      [EARTH grid component-TO-OCN] IPDv05p4                               560    1        0.0822      0.0796      385     0.0828      481    
      [OCN-TO-MED] IPDv05p6a                                               408    1        0.1123      0.1113      216     0.1134      366    
      [EARTH grid component-TO-OCN] IPDv05p5                               560    1        0.0809      0.0794      145     0.0840      190    
      [ICE-TO-MED] IPDv05p4                                                336    1        0.1347      0.1328      281     0.1373      140    
      [MED-TO-OCN] IPDv05p2b                                               408    1        0.1105      0.0891      94      0.1717      412    
      [OCN-TO-MED] IPDv05p1                                                408    1        0.1100      0.0977      250     0.1216      223    
      [MED-TO-EARTH grid component] IPDv05p4                               560    1        0.0775      0.0758      365     0.0799      481    
      [EARTH grid component-TO-ATM] IPDv05p3                               560    1        0.0775      0.0765      290     0.0790      308    
      [MED-TO-EARTH grid component] IPDv05p3                               560    1        0.0771      0.0730      286     0.0832      537    
      [MED-TO-ICE] IPDv05p2a                                               336    1        0.1279      0.0890      281     0.3484      456    
      [WAV-TO-ATM] IPDv05p1                                                392    1        0.1092      0.0855      245     0.1204      271    
      [EARTH grid component-TO-ATM] IPDv05p4                               560    1        0.0746      0.0726      506     0.0775      385    
      [ICE-TO-MED] IPDv05p6a                                               336    1        0.1226      0.1209      17      0.1235      249    
      [EARTH grid component-TO-ATM] IPDv05p6a                              560    1        0.0733      0.0701      545     0.0774      400    
      [ICE-TO-MED] IPDv05p3                                                336    1        0.1201      0.1193      441     0.1211      250    
      [MED-TO-ICE] IPDv05p3                                                336    1        0.1198      0.0926      80      0.2837      436    
      [EARTH grid component-TO-ATM] IPDv05p5                               560    1        0.0716      0.0674      424     0.0728      145    
      [ICE-TO-MED] IPDv05p1                                                336    1        0.1175      0.1120      223     0.1187      116    
      [OCN-TO-MED] IPDv05p2b                                               408    1        0.0946      0.0913      327     0.0954      254    
      [EARTH grid component-TO-OCN] IPDv05p2b                              560    1        0.0680      0.0619      365     0.0688      242    
      [ATM-TO-WAV] IPDv05p6a                                               392    1        0.0971      0.0733      144     0.1842      537    
      [MED-TO-ATM] IPDv05p2a                                               312    1        0.1193      0.1032      281     0.1206      254    
      [EARTH grid component-TO-ICE] IPDv05p2b                              560    1        0.0659      0.0653      381     0.0665      456    
      [OCN-TO-MED] IPDv05p4                                                408    1        0.0902      0.0894      120     0.0911      244    
      [ATM-TO-WAV] IPDv05p4                                                392    1        0.0938      0.0748      264     0.1642      536    
      [EARTH grid component-TO-WAV] IPDv05p6a                              560    1        0.0650      0.0606      379     0.0669      277    
      [EARTH grid component-TO-WAV] IPDv05p5                               560    1        0.0647      0.0621      518     0.0654      527    
      [EARTH grid component-TO-OCN] IPDv05p3                               560    1        0.0641      0.0626      308     0.0647      413    
      [EARTH grid component-TO-ICE] IPDv05p3                               560    1        0.0638      0.0632      280     0.0643      440    
      [ATM-TO-MED] IPDv05p2b                                               312    1        0.1129      0.1096      180     0.1136      188    
      [EARTH grid component-TO-WAV] IPDv05p4                               560    1        0.0619      0.0613      444     0.0626      32     
      [WAV] IPDv03p1                                                       80     1        0.4306      0.4299      552     0.4319      481    
      [ATM-TO-MED] IPDv05p6a                                               312    1        0.1084      0.1070      41      0.1101      144    
      [ICE-TO-WAV] IPDv05p5                                                128    1        0.2539      0.0424      442     0.3807      529    
      [MED-TO-ICE] IPDv05p2b                                               336    1        0.0926      0.0688      201     0.2306      432    
      [OCN-TO-MED] IPDv05p3                                                408    1        0.0747      0.0739      120     0.0756      420    
      [EARTH grid component-TO-WAV] IPDv05p3                               560    1        0.0543      0.0540      344     0.0549      26     
      [EARTH grid component-TO-WAV] IPDv05p2b                              560    1        0.0527      0.0524      22      0.0551      512    
      [MED-TO-ATM] IPDv05p6a                                               312    1        0.0907      0.0898      45      0.0917      252    
      [ATM-TO-MED] IPDv05p4                                                312    1        0.0878      0.0853      203     0.0885      254    
      [OCN-TO-WAV] IPDv05p2a                                               200    1        0.1345      0.0451      428     0.2231      529    
      [MED-TO-ATM] IPDv05p3                                                312    1        0.0825      0.0816      310     0.0835      264    
      [WAV-TO-ATM] IPDv05p5                                                392    1        0.0649      0.0639      521     0.0658      181    
      [WAV-TO-ATM] IPDv05p4                                                392    1        0.0649      0.0639      216     0.0659      141    
      [WAV-TO-ATM] IPDv05p6a                                               392    1        0.0647      0.0638      286     0.0654      136    
      [WAV-TO-ATM] IPDv05p3                                                392    1        0.0643      0.0634      282     0.0653      101    
      [WAV-TO-ATM] IPDv05p2a                                               392    1        0.0637      0.0624      222     0.0646      137    
      [ICE-TO-MED] IPDv05p2b                                               336    1        0.0741      0.0732      455     0.0749      171    
      [OCN-TO-WAV] IPDv05p5                                                200    1        0.1222      0.0332      377     0.2556      529    
      [WAV-TO-ATM] IPDv05p2b                                               392    1        0.0617      0.0608      293     0.0625      136    
      [WAV-TO-OCN] IPDv05p1                                                200    1        0.1204      0.0542      481     0.1720      370    
      [ICE-TO-MED] IPDv05p2a                                               336    1        0.0713      0.0701      437     0.0724      178    
      [MED] IPDv03p1                                                       288    1        0.0782      0.0754      283     0.0823      0      
      [MED-TO-ATM] IPDv05p4                                                312    1        0.0707      0.0697      310     0.0715      278    
      [MED-TO-ATM] IPDv05p2b                                               312    1        0.0703      0.0692      310     0.0712      250    
      [WAV] IPDv03p3                                                       80     1        0.2447      0.2438      544     0.2456      496    
      [WAV-TO-OCN] IPDv05p4                                                200    1        0.0954      0.0557      499     0.1223      409    
      [WAV-TO-OCN] IPDv05p5                                                200    1        0.0874      0.0475      540     0.1141      410    
      [ICE-TO-WAV] IPDv05p1                                                128    1        0.1359      0.0577      436     0.1807      523    
      [WAV-TO-OCN] IPDv05p2a                                               200    1        0.0867      0.0479      520     0.1131      414    
      [WAV-TO-OCN] IPDv05p6a                                               200    1        0.0864      0.0468      542     0.1131      393    
      [OCN-TO-WAV] IPDv05p2b                                               200    1        0.0818      0.0354      365     0.1393      523    
      [OCN-TO-WAV] IPDv05p1                                                200    1        0.0818      0.0346      372     0.1488      517    
      [ICE-TO-WAV] IPDv05p4                                                128    1        0.1262      0.0412      442     0.1781      490    
      [WAV-TO-OCN] IPDv05p2b                                               200    1        0.0801      0.0423      506     0.1107      385    
      [OCN-TO-WAV] IPDv05p6a                                               200    1        0.0795      0.0333      366     0.1477      529    
      [ICE-TO-WAV] IPDv05p6a                                               128    1        0.1175      0.0400      441     0.1639      533    
      [WAV-TO-OCN] IPDv05p3                                                200    1        0.0751      0.0356      533     0.1017      406    
      [OCN-TO-WAV] IPDv05p4                                                200    1        0.0702      0.0338      313     0.1249      533    
      [ICE-TO-WAV] IPDv05p3                                                128    1        0.1015      0.0262      436     0.1468      525    
      [OCN-TO-WAV] IPDv05p3                                                200    1        0.0550      0.0247      319     0.1003      498    
      [ICE-TO-WAV] IPDv05p2b                                               128    1        0.0729      0.0262      466     0.1009      537    
      [ICE-TO-WAV] IPDv05p2a                                               128    1        0.0714      0.0262      441     0.0986      539    
      [ICE-TO-MED] RunPhase1                                               336    1        0.0220      0.0049      439     0.0294      257    
      [WAV] IPDv03p7                                                       80     2        0.0622      0.0619      492     0.0627      520    
      [EARTH grid component] IPDv04p2                                      560    1        0.0065      0.0017      529     0.0100      200    
      [ATM] IPDv01p3                                                       312    1        0.0083      0.0000      293     0.0100      53     
      [MED] IPDv03p3                                                       288    1        0.0066      0.0062      232     0.0073      285    
      [ICE] IPDv01p1                                                       48     1        0.0390      0.0375      438     0.0407      475    
      [MED-TO-EARTH grid component] IPDv05p6b                              560    1        0.0026      0.0006      277     0.0038      436    
      [EARTH grid component] IPDv05p3                                      560    1        0.0012      0.0008      531     0.0016      200    
      [ATM-TO-MED] RunPhase1                                               312    1        0.0022      0.0001      295     0.0027      5      
      [ATM] Init 0                                                         312    1        0.0016      0.0013      308     0.0019      204    
      [OCN-TO-MED] RunPhase1                                               408    1        0.0011      0.0004      4       0.0017      207    
      [EARTH grid component-TO-ATM] IPDv05p6b                              560    1        0.0007      0.0004      40      0.0007      491    
      [EARTH grid component-TO-OCN] IPDv05p6b                              560    1        0.0005      0.0005      169     0.0006      326    
      [EARTH grid component] IPDv05p4                                      560    1        0.0005      0.0004      227     0.0009      100    
      [EARTH grid component-TO-ICE] IPDv05p6b                              560    1        0.0004      0.0004      136     0.0005      438    
      [OCN] IPDv03p7                                                       120    1        0.0018      0.0015      420     0.0020      351    
      [MED] IPDv03p6                                                       288    1        0.0007      0.0006      225     0.0009      124    
      [EARTH grid component-TO-MED] Init 0                                 560    1        0.0003      0.0003      482     0.0004      329    
      [ATM-TO-WAV] RunPhase1                                               392    1        0.0004      0.0001      297     0.0017      493    
      [MED] Init 0                                                         288    1        0.0005      0.0004      75      0.0018      0      
      [EARTH grid component-TO-ATM] Init 0                                 560    1        0.0002      0.0002      496     0.0004      368    
      [EARTH grid component-TO-OCN] Init 0                                 560    1        0.0002      0.0002      499     0.0003      362    
      [ATM-TO-EARTH grid component] Init 0                                 560    1        0.0002      0.0002      529     0.0003      368    
      [EARTH grid component-TO-WAV] Init 0                                 560    1        0.0002      0.0002      529     0.0003      122    
      [EARTH grid component-TO-ICE] Init 0                                 560    1        0.0002      0.0002      557     0.0003      368    
      [ICE-TO-EARTH grid component] Init 0                                 560    1        0.0002      0.0002      557     0.0003      32     
      [EARTH grid component-TO-WAV] IPDv05p6b                              560    1        0.0002      0.0002      438     0.0003      281    
      [MED-TO-EARTH grid component] Init 0                                 560    1        0.0002      0.0002      555     0.0003      122    
      [WAV-TO-EARTH grid component] Init 0                                 560    1        0.0002      0.0002      512     0.0003      122    
      [OCN-TO-EARTH grid component] Init 0                                 560    1        0.0002      0.0002      503     0.0003      76     
      [OCN] Init 0                                                         120    1        0.0010      0.0008      318     0.0012      320    
      [MED-TO-OCN] Init 0                                                  408    1        0.0002      0.0002      62      0.0003      7      
      [OCN-TO-MED] Init 0                                                  408    1        0.0002      0.0002      127     0.0005      371    
      [WAV-TO-ATM] Init 0                                                  392    1        0.0002      0.0002      480     0.0003      43     
      [ATM-TO-WAV] Init 0                                                  392    1        0.0002      0.0002      555     0.0003      125    
      [MED-TO-ICE] Init 0                                                  336    1        0.0002      0.0002      133     0.0003      156    
      [ICE-TO-MED] Init 0                                                  336    1        0.0002      0.0002      63      0.0003      147    
      [OCN-TO-WAV] RunPhase1                                               200    1        0.0004      0.0002      428     0.0010      497    
      [ATM-TO-MED] Init 0                                                  312    1        0.0002      0.0002      207     0.0006      258    
      [MED-TO-ATM] Init 0                                                  312    1        0.0002      0.0002      265     0.0003      180    
      [ATM] IPDv01p4                                                       312    1        0.0002      0.0002      184     0.0003      0      
      [ATM] IPDv01p5                                                       312    1        0.0002      0.0001      274     0.0003      122    
      [WAV-TO-OCN] Init 0                                                  200    1        0.0002      0.0002      514     0.0003      313    
      [OCN-TO-WAV] Init 0                                                  200    1        0.0002      0.0002      555     0.0004      360    
      [OCN] IPDv03p6                                                       120    1        0.0004      0.0003      405     0.0005      321    
      [EARTH grid component-TO-MED] RunPhase1                              560    1        0.0001      0.0000      522     0.0001      371    
      [ICE-TO-WAV] RunPhase1                                               128    1        0.0003      0.0001      551     0.0004      451    
      [ICE-TO-WAV] Init 0                                                  128    1        0.0002      0.0002      528     0.0003      536    
      [EARTH grid component] IPDv05p2                                      560    1        0.0000      0.0000      405     0.0001      370    
      [EARTH grid component] IPDv05p1                                      560    1        0.0000      0.0000      510     0.0001      335    
      [EARTH grid component-TO-WAV] RunPhase1                              560    1        0.0000      0.0000      528     0.0001      112    
      [EARTH grid component] IPDv05p8                                      560    1        0.0000      0.0000      555     0.0001      1      
      [WAV] Init 0                                                         80     1        0.0002      0.0002      527     0.0003      489    
      [EARTH grid component] IPDv05p6                                      560    1        0.0000      0.0000      65      0.0001      361    
      [WAV] IPDv03p6                                                       80     1        0.0002      0.0001      519     0.0004      524    
      [ICE] IPDv01p4                                                       48     1        0.0003      0.0002      458     0.0004      435    
      [ICE] Init 0                                                         48     1        0.0002      0.0002      472     0.0003      449    
      [ICE] IPDv01p5                                                       48     1        0.0002      0.0001      458     0.0003      433    
  [NEMS Grid Comp] Final 1                                                 560    1        7.0545      0.0103      548     10.2304     15     
    [EARTH grid component] FinalizePhase1                                  560    1        7.0545      0.0103      548     10.2304     15     
      [ATM] FinalizePhase1                                                 312    1        9.3934      0.0152      310     10.1758     35     
        [fv3_fcst] Final 1                                                 288    1        10.1739     10.1717     280     10.1747     35     
        [wrtComp_01] Final 1                                               24     1        0.0136      0.0131      289     0.0138      293    
      [OCN] FinalizePhase1                                                 120    1        8.3483      6.6824      312     8.6578      320    
      [EARTH grid component-TO-MED] FinalizePhase1                         560    1        0.0006      0.0001      385     0.0344      315    
      [WAV] FinalizePhase1                                                 80     1        0.0017      0.0011      541     0.0022      491    
      [MED-TO-OCN] FinalizePhase1                                          408    1        0.0002      0.0001      73      0.0003      322    
      [ATM-TO-WAV] FinalizePhase1                                          392    1        0.0002      0.0001      49      0.0004      510    
      [WAV-TO-OCN] FinalizePhase1                                          200    1        0.0003      0.0001      323     0.0006      344    
      [MED-TO-ATM] FinalizePhase1                                          312    1        0.0002      0.0001      202     0.0003      99     
      [MED-TO-ICE] FinalizePhase1                                          336    1        0.0001      0.0001      129     0.0003      476    
      [WAV-TO-ATM] FinalizePhase1                                          392    1        0.0001      0.0001      210     0.0002      521    
      [OCN-TO-WAV] FinalizePhase1                                          200    1        0.0002      0.0001      422     0.0004      546    
      [OCN-TO-MED] FinalizePhase1                                          408    1        0.0001      0.0001      211     0.0001      390    
      [ICE-TO-MED] FinalizePhase1                                          336    1        0.0001      0.0001      187     0.0002      436    
      [ATM-TO-MED] FinalizePhase1                                          312    1        0.0001      0.0001      137     0.0002      306    
      [EARTH grid component-TO-ATM] FinalizePhase1                         560    1        0.0001      0.0000      73      0.0002      231    
      [MED-TO-EARTH grid component] FinalizePhase1                         560    1        0.0001      0.0000      23      0.0001      280    
      [EARTH grid component-TO-OCN] FinalizePhase1                         560    1        0.0001      0.0000      73      0.0001      280    
      [EARTH grid component-TO-ICE] FinalizePhase1                         560    1        0.0001      0.0000      106     0.0001      161    
      [EARTH grid component-TO-WAV] FinalizePhase1                         560    1        0.0001      0.0000      108     0.0001      280    
      [OCN-TO-EARTH grid component] FinalizePhase1                         560    1        0.0001      0.0000      35      0.0001      272    
      [ICE-TO-EARTH grid component] FinalizePhase1                         560    1        0.0000      0.0000      244     0.0001      301    
      [ATM-TO-EARTH grid component] FinalizePhase1                         560    1        0.0000      0.0000      6       0.0001      280    
      [WAV-TO-EARTH grid component] FinalizePhase1                         560    1        0.0000      0.0000      77      0.0001      354    
      [ICE-TO-WAV] FinalizePhase1                                          128    1        0.0001      0.0001      552     0.0002      514    
      [MED] FinalizePhase1                                                 288    1        0.0000      0.0000      42      0.0002      287    
      [ICE] FinalizePhase1                                                 48     1        0.0000      0.0000      474     0.0001      476    
