********
IMPORTANT: Large deviations between Connector times on different PETs
are typically indicators of load imbalance in the system. The following
Connectors in this profile may indicate a load imbalance:
	 - [MED-TO-OCN] RunPhase1
	 - [MED-TO-ICE] RunPhase1
	 - [ATM-TO-WAV] RunPhase1
	 - [WAV-TO-ATM] RunPhase1
	 - [ATM-TO-MED] RunPhase1
********

Region                                                                   PETs   Count    Mean (s)    Min (s)     Min PET Max (s)     Max PET
  [EARTH Grid Comp] RunPhase1                                            560    1        506.5058    492.1418    489     517.2495    296    
    [ATM] RunPhase1                                                      312    72       443.1274    407.2218    0       517.1844    295    
      [fv3_fcst] Run 1                                                   288    72       415.4483    388.0793    276     445.2321    162    
      [fv3_fcst] Run 2                                                   288    72       21.3620     5.2990      162     53.0819     266    
      [wrtComp_01] Run 1                                                 24     2        41.8113     39.6775     305     43.3769     293    
    [MED-TO-OCN] RunPhase1                                               408    12       102.3936    0.0055      97      348.1789    344    
    [WAV] RunPhase1                                                      80     72       312.8133    304.6310    518     321.4378    487    
    [OCN] RunPhase1                                                      120    12       140.7919    140.4703    320     142.6749    312    
    [MED-TO-ICE] RunPhase1                                               336    72       49.7167     0.0300      287     358.0736    468    
    [ATM-TO-WAV] RunPhase1                                               392    72       30.3823     0.0024      305     148.8817    531    
    [WAV-TO-ATM] RunPhase1                                               392    72       27.0027     0.0025      297     36.7761     283    
    [ICE] RunPhase1                                                      48     72       149.9262    139.6140    468     161.8288    465    
    [MED] med_phases_restart_write                                       288    12       17.1987     10.6050     1       17.3933     24     
      MED:(med_phases_restart_write)                                     288    12       17.1976     10.6038     1       17.3923     24     
    [ATM-TO-MED] RunPhase1                                               312    72       13.2388     0.0055      304     44.0663     0      
    [ICE-TO-MED] RunPhase1                                               336    72       6.8714      0.1577      464     8.2696      148    
    [ICE-TO-WAV] RunPhase1                                               128    72       10.3462     0.0181      479     24.7296     518    
    [OCN-TO-WAV] RunPhase1                                               200    12       5.5397      0.0023      408     13.8525     493    
    [WAV-TO-OCN] RunPhase1                                               200    12       4.3283      0.0031      532     7.2496      375    
    [MED] med_phases_post_ice                                            288    72       0.7316      0.3828      144     2.0663      24     
      MED:(med_phases_post_ice)                                          288    72       0.7224      0.3728      144     2.0573      24     
        MED: (med_fraction_set)                                          288    72       0.3356      0.0452      187     1.6391      24     
          MED: (med_fraction_set) fbfrac(compocn)                        288    72       0.2772      0.0087      121     1.5864      24     
          MED: (med_fraction_set) fbfrac(compatm)                        288    72       0.0558      0.0222      78      1.3441      0      
        MED: (module_MED_map:med_map_field_packed)                       288    72       0.2791      0.2255      133     0.3967      266    
          MED: (module_MED_map:med_map_field_packed) map                 288    72       0.2454      0.1936      62      0.3593      266    
          MED: (module_MED_map:med_map_field_packed) copy from src       288    72       0.0234      0.0151      283     0.0284      26     
          MED: (module_MED_map:med_map_field_packed) copy to dest        288    72       0.0074      0.0049      286     0.0114      1      
        MED:(med_phases_post_ice) map_ice2ocn                            288    72       0.1072      0.0517      18      0.2153      199    
          MED: (module_MED_map:med_map_field_packed)                     288    72       0.1071      0.0516      18      0.2151      199    
            MED: (module_MED_map:med_map_field_packed) map               288    72       0.0805      0.0303      18      0.1885      199    
            MED: (module_MED_map:med_map_field_packed) copy from src     288    72       0.0160      0.0099      287     0.0204      252    
            MED: (module_MED_map:med_map_field_packed) copy to dest      288    72       0.0080      0.0061      287     0.0111      242    
    [MED] med_phases_prep_atm                                            288    72       0.4432      0.3029      199     0.5149      287    
      MED:(med_phases_prep_atm)                                          288    72       0.4349      0.2940      199     0.5079      287    
        MED: (module_MED_map:med_map_field_packed)                       288    144      0.4200      0.2790      199     0.4963      287    
          MED: (module_MED_map:med_map_field_packed) map                 288    144      0.3844      0.2434      199     0.4724      287    
          MED: (module_MED_map:med_map_field_packed) copy from src       288    144      0.0250      0.0153      283     0.0328      119    
          MED: (module_MED_map:med_map_field_packed) copy to dest        288    144      0.0072      0.0053      287     0.0111      1      
        MED: (module_med_merge_mod: med_merge_auto)                      288    72       0.0129      0.0100      283     0.0189      1      
    [MED] med_phases_post_atm                                            288    72       0.2939      0.1212      24      0.3501      64     
      MED:(med_phases_post_atm)                                          288    72       0.2837      0.1111      24      0.3405      64     
        MED:(med_phases_post_atm) map_atm2ocn                            288    72       0.1749      0.0543      243     0.2406      252    
          MED: (module_MED_map:med_map_field_packed)                     288    72       0.1745      0.0541      243     0.2403      252    
            MED: (module_MED_map:med_map_field_packed) map               288    144      0.1500      0.0324      243     0.2152      252    
            MED: (module_MED_map:med_map_field_packed) copy from src     288    144      0.0113      0.0078      286     0.0198      2      
            MED: (module_MED_map:med_map_field_packed) copy to dest      288    144      0.0105      0.0080      285     0.0137      20     
        MED:(med_phases_post_atm) map_atm2ice                            288    72       0.1084      0.0435      132     0.2753      204    
          MED: (module_MED_map:med_map_field_packed)                     288    72       0.1082      0.0434      132     0.2752      204    
            MED: (module_MED_map:med_map_field_packed) map               288    72       0.0822      0.0176      132     0.2494      204    
            MED: (module_MED_map:med_map_field_packed) copy from src     288    72       0.0130      0.0086      287     0.0234      3      
            MED: (module_MED_map:med_map_field_packed) copy to dest      288    72       0.0109      0.0086      287     0.0136      189    
    [MED-TO-ATM] RunPhase1                                               312    72       0.1499      0.0044      305     0.2450      197    
    [MED] med_phases_post_ocn                                            288    12       0.1135      0.0099      281     6.8026      6      
      MED:(med_phases_post_ocn)                                          288    12       0.1122      0.0088      281     6.8013      6      
        MED:(med_phases_post_ocn) map_ocn2ice                            288    12       0.1122      0.0087      281     6.8013      6      
          MED: (module_MED_map:med_map_field_packed)                     288    12       0.1122      0.0087      281     6.8012      6      
            MED: (module_MED_map:med_map_field_packed) map               288    12       0.1090      0.0062      281     6.7987      6      
            MED: (module_MED_map:med_map_field_packed) copy from src     288    12       0.0018      0.0013      284     0.0026      164    
            MED: (module_MED_map:med_map_field_packed) copy to dest      288    12       0.0012      0.0009      129     0.0017      3      
    [MED] med_phases_prep_ocn_accum                                      288    72       0.1033      0.0948      285     0.1175      39     
      MED:(med_phases_prep_ocn_accum)                                    288    72       0.0962      0.0885      285     0.1097      39     
        MED:(med_phases_prep_ocn_custom_nems)                            288    72       0.0405      0.0371      134     0.0473      39     
        MED: (module_med_merge_mod: med_merge_auto)                      288    72       0.0141      0.0115      285     0.0179      241    
    [OCN-TO-MED] RunPhase1                                               408    12       0.0422      0.0059      251     6.7938      1      
    [MED] med_phases_prep_ice                                            288    72       0.0400      0.0292      120     0.0486      244    
      MED:(med_phases_prep_ice)                                          288    72       0.0324      0.0225      120     0.0398      244    
        MED: (module_med_merge_mod: med_merge_auto)                      288    72       0.0322      0.0223      120     0.0396      233    
    [MED] med_phases_prep_ocn_avg                                        288    12       0.0142      0.0132      285     0.0159      25     
      MED:(med_phases_prep_ocn_avg)                                      288    12       0.0131      0.0122      285     0.0147      25     
  [EARTH Grid Comp] Init 1                                               560    1        103.8099    103.8022    520     103.8160    7      
    [ATM] IPDvXp01                                                       312    1        45.3021     45.2174     297     45.3137     1      
      [fv3_fcst] Init 1                                                  288    1        39.9495     39.9414     286     39.9586     25     
      [wrtComp_01] Init 1                                                24     1        0.0413      0.0403      309     0.0479      302    
    [WAV-TO-OCN] IPDv05p6b                                               200    1        13.4277     10.6005     508     15.3125     315    
    [WAV-TO-ATM] IPDv05p6b                                               392    1        4.7518      2.6346      485     7.3306      303    
    [OCN] IPDv03p1                                                       120    1        12.0909     12.0895     319     12.0955     381    
    [MED] IPDv03p7                                                       288    2        5.0156      5.0082      144     5.0325      13     
      MED: (module_med_map: RouteHandles_init)                           288    1        3.3589      3.3503      1       3.3640      136    
      MED: (med_fraction_init)                                           288    1        1.5396      1.5340      96      1.5552      1      
        MED: (module_MED_map:med_map_routehandles_initfrom_fieldbundle)  288    2        1.5371      1.5308      286     1.5527      41     
      MED:(med_phases_post_ice)                                          288    1        0.0069      0.0048      69      0.0091      24     
        MED: (module_MED_map:med_map_field_packed)                       288    1        0.0040      0.0028      76      0.0059      266    
          MED: (module_MED_map:med_map_field_packed) map                 288    1        0.0034      0.0021      75      0.0054      265    
          MED: (module_MED_map:med_map_field_packed) copy from src       288    1        0.0004      0.0002      282     0.0007      208    
          MED: (module_MED_map:med_map_field_packed) copy to dest        288    1        0.0001      0.0001      48      0.0001      1      
        MED:(med_phases_post_ice) map_ice2ocn                            288    1        0.0017      0.0006      18      0.0037      76     
          MED: (module_MED_map:med_map_field_packed)                     288    1        0.0017      0.0006      18      0.0037      76     
            MED: (module_MED_map:med_map_field_packed) map               288    1        0.0013      0.0003      18      0.0035      76     
            MED: (module_MED_map:med_map_field_packed) copy from src     288    1        0.0003      0.0001      142     0.0005      246    
            MED: (module_MED_map:med_map_field_packed) copy to dest      288    1        0.0001      0.0001      120     0.0002      220    
        MED: (med_fraction_set)                                          288    1        0.0012      0.0005      187     0.0029      24     
          MED: (med_fraction_set) fbfrac(compocn)                        288    1        0.0006      0.0001      204     0.0024      24     
          MED: (med_fraction_set) fbfrac(compatm)                        288    1        0.0005      0.0001      183     0.0012      17     
      MED:(med_phases_post_atm)                                          288    1        0.0039      0.0019      24      0.0048      187    
        MED:(med_phases_post_atm) map_atm2ocn                            288    1        0.0024      0.0007      203     0.0033      113    
          MED: (module_MED_map:med_map_field_packed)                     288    1        0.0024      0.0007      203     0.0033      113    
            MED: (module_MED_map:med_map_field_packed) map               288    2        0.0020      0.0004      203     0.0030      113    
            MED: (module_MED_map:med_map_field_packed) copy from src     288    2        0.0002      0.0001      286     0.0005      0      
            MED: (module_MED_map:med_map_field_packed) copy to dest      288    2        0.0001      0.0001      286     0.0002      250    
        MED:(med_phases_post_atm) map_atm2ice                            288    1        0.0015      0.0006      284     0.0037      205    
          MED: (module_MED_map:med_map_field_packed)                     288    1        0.0015      0.0006      284     0.0037      205    
            MED: (module_MED_map:med_map_field_packed) map               288    1        0.0011      0.0003      219     0.0032      205    
            MED: (module_MED_map:med_map_field_packed) copy from src     288    1        0.0002      0.0001      239     0.0007      3      
            MED: (module_MED_map:med_map_field_packed) copy to dest      288    1        0.0002      0.0001      136     0.0002      169    
      MED: (module_MED_MAP:MapNorm_init)                                 288    1        0.0030      0.0026      156     0.0034      242    
      MED: (med_fraction_set)                                            288    1        0.0019      0.0005      1       0.0023      217    
        MED: (med_fraction_set) fbfrac(compatm)                          288    1        0.0011      0.0001      30      0.0020      174    
        MED: (med_fraction_set) fbfrac(compocn)                          288    1        0.0008      0.0001      144     0.0019      58     
      MED:(med_phases_post_ocn)                                          288    1        0.0015      0.0006      223     0.0038      70     
        MED:(med_phases_post_ocn) map_ocn2ice                            288    1        0.0015      0.0005      223     0.0038      70     
          MED: (module_MED_map:med_map_field_packed)                     288    1        0.0015      0.0005      223     0.0038      70     
            MED: (module_MED_map:med_map_field_packed) map               288    1        0.0012      0.0003      223     0.0034      70     
            MED: (module_MED_map:med_map_field_packed) copy from src     288    1        0.0002      0.0001      139     0.0004      208    
            MED: (module_MED_map:med_map_field_packed) copy to dest      288    1        0.0001      0.0001      122     0.0001      108    
      MED:(med_phases_profile)                                           288    1        0.0002      0.0001      285     0.0009      6      
    [ICE-TO-MED] IPDv05p6b                                               336    1        2.1485      1.9163      237     3.5415      473    
    [MED-TO-ICE] IPDv05p6b                                               336    1        2.0160      1.9292      96      2.5369      436    
    [ATM-TO-WAV] IPDv05p6b                                               392    1        1.6471      1.1076      11      3.7511      541    
    [OCN-TO-MED] IPDv05p6b                                               408    1        1.2460      0.2828      259     3.5541      393    
    [OCN-TO-WAV] IPDv05p6b                                               200    1        2.4451      2.3294      393     2.6191      533    
    [ICE] IPDv01p1                                                       48     1        9.6541      8.9709      478     10.4254     432    
    [ICE-TO-WAV] IPDv05p6b                                               128    1        2.2319      2.0767      533     2.4902      434    
    [OCN-TO-MED] IPDv05p5                                                408    1        0.4906      0.2127      175     1.1554      313    
    [ATM-TO-MED] IPDv05p5                                                312    1        0.5894      0.5456      41      1.1022      289    
    [MED-TO-ATM] IPDv05p5                                                312    1        0.5565      0.5557      309     0.5579      51     
    [MED-TO-OCN] IPDv05p5                                                408    1        0.4046      0.2402      51      0.7973      363    
    [ATM-TO-WAV] IPDv05p5                                                392    1        0.4184      0.0787      103     1.7387      482    
    [ICE-TO-MED] IPDv05p5                                                336    1        0.4516      0.3305      4       1.1731      460    
    [MED-TO-OCN] IPDv05p6b                                               408    1        0.3611      0.3092      175     0.4860      389    
    [MED-TO-ICE] IPDv05p5                                                336    1        0.4282      0.3139      244     1.1136      459    
    [ATM-TO-MED] IPDv05p6b                                               312    1        0.4001      0.2279      198     2.4664      303    
    [MED] IPDv03p4                                                       288    1        0.3109      0.3095      160     0.3127      20     
    [MED] IPDv03p5                                                       288    1        0.2832      0.2614      64      0.4820      226    
    [OCN-TO-MED] IPDv05p6a                                               408    1        0.1943      0.1063      150     0.4053      341    
    [OCN-TO-MED] IPDv05p3                                                408    1        0.1823      0.0759      175     0.4348      391    
    [ATM-TO-WAV] IPDv05p3                                                392    1        0.1849      0.0996      277     0.5132      534    
    [MED-TO-ATM] IPDv05p6b                                               312    1        0.2281      0.2268      161     0.2293      285    
    [OCN-TO-MED] IPDv05p4                                                408    1        0.1699      0.0876      179     0.3657      319    
    [ATM-TO-WAV] IPDv05p6a                                               392    1        0.1653      0.0753      195     0.5129      482    
    [OCN-TO-MED] IPDv05p1                                                408    1        0.1557      0.0737      96      0.3480      416    
    [ATM-TO-WAV] IPDv05p1                                                392    1        0.1606      0.0929      87      0.4250      502    
    [OCN-TO-MED] IPDv05p2b                                               408    1        0.1518      0.0654      217     0.3575      366    
    [ATM-TO-WAV] IPDv05p4                                                392    1        0.1539      0.0744      92      0.4605      488    
    [ATM-TO-WAV] IPDv05p2b                                               392    1        0.1533      0.0887      228     0.4011      504    
    [MED-TO-OCN] IPDv05p6a                                               408    1        0.1467      0.1162      94      0.2178      338    
    [WAV-TO-OCN] IPDv05p5                                                200    1        0.2952      0.0481      510     0.4600      398    
    [OCN-TO-MED] IPDv05p2a                                               408    1        0.1433      0.0659      217     0.3270      361    
    [ICE-TO-MED] IPDv05p4                                                336    1        0.1700      0.1334      89      0.3849      450    
    [ATM-TO-WAV] IPDv05p2a                                               392    1        0.1457      0.0874      292     0.3690      531    
    [OCN] IPDv03p3                                                       120    1        0.4750      0.4739      404     0.4766      321    
    [ATM-TO-MED] IPDv05p3                                                312    1        0.1748      0.1599      178     0.3524      305    
    [ICE-TO-MED] IPDv05p3                                                336    1        0.1619      0.1136      230     0.4518      438    
    [WAV-TO-ATM] IPDv05p5                                                392    1        0.1374      0.0682      532     0.6588      296    
    [ICE-TO-MED] IPDv05p6a                                               336    1        0.1576      0.1146      81      0.4089      477    
    [MED-TO-OCN] IPDv05p4                                                408    1        0.1290      0.1061      263     0.1840      343    
    [MED-TO-ICE] IPDv05p4                                                336    1        0.1425      0.1149      115     0.3004      440    
    [MED-TO-ICE] IPDv05p6a                                               336    1        0.1419      0.1081      84      0.3284      448    
    [MED-TO-OCN] IPDv05p3                                                408    1        0.1128      0.0960      199     0.1538      350    
    [WAV-TO-ATM] IPDv05p6a                                               392    1        0.1174      0.0696      489     0.3361      290    
    [WAV-TO-ATM] IPDv05p4                                                392    1        0.1155      0.0690      507     0.3334      298    
    [MED-TO-ICE] IPDv05p3                                                336    1        0.1322      0.0964      169     0.3475      436    
    [ATM-TO-MED] IPDv05p2b                                               312    1        0.1419      0.1299      172     0.2749      300    
    [MED-TO-OCN] IPDv05p1                                                408    1        0.1047      0.0830      88      0.1557      326    
    [ATM-TO-MED] IPDv05p6a                                               312    1        0.1258      0.1072      235     0.3368      308    
    [ICE-TO-MED] IPDv05p1                                                336    1        0.1154      0.0756      85      0.3463      472    
    [ICE-TO-MED] IPDv05p2b                                               336    1        0.1116      0.0694      80      0.3587      476    
    [WAV-TO-ATM] IPDv05p3                                                392    1        0.0944      0.0610      522     0.2801      292    
    [WAV-TO-OCN] IPDv05p4                                                200    1        0.1828      0.0565      482     0.2674      394    
    [MED-TO-ATM] IPDv05p6a                                               312    1        0.1168      0.0991      311     0.3151      0      
    [WAV-TO-ATM] IPDv05p1                                                392    1        0.0930      0.0596      518     0.2445      293    
    [WAV-TO-ATM] IPDv05p2b                                               392    1        0.0929      0.0622      518     0.2280      288    
    [ICE-TO-MED] IPDv05p2a                                               336    1        0.1065      0.0684      86      0.3285      479    
    [WAV-TO-ATM] IPDv05p2a                                               392    1        0.0906      0.0603      559     0.2256      292    
    [ATM-TO-MED] IPDv05p2a                                               312    1        0.1131      0.1012      117     0.2461      300    
    [MED-TO-OCN] IPDv05p2a                                               408    1        0.0857      0.0745      90      0.1124      409    
    [MED-TO-OCN] IPDv05p2b                                               408    1        0.0850      0.0736      95      0.1110      396    
    [ATM-TO-MED] IPDv05p1                                                312    1        0.1099      0.0968      234     0.2588      288    
    [WAV-TO-OCN] IPDv05p6a                                               200    1        0.1673      0.0508      541     0.2451      316    
    [MED-TO-ICE] IPDv05p1                                                336    1        0.0989      0.0756      218     0.2305      448    
    [MED-TO-ICE] IPDv05p2b                                               336    1        0.0985      0.0666      49      0.2754      459    
    [MED-TO-ICE] IPDv05p2a                                               336    1        0.0977      0.0653      104     0.2755      453    
    [WAV] IPDv03p1                                                       80     1        0.4079      0.4072      556     0.4086      494    
    [ATM-TO-MED] IPDv05p4                                                312    1        0.1022      0.0841      35      0.3080      307    
    [ICE-TO-WAV] IPDv05p5                                                128    1        0.2297      0.0424      460     0.3419      489    
    [WAV-TO-OCN] IPDv05p3                                                200    1        0.1420      0.0355      539     0.2131      369    
    [MED-TO-ATM] IPDv05p3                                                312    1        0.0868      0.0847      161     0.0937      311    
    [MED] IPDv03p1                                                       288    1        0.0839      0.0785      256     0.1011      121    
    [MED-TO-ATM] IPDv05p4                                                312    1        0.0774      0.0766      311     0.0783      5      
    [OCN-TO-WAV] IPDv05p5                                                200    1        0.1199      0.0339      313     0.2491      527    
    [WAV-TO-OCN] IPDv05p2b                                               200    1        0.1164      0.0350      482     0.1708      312    
    [WAV-TO-OCN] IPDv05p1                                                200    1        0.1158      0.0362      480     0.1689      381    
    [MED-TO-ATM] IPDv05p1                                                312    1        0.0720      0.0706      305     0.0770      0      
    [WAV-TO-OCN] IPDv05p2a                                               200    1        0.1120      0.0338      482     0.1642      315    
    [MED-TO-ATM] IPDv05p2a                                               312    1        0.0711      0.0700      110     0.0723      154    
    [MED-TO-ATM] IPDv05p2b                                               312    1        0.0704      0.0696      107     0.0717      255    
    [WAV] IPDv03p3                                                       80     1        0.2743      0.2738      559     0.2750      504    
    [OCN-TO-WAV] IPDv05p6a                                               200    1        0.0779      0.0324      341     0.1429      535    
    [OCN-TO-WAV] IPDv05p4                                                200    1        0.0706      0.0347      369     0.1249      527    
    [OCN-TO-WAV] IPDv05p1                                                200    1        0.0659      0.0323      394     0.1134      532    
    [ICE-TO-WAV] IPDv05p4                                                128    1        0.1021      0.0385      460     0.1402      490    
    [ICE-TO-WAV] IPDv05p6a                                               128    1        0.0924      0.0411      440     0.1234      489    
    [OCN-TO-WAV] IPDv05p3                                                200    1        0.0563      0.0248      313     0.1038      515    
    [OCN-TO-WAV] IPDv05p2a                                               200    1        0.0549      0.0273      361     0.0962      539    
    [OCN-TO-WAV] IPDv05p2b                                               200    1        0.0527      0.0252      376     0.0940      535    
    [ICE-TO-WAV] IPDv05p3                                                128    1        0.0815      0.0261      436     0.1149      493    
    [ICE-TO-WAV] IPDv05p1                                                128    1        0.0555      0.0288      460     0.0718      490    
    [ICE-TO-WAV] IPDv05p2b                                               128    1        0.0547      0.0262      460     0.0717      558    
    [ICE-TO-WAV] IPDv05p2a                                               128    1        0.0526      0.0262      460     0.0686      489    
    [ICE-TO-MED] RunPhase1                                               336    1        0.0194      0.0050      438     0.0274      283    
    [WAV] IPDv03p7                                                       80     2        0.0545      0.0542      559     0.0548      553    
    [EARTH Grid Comp] IPDv04p2                                           560    1        0.0063      0.0014      553     0.0099      193    
    [ATM] IPDvXp04                                                       312    1        0.0077      0.0000      309     0.0092      41     
    [ICE] IPDv01p3                                                       48     1        0.0492      0.0457      434     0.0511      440    
    [MED] IPDv03p3                                                       288    1        0.0064      0.0061      156     0.0068      161    
    [ATM-TO-MED] RunPhase1                                               312    1        0.0021      0.0002      303     0.0026      14     
    [OCN-TO-MED] RunPhase1                                               408    1        0.0013      0.0004      2       0.0021      200    
    [EARTH Grid Comp] IPDv05p3                                           560    1        0.0008      0.0004      540     0.0011      214    
    [MED-TO-ATM] Init 0                                                  312    1        0.0010      0.0002      300     0.0018      111    
    [MED] IPDv03p6                                                       288    1        0.0009      0.0007      0       0.0013      285    
    [ATM] Init 0                                                         312    1        0.0007      0.0005      22      0.0020      126    
    [OCN] IPDv03p7                                                       120    1        0.0018      0.0015      407     0.0021      352    
    [ATM-TO-WAV] RunPhase1                                               392    1        0.0005      0.0001      303     0.0017      485    
    [MED] Init 0                                                         288    1        0.0005      0.0004      40      0.0022      0      
    [ATM] IPDvXp07                                                       312    1        0.0004      0.0002      144     0.0005      296    
    [OCN] Init 0                                                         120    1        0.0010      0.0008      316     0.0011      320    
    [MED-TO-OCN] Init 0                                                  408    1        0.0003      0.0002      94      0.0003      180    
    [OCN-TO-MED] Init 0                                                  408    1        0.0002      0.0002      322     0.0003      5      
    [WAV-TO-ATM] Init 0                                                  392    1        0.0002      0.0002      504     0.0007      16     
    [ATM-TO-WAV] Init 0                                                  392    1        0.0002      0.0002      507     0.0003      96     
    [OCN-TO-WAV] RunPhase1                                               200    1        0.0004      0.0002      413     0.0011      517    
    [MED-TO-ICE] Init 0                                                  336    1        0.0002      0.0002      95      0.0003      24     
    [ICE-TO-MED] Init 0                                                  336    1        0.0002      0.0002      125     0.0003      471    
    [ICE-TO-WAV] Init 0                                                  128    1        0.0006      0.0002      449     0.0011      485    
    [ATM-TO-MED] Init 0                                                  312    1        0.0002      0.0002      14      0.0003      28     
    [OCN-TO-WAV] Init 0                                                  200    1        0.0003      0.0002      409     0.0003      386    
    [OCN] IPDv03p6                                                       120    1        0.0004      0.0003      315     0.0006      405    
    [WAV-TO-OCN] Init 0                                                  200    1        0.0002      0.0002      504     0.0003      542    
    [ICE] Init 0                                                         48     1        0.0008      0.0008      447     0.0009      432    
    [ATM] IPDvXp08                                                       312    1        0.0001      0.0001      48      0.0002      294    
    [EARTH Grid Comp] IPDv05p1                                           560    1        0.0001      0.0000      559     0.0002      162    
    [ICE-TO-WAV] RunPhase1                                               128    1        0.0003      0.0001      507     0.0006      432    
    [EARTH Grid Comp] IPDv05p4                                           560    1        0.0000      0.0000      56      0.0001      84     
    [WAV] IPDv03p6                                                       80     1        0.0002      0.0002      500     0.0004      540    
    [WAV] Init 0                                                         80     1        0.0002      0.0002      500     0.0003      520    
    [EARTH Grid Comp] IPDv05p8                                           560    1        0.0000      0.0000      551     0.0001      325    
    [EARTH Grid Comp] IPDv05p2                                           560    1        0.0000      0.0000      436     0.0001      547    
    [ICE] IPDv01p4                                                       48     1        0.0004      0.0003      449     0.0005      473    
    [EARTH Grid Comp] IPDv05p6                                           560    1        0.0000      0.0000      46      0.0001      536    
    [ICE] IPDv01p5                                                       48     1        0.0002      0.0001      472     0.0005      445    
  [EARTH Grid Comp] FinalizePhase1                                       560    1        15.1934     0.0052      508     24.0179     216    
    [ATM] FinalizePhase1                                                 312    1        22.1273     0.0033      311     23.9716     45     
      [fv3_fcst] Final 1                                                 288    1        23.9701     23.9694     269     23.9708     1      
      [wrtComp_01] Final 1                                               24     1        0.0001      0.0000      309     0.0001      308    
    [OCN] FinalizePhase1                                                 120    1        13.2524     11.3952     312     13.5469     320    
    [WAV] FinalizePhase1                                                 80     1        0.0019      0.0011      508     0.0032      515    
    [MED-TO-ATM] FinalizePhase1                                          312    1        0.0004      0.0002      97      0.0006      241    
    [MED-TO-OCN] FinalizePhase1                                          408    1        0.0002      0.0001      97      0.0003      48     
    [ATM-TO-WAV] FinalizePhase1                                          392    1        0.0002      0.0001      297     0.0006      508    
    [WAV-TO-OCN] FinalizePhase1                                          200    1        0.0003      0.0001      390     0.0006      336    
    [MED-TO-ICE] FinalizePhase1                                          336    1        0.0001      0.0001      83      0.0004      439    
    [OCN-TO-WAV] FinalizePhase1                                          200    1        0.0002      0.0001      411     0.0004      554    
    [WAV-TO-ATM] FinalizePhase1                                          392    1        0.0001      0.0001      549     0.0002      520    
    [OCN-TO-MED] FinalizePhase1                                          408    1        0.0001      0.0001      83      0.0001      401    
    [ICE-TO-MED] FinalizePhase1                                          336    1        0.0001      0.0001      128     0.0002      438    
    [ATM-TO-MED] FinalizePhase1                                          312    1        0.0001      0.0001      124     0.0002      296    
    [ICE-TO-WAV] FinalizePhase1                                          128    1        0.0001      0.0001      559     0.0002      554    
    [MED] FinalizePhase1                                                 288    1        0.0000      0.0000      74      0.0001      0      
    [ICE] FinalizePhase1                                                 48     1        0.0000      0.0000      475     0.0001      432    
